=== RUN   TestManualPublicImageZeroPrePull
    imagedigest_manual_test.go:67: resolved ghcr.io/astral-sh/uv:latest -> sha256:04d046b13e60d6bcec73cbc5e1cad25d680dea90c8573340950a0ac2d1aef424 (registry-first, no local inspect)
    imagedigest_manual_test.go:102: task xu14pgsbfc7eleln81wvh26rc state=new desired=running err=""
    imagedigest_manual_test.go:102: task xu14pgsbfc7eleln81wvh26rc state=preparing desired=running err=""
    imagedigest_manual_test.go:102: task xu14pgsbfc7eleln81wvh26rc state=preparing desired=running err=""
    imagedigest_manual_test.go:102: task xu14pgsbfc7eleln81wvh26rc state=preparing desired=running err=""
    imagedigest_manual_test.go:102: task xu14pgsbfc7eleln81wvh26rc state=preparing desired=running err=""
    imagedigest_manual_test.go:102: task xu14pgsbfc7eleln81wvh26rc state=preparing desired=running err=""
    imagedigest_manual_test.go:102: task xu14pgsbfc7eleln81wvh26rc state=preparing desired=running err=""
    imagedigest_manual_test.go:102: task xu14pgsbfc7eleln81wvh26rc state=preparing desired=running err=""
    imagedigest_manual_test.go:102: task xu14pgsbfc7eleln81wvh26rc state=preparing desired=running err=""
    imagedigest_manual_test.go:102: task xu14pgsbfc7eleln81wvh26rc state=preparing desired=running err=""
    imagedigest_manual_test.go:102: task xu14pgsbfc7eleln81wvh26rc state=preparing desired=running err=""
    imagedigest_manual_test.go:102: task xu14pgsbfc7eleln81wvh26rc state=preparing desired=running err=""
    imagedigest_manual_test.go:102: task xu14pgsbfc7eleln81wvh26rc state=preparing desired=running err=""
    imagedigest_manual_test.go:102: task xu14pgsbfc7eleln81wvh26rc state=preparing desired=running err=""
    imagedigest_manual_test.go:102: task xu14pgsbfc7eleln81wvh26rc state=preparing desired=running err=""
    imagedigest_manual_test.go:102: task xu14pgsbfc7eleln81wvh26rc state=preparing desired=running err=""
    imagedigest_manual_test.go:102: task xu14pgsbfc7eleln81wvh26rc state=preparing desired=running err=""
    imagedigest_manual_test.go:102: task xu14pgsbfc7eleln81wvh26rc state=preparing desired=running err=""
    imagedigest_manual_test.go:102: task xu14pgsbfc7eleln81wvh26rc state=preparing desired=running err=""
    imagedigest_manual_test.go:102: task xu14pgsbfc7eleln81wvh26rc state=preparing desired=running err=""
    imagedigest_manual_test.go:102: task xu14pgsbfc7eleln81wvh26rc state=preparing desired=running err=""
    imagedigest_manual_test.go:102: task xu14pgsbfc7eleln81wvh26rc state=preparing desired=running err=""
    imagedigest_manual_test.go:102: task xu14pgsbfc7eleln81wvh26rc state=preparing desired=running err=""
    imagedigest_manual_test.go:102: task xu14pgsbfc7eleln81wvh26rc state=preparing desired=running err=""
    imagedigest_manual_test.go:102: task xu14pgsbfc7eleln81wvh26rc state=preparing desired=running err=""
    imagedigest_manual_test.go:102: task xu14pgsbfc7eleln81wvh26rc state=preparing desired=running err=""
    imagedigest_manual_test.go:102: task xu14pgsbfc7eleln81wvh26rc state=preparing desired=running err=""
    imagedigest_manual_test.go:102: task xu14pgsbfc7eleln81wvh26rc state=preparing desired=running err=""
    imagedigest_manual_test.go:102: task xu14pgsbfc7eleln81wvh26rc state=preparing desired=running err=""
    imagedigest_manual_test.go:102: task xu14pgsbfc7eleln81wvh26rc state=preparing desired=running err=""
    imagedigest_manual_test.go:102: task xu14pgsbfc7eleln81wvh26rc state=preparing desired=running err=""
    imagedigest_manual_test.go:102: task xu14pgsbfc7eleln81wvh26rc state=preparing desired=running err=""
    imagedigest_manual_test.go:102: task xu14pgsbfc7eleln81wvh26rc state=preparing desired=running err=""
    imagedigest_manual_test.go:102: task xu14pgsbfc7eleln81wvh26rc state=preparing desired=running err=""
    imagedigest_manual_test.go:102: task xu14pgsbfc7eleln81wvh26rc state=preparing desired=running err=""
    imagedigest_manual_test.go:102: task xu14pgsbfc7eleln81wvh26rc state=preparing desired=running err=""
    imagedigest_manual_test.go:102: task xu14pgsbfc7eleln81wvh26rc state=preparing desired=running err=""
    imagedigest_manual_test.go:102: task xu14pgsbfc7eleln81wvh26rc state=preparing desired=running err=""
    imagedigest_manual_test.go:102: task xu14pgsbfc7eleln81wvh26rc state=preparing desired=running err=""
    imagedigest_manual_test.go:102: task xu14pgsbfc7eleln81wvh26rc state=preparing desired=running err=""
    imagedigest_manual_test.go:102: task xu14pgsbfc7eleln81wvh26rc state=preparing desired=running err=""
    imagedigest_manual_test.go:102: task xu14pgsbfc7eleln81wvh26rc state=preparing desired=running err=""
    imagedigest_manual_test.go:102: task xu14pgsbfc7eleln81wvh26rc state=preparing desired=running err=""
    imagedigest_manual_test.go:102: task xu14pgsbfc7eleln81wvh26rc state=preparing desired=running err=""
    imagedigest_manual_test.go:102: task xu14pgsbfc7eleln81wvh26rc state=preparing desired=running err=""
    imagedigest_manual_test.go:102: task xu14pgsbfc7eleln81wvh26rc state=preparing desired=running err=""
    imagedigest_manual_test.go:102: task xu14pgsbfc7eleln81wvh26rc state=preparing desired=running err=""
    imagedigest_manual_test.go:102: task xu14pgsbfc7eleln81wvh26rc state=preparing desired=running err=""
    imagedigest_manual_test.go:102: task xu14pgsbfc7eleln81wvh26rc state=preparing desired=running err=""
    imagedigest_manual_test.go:102: task xu14pgsbfc7eleln81wvh26rc state=preparing desired=running err=""
    imagedigest_manual_test.go:102: task xu14pgsbfc7eleln81wvh26rc state=preparing desired=running err=""
    imagedigest_manual_test.go:102: task xu14pgsbfc7eleln81wvh26rc state=preparing desired=running err=""
    imagedigest_manual_test.go:102: task xu14pgsbfc7eleln81wvh26rc state=preparing desired=running err=""
    imagedigest_manual_test.go:102: task xu14pgsbfc7eleln81wvh26rc state=preparing desired=running err=""
    imagedigest_manual_test.go:102: task xu14pgsbfc7eleln81wvh26rc state=preparing desired=running err=""
    imagedigest_manual_test.go:102: task xu14pgsbfc7eleln81wvh26rc state=preparing desired=running err=""
    imagedigest_manual_test.go:102: task xu14pgsbfc7eleln81wvh26rc state=preparing desired=running err=""
    imagedigest_manual_test.go:102: task xu14pgsbfc7eleln81wvh26rc state=preparing desired=running err=""
    imagedigest_manual_test.go:102: task xu14pgsbfc7eleln81wvh26rc state=preparing desired=running err=""
    imagedigest_manual_test.go:102: task xu14pgsbfc7eleln81wvh26rc state=preparing desired=running err=""
    imagedigest_manual_test.go:102: task xu14pgsbfc7eleln81wvh26rc state=preparing desired=running err=""
    imagedigest_manual_test.go:102: task xu14pgsbfc7eleln81wvh26rc state=preparing desired=running err=""
    imagedigest_manual_test.go:102: task xu14pgsbfc7eleln81wvh26rc state=preparing desired=running err=""
    imagedigest_manual_test.go:102: task xu14pgsbfc7eleln81wvh26rc state=preparing desired=running err=""
    imagedigest_manual_test.go:102: task xu14pgsbfc7eleln81wvh26rc state=preparing desired=running err=""
    imagedigest_manual_test.go:102: task xu14pgsbfc7eleln81wvh26rc state=preparing desired=running err=""
    imagedigest_manual_test.go:102: task xu14pgsbfc7eleln81wvh26rc state=preparing desired=running err=""
    imagedigest_manual_test.go:102: task xu14pgsbfc7eleln81wvh26rc state=preparing desired=running err=""
    imagedigest_manual_test.go:102: task xu14pgsbfc7eleln81wvh26rc state=preparing desired=running err=""
    imagedigest_manual_test.go:102: task xu14pgsbfc7eleln81wvh26rc state=preparing desired=running err=""
    imagedigest_manual_test.go:102: task xu14pgsbfc7eleln81wvh26rc state=preparing desired=running err=""
    imagedigest_manual_test.go:102: task xu14pgsbfc7eleln81wvh26rc state=preparing desired=running err=""
    imagedigest_manual_test.go:102: task xu14pgsbfc7eleln81wvh26rc state=preparing desired=running err=""
    imagedigest_manual_test.go:102: task xu14pgsbfc7eleln81wvh26rc state=preparing desired=running err=""
    imagedigest_manual_test.go:102: task xu14pgsbfc7eleln81wvh26rc state=preparing desired=running err=""
    imagedigest_manual_test.go:102: task xu14pgsbfc7eleln81wvh26rc state=preparing desired=running err=""
    imagedigest_manual_test.go:102: task xu14pgsbfc7eleln81wvh26rc state=preparing desired=running err=""
    imagedigest_manual_test.go:102: task xu14pgsbfc7eleln81wvh26rc state=preparing desired=running err=""
    imagedigest_manual_test.go:102: task xu14pgsbfc7eleln81wvh26rc state=preparing desired=running err=""
    imagedigest_manual_test.go:102: task xu14pgsbfc7eleln81wvh26rc state=complete desired=shutdown err=""
    imagedigest_manual_test.go:108: zero-pre-pull digest deploy succeeded: ghcr.io/astral-sh/uv:latest -> sha256:04d046b13e60d6bcec73cbc5e1cad25d680dea90c8573340950a0ac2d1aef424
--- PASS: TestManualPublicImageZeroPrePull (238.60s)
PASS
ok  	github.com/fleetlyrun/fleetly/internal/substrate	244.259s
