1790516456286540632|network|create|lmx9sldoqt8ctsr3sv1mrcbqu|fleetly-founder-default-ord1-net
1790516456291496937|network|update|lmx9sldoqt8ctsr3sv1mrcbqu|fleetly-founder-default-ord1-net
1790516456294377196|service|create|j7059ionzilflykk4zx3pgg9l|fleetly-founder-default-ord1-base
1790516456296392949|service|update|j7059ionzilflykk4zx3pgg9l|fleetly-founder-default-ord1-base
1790516456300406322|service|create|h4yr5kdktznfklr4bjl6p8g1u|fleetly-founder-default-ord1-leaf
1790516456317164760|service|create|qchhcyndd34zl4v5mlkye5u7p|fleetly-founder-default-ord1-mid
1790516456321438374|service|update|h4yr5kdktznfklr4bjl6p8g1u|fleetly-founder-default-ord1-leaf
1790516456337405392|service|update|qchhcyndd34zl4v5mlkye5u7p|fleetly-founder-default-ord1-mid
1790516456403601859|node|update|hqc8kvf73o3ubo1vxd6i58z2y|s4
1790516456647345949|network|create|lmx9sldoqt8ctsr3sv1mrcbqu|fleetly-founder-default-ord1-net
1790516456808288346|container|create|698d8fd4b7935e30221d6f808e47033b5b69a07f68e1e8db2eea58dd1504ea12|fleetly-founder-default-ord1-leaf.1.vpk2bpgme77muc8o65q2tbdzz
1790516456830348276|container|create|0acab2935ffe06cc91d415cafb956d16fa2e27881e9e5b36da2d7f0e0a785f1c|fleetly-founder-default-ord1-base.1.mkxbor6qrn8pgp5ibyh6mkomi
1790516456836467803|container|create|3d3564dbf5ebdca3137ac7a34763feff4333f62fc58aa34c76a6eebf6024f589|fleetly-founder-default-ord1-mid.1.z505qwtghrug960y75c9trcz7
1790516457246479527|network|connect|lmx9sldoqt8ctsr3sv1mrcbqu|fleetly-founder-default-ord1-net
1790516457264358123|container|start|698d8fd4b7935e30221d6f808e47033b5b69a07f68e1e8db2eea58dd1504ea12|fleetly-founder-default-ord1-leaf.1.vpk2bpgme77muc8o65q2tbdzz
1790516457322380829|network|connect|lmx9sldoqt8ctsr3sv1mrcbqu|fleetly-founder-default-ord1-net
1790516457353348803|container|start|0acab2935ffe06cc91d415cafb956d16fa2e27881e9e5b36da2d7f0e0a785f1c|fleetly-founder-default-ord1-base.1.mkxbor6qrn8pgp5ibyh6mkomi
1790516457412321209|network|connect|lmx9sldoqt8ctsr3sv1mrcbqu|fleetly-founder-default-ord1-net
1790516457443403170|container|start|3d3564dbf5ebdca3137ac7a34763feff4333f62fc58aa34c76a6eebf6024f589|fleetly-founder-default-ord1-mid.1.z505qwtghrug960y75c9trcz7
1790516457565325553|network|disconnect|lmx9sldoqt8ctsr3sv1mrcbqu|fleetly-founder-default-ord1-net
1790516457583391621|container|die|698d8fd4b7935e30221d6f808e47033b5b69a07f68e1e8db2eea58dd1504ea12|fleetly-founder-default-ord1-leaf.1.vpk2bpgme77muc8o65q2tbdzz
1790516457741297038|network|disconnect|lmx9sldoqt8ctsr3sv1mrcbqu|fleetly-founder-default-ord1-net
1790516457755421583|container|die|3d3564dbf5ebdca3137ac7a34763feff4333f62fc58aa34c76a6eebf6024f589|fleetly-founder-default-ord1-mid.1.z505qwtghrug960y75c9trcz7
1790516458354496915|container|exec_create: /bin/sh -c test -f /tmp/ready|0acab2935ffe06cc91d415cafb956d16fa2e27881e9e5b36da2d7f0e0a785f1c|fleetly-founder-default-ord1-base.1.mkxbor6qrn8pgp5ibyh6mkomi
1790516458354555307|container|exec_start: /bin/sh -c test -f /tmp/ready|0acab2935ffe06cc91d415cafb956d16fa2e27881e9e5b36da2d7f0e0a785f1c|fleetly-founder-default-ord1-base.1.mkxbor6qrn8pgp5ibyh6mkomi
1790516458357451192|container|create|3fbe840b940ca1bcdea8e70bb0211c8d3edf15e394e572b0febe6bb8989eba9d|fleetly-founder-default-ord1-mid.1.wpuvb2p1multwlde68ejvluq6
1790516458361324349|container|create|2e8c80661d52b85fd9e4c0d82ff2a5820b0df655482401fa7a1d1b9dcccaa562|fleetly-founder-default-ord1-leaf.1.yb3szv7y3f6ssx1w7ifg2e462
1790516458383600689|container|exec_die|0acab2935ffe06cc91d415cafb956d16fa2e27881e9e5b36da2d7f0e0a785f1c|fleetly-founder-default-ord1-base.1.mkxbor6qrn8pgp5ibyh6mkomi
1790516459384776354|container|exec_create: /bin/sh -c test -f /tmp/ready|0acab2935ffe06cc91d415cafb956d16fa2e27881e9e5b36da2d7f0e0a785f1c|fleetly-founder-default-ord1-base.1.mkxbor6qrn8pgp5ibyh6mkomi
1790516459384839943|container|exec_start: /bin/sh -c test -f /tmp/ready|0acab2935ffe06cc91d415cafb956d16fa2e27881e9e5b36da2d7f0e0a785f1c|fleetly-founder-default-ord1-base.1.mkxbor6qrn8pgp5ibyh6mkomi
1790516459410823405|container|exec_die|0acab2935ffe06cc91d415cafb956d16fa2e27881e9e5b36da2d7f0e0a785f1c|fleetly-founder-default-ord1-base.1.mkxbor6qrn8pgp5ibyh6mkomi
1790516460412213110|container|exec_create: /bin/sh -c test -f /tmp/ready|0acab2935ffe06cc91d415cafb956d16fa2e27881e9e5b36da2d7f0e0a785f1c|fleetly-founder-default-ord1-base.1.mkxbor6qrn8pgp5ibyh6mkomi
1790516460412272627|container|exec_start: /bin/sh -c test -f /tmp/ready|0acab2935ffe06cc91d415cafb956d16fa2e27881e9e5b36da2d7f0e0a785f1c|fleetly-founder-default-ord1-base.1.mkxbor6qrn8pgp5ibyh6mkomi
1790516460438199746|container|exec_die|0acab2935ffe06cc91d415cafb956d16fa2e27881e9e5b36da2d7f0e0a785f1c|fleetly-founder-default-ord1-base.1.mkxbor6qrn8pgp5ibyh6mkomi
1790516461424679120|image|pull|ghcr.io/fleetlyrun/fleetly-exec:v0.2.0-exec.1@sha256:4de40017c620b55b76048c3369f64b3a747c875a4f7bf21ac8c6f88bc4b0793b|ghcr.io/fleetlyrun/fleetly-exec
1790516461438719888|container|exec_create: /bin/sh -c test -f /tmp/ready|0acab2935ffe06cc91d415cafb956d16fa2e27881e9e5b36da2d7f0e0a785f1c|fleetly-founder-default-ord1-base.1.mkxbor6qrn8pgp5ibyh6mkomi
1790516461438772500|container|exec_start: /bin/sh -c test -f /tmp/ready|0acab2935ffe06cc91d415cafb956d16fa2e27881e9e5b36da2d7f0e0a785f1c|fleetly-founder-default-ord1-base.1.mkxbor6qrn8pgp5ibyh6mkomi
1790516461471157188|container|exec_die|0acab2935ffe06cc91d415cafb956d16fa2e27881e9e5b36da2d7f0e0a785f1c|fleetly-founder-default-ord1-base.1.mkxbor6qrn8pgp5ibyh6mkomi
1790516461534386123|container|create|4baacf3336ec4217f0da29e6dddf81e4346dd1faf0b7d82348ffd3faa0717ad8|fleetly-exec.hqc8kvf73o3ubo1vxd6i58z2y.y1pou8uk5m4wejc1swmo6y7fv
1790516461679435921|network|connect|c020399c4374518bb37214d85f636c1ee0b9a942ec4ef36e36ff1addf75921a0|host
1790516461698547531|container|start|4baacf3336ec4217f0da29e6dddf81e4346dd1faf0b7d82348ffd3faa0717ad8|fleetly-exec.hqc8kvf73o3ubo1vxd6i58z2y.y1pou8uk5m4wejc1swmo6y7fv
1790516462472617586|container|exec_create: /bin/sh -c test -f /tmp/ready|0acab2935ffe06cc91d415cafb956d16fa2e27881e9e5b36da2d7f0e0a785f1c|fleetly-founder-default-ord1-base.1.mkxbor6qrn8pgp5ibyh6mkomi
1790516462472655273|container|exec_start: /bin/sh -c test -f /tmp/ready|0acab2935ffe06cc91d415cafb956d16fa2e27881e9e5b36da2d7f0e0a785f1c|fleetly-founder-default-ord1-base.1.mkxbor6qrn8pgp5ibyh6mkomi
1790516462496587462|container|exec_die|0acab2935ffe06cc91d415cafb956d16fa2e27881e9e5b36da2d7f0e0a785f1c|fleetly-founder-default-ord1-base.1.mkxbor6qrn8pgp5ibyh6mkomi
1790516463031529392|network|connect|lmx9sldoqt8ctsr3sv1mrcbqu|fleetly-founder-default-ord1-net
1790516463062516629|container|start|2e8c80661d52b85fd9e4c0d82ff2a5820b0df655482401fa7a1d1b9dcccaa562|fleetly-founder-default-ord1-leaf.1.yb3szv7y3f6ssx1w7ifg2e462
1790516463276179522|network|connect|lmx9sldoqt8ctsr3sv1mrcbqu|fleetly-founder-default-ord1-net
1790516463292510010|container|start|3fbe840b940ca1bcdea8e70bb0211c8d3edf15e394e572b0febe6bb8989eba9d|fleetly-founder-default-ord1-mid.1.wpuvb2p1multwlde68ejvluq6
1790516463295379802|network|disconnect|lmx9sldoqt8ctsr3sv1mrcbqu|fleetly-founder-default-ord1-net
1790516463328407723|container|die|2e8c80661d52b85fd9e4c0d82ff2a5820b0df655482401fa7a1d1b9dcccaa562|fleetly-founder-default-ord1-leaf.1.yb3szv7y3f6ssx1w7ifg2e462
1790516463497208985|container|exec_create: /bin/sh -c test -f /tmp/ready|0acab2935ffe06cc91d415cafb956d16fa2e27881e9e5b36da2d7f0e0a785f1c|fleetly-founder-default-ord1-base.1.mkxbor6qrn8pgp5ibyh6mkomi
1790516463497288973|container|exec_start: /bin/sh -c test -f /tmp/ready|0acab2935ffe06cc91d415cafb956d16fa2e27881e9e5b36da2d7f0e0a785f1c|fleetly-founder-default-ord1-base.1.mkxbor6qrn8pgp5ibyh6mkomi
1790516463536827292|container|exec_die|0acab2935ffe06cc91d415cafb956d16fa2e27881e9e5b36da2d7f0e0a785f1c|fleetly-founder-default-ord1-base.1.mkxbor6qrn8pgp5ibyh6mkomi
1790516463543317149|network|disconnect|lmx9sldoqt8ctsr3sv1mrcbqu|fleetly-founder-default-ord1-net
1790516463586397036|container|die|3fbe840b940ca1bcdea8e70bb0211c8d3edf15e394e572b0febe6bb8989eba9d|fleetly-founder-default-ord1-mid.1.wpuvb2p1multwlde68ejvluq6
1790516463718522661|container|create|4b6f8362b0af54a55b8da313d335ec693ac1bbefb20602231eb4ac026768d003|fleetly-founder-default-ord1-leaf.1.rjfcylpp0yfwxlbmlmwydnx6x
1790516464038601502|container|create|e29d02ebb408dde3dc4a497a1e337b05b12809781ca3dd5a58152b00b7cdcc2a|fleetly-founder-default-ord1-mid.1.kqknjj3rye4j95ltnyw80it7y
1790516464537690047|container|exec_create: /bin/sh -c test -f /tmp/ready|0acab2935ffe06cc91d415cafb956d16fa2e27881e9e5b36da2d7f0e0a785f1c|fleetly-founder-default-ord1-base.1.mkxbor6qrn8pgp5ibyh6mkomi
1790516464537776676|container|exec_start: /bin/sh -c test -f /tmp/ready|0acab2935ffe06cc91d415cafb956d16fa2e27881e9e5b36da2d7f0e0a785f1c|fleetly-founder-default-ord1-base.1.mkxbor6qrn8pgp5ibyh6mkomi
1790516464564010196|container|exec_die|0acab2935ffe06cc91d415cafb956d16fa2e27881e9e5b36da2d7f0e0a785f1c|fleetly-founder-default-ord1-base.1.mkxbor6qrn8pgp5ibyh6mkomi
1790516465565328376|container|exec_create: /bin/sh -c test -f /tmp/ready|0acab2935ffe06cc91d415cafb956d16fa2e27881e9e5b36da2d7f0e0a785f1c|fleetly-founder-default-ord1-base.1.mkxbor6qrn8pgp5ibyh6mkomi
1790516465565408136|container|exec_start: /bin/sh -c test -f /tmp/ready|0acab2935ffe06cc91d415cafb956d16fa2e27881e9e5b36da2d7f0e0a785f1c|fleetly-founder-default-ord1-base.1.mkxbor6qrn8pgp5ibyh6mkomi
1790516465589772875|container|exec_die|0acab2935ffe06cc91d415cafb956d16fa2e27881e9e5b36da2d7f0e0a785f1c|fleetly-founder-default-ord1-base.1.mkxbor6qrn8pgp5ibyh6mkomi
1790516465590060153|container|health_status: healthy|0acab2935ffe06cc91d415cafb956d16fa2e27881e9e5b36da2d7f0e0a785f1c|fleetly-founder-default-ord1-base.1.mkxbor6qrn8pgp5ibyh6mkomi
1790516466590268786|container|exec_create: /bin/sh -c test -f /tmp/ready|0acab2935ffe06cc91d415cafb956d16fa2e27881e9e5b36da2d7f0e0a785f1c|fleetly-founder-default-ord1-base.1.mkxbor6qrn8pgp5ibyh6mkomi
1790516466590338314|container|exec_start: /bin/sh -c test -f /tmp/ready|0acab2935ffe06cc91d415cafb956d16fa2e27881e9e5b36da2d7f0e0a785f1c|fleetly-founder-default-ord1-base.1.mkxbor6qrn8pgp5ibyh6mkomi
1790516466616070639|container|exec_die|0acab2935ffe06cc91d415cafb956d16fa2e27881e9e5b36da2d7f0e0a785f1c|fleetly-founder-default-ord1-base.1.mkxbor6qrn8pgp5ibyh6mkomi
1790516466658469012|image|pull|victoriametrics/victoria-logs:v1.52.0@sha256:47b820890d64c4575a2a0a46415dcd8a4fd59a0f1fcd6a377693d7aea639442e|victoriametrics/victoria-logs
1790516466755523286|container|create|21a0c4233f698016a9b9532fe9571361136d901943e85fc6ff5c275e993d23b5|fleetly-victorialogs.1.zwdsvltwtwxd69x87001kplin
1790516466772636296|volume|mount|fleetly-victorialogs-data|<no value>
1790516466886527255|network|connect|c020399c4374518bb37214d85f636c1ee0b9a942ec4ef36e36ff1addf75921a0|host
1790516466908543480|container|start|21a0c4233f698016a9b9532fe9571361136d901943e85fc6ff5c275e993d23b5|fleetly-victorialogs.1.zwdsvltwtwxd69x87001kplin
1790516467616379833|container|exec_create: /bin/sh -c test -f /tmp/ready|0acab2935ffe06cc91d415cafb956d16fa2e27881e9e5b36da2d7f0e0a785f1c|fleetly-founder-default-ord1-base.1.mkxbor6qrn8pgp5ibyh6mkomi
1790516467616458182|container|exec_start: /bin/sh -c test -f /tmp/ready|0acab2935ffe06cc91d415cafb956d16fa2e27881e9e5b36da2d7f0e0a785f1c|fleetly-founder-default-ord1-base.1.mkxbor6qrn8pgp5ibyh6mkomi
1790516467644036458|container|exec_die|0acab2935ffe06cc91d415cafb956d16fa2e27881e9e5b36da2d7f0e0a785f1c|fleetly-founder-default-ord1-base.1.mkxbor6qrn8pgp5ibyh6mkomi
1790516468644336641|container|exec_create: /bin/sh -c test -f /tmp/ready|0acab2935ffe06cc91d415cafb956d16fa2e27881e9e5b36da2d7f0e0a785f1c|fleetly-founder-default-ord1-base.1.mkxbor6qrn8pgp5ibyh6mkomi
1790516468644431143|container|exec_start: /bin/sh -c test -f /tmp/ready|0acab2935ffe06cc91d415cafb956d16fa2e27881e9e5b36da2d7f0e0a785f1c|fleetly-founder-default-ord1-base.1.mkxbor6qrn8pgp5ibyh6mkomi
1790516468679736617|container|exec_die|0acab2935ffe06cc91d415cafb956d16fa2e27881e9e5b36da2d7f0e0a785f1c|fleetly-founder-default-ord1-base.1.mkxbor6qrn8pgp5ibyh6mkomi
1790516468683636558|network|connect|lmx9sldoqt8ctsr3sv1mrcbqu|fleetly-founder-default-ord1-net
1790516468704652253|container|start|4b6f8362b0af54a55b8da313d335ec693ac1bbefb20602231eb4ac026768d003|fleetly-founder-default-ord1-leaf.1.rjfcylpp0yfwxlbmlmwydnx6x
1790516468925541708|network|disconnect|lmx9sldoqt8ctsr3sv1mrcbqu|fleetly-founder-default-ord1-net
1790516468951531093|container|die|4b6f8362b0af54a55b8da313d335ec693ac1bbefb20602231eb4ac026768d003|fleetly-founder-default-ord1-leaf.1.rjfcylpp0yfwxlbmlmwydnx6x
1790516469071598716|network|connect|lmx9sldoqt8ctsr3sv1mrcbqu|fleetly-founder-default-ord1-net
1790516469093746113|container|start|e29d02ebb408dde3dc4a497a1e337b05b12809781ca3dd5a58152b00b7cdcc2a|fleetly-founder-default-ord1-mid.1.kqknjj3rye4j95ltnyw80it7y
1790516469328638074|container|create|0d096972fa3aef6b612263c2939078291c239df8a9cbcd931079efa08f17bedd|fleetly-founder-default-ord1-leaf.1.na8gd3puwgw0o03bjhnmq2ci6
1790516469680313169|container|exec_create: /bin/sh -c test -f /tmp/ready|0acab2935ffe06cc91d415cafb956d16fa2e27881e9e5b36da2d7f0e0a785f1c|fleetly-founder-default-ord1-base.1.mkxbor6qrn8pgp5ibyh6mkomi
1790516469680385795|container|exec_start: /bin/sh -c test -f /tmp/ready|0acab2935ffe06cc91d415cafb956d16fa2e27881e9e5b36da2d7f0e0a785f1c|fleetly-founder-default-ord1-base.1.mkxbor6qrn8pgp5ibyh6mkomi
1790516469710098943|container|exec_die|0acab2935ffe06cc91d415cafb956d16fa2e27881e9e5b36da2d7f0e0a785f1c|fleetly-founder-default-ord1-base.1.mkxbor6qrn8pgp5ibyh6mkomi
1790516470094121430|container|exec_create: /bin/sh -c test -f /tmp/ready|e29d02ebb408dde3dc4a497a1e337b05b12809781ca3dd5a58152b00b7cdcc2a|fleetly-founder-default-ord1-mid.1.kqknjj3rye4j95ltnyw80it7y
1790516470094245071|container|exec_start: /bin/sh -c test -f /tmp/ready|e29d02ebb408dde3dc4a497a1e337b05b12809781ca3dd5a58152b00b7cdcc2a|fleetly-founder-default-ord1-mid.1.kqknjj3rye4j95ltnyw80it7y
1790516470123276844|container|exec_die|e29d02ebb408dde3dc4a497a1e337b05b12809781ca3dd5a58152b00b7cdcc2a|fleetly-founder-default-ord1-mid.1.kqknjj3rye4j95ltnyw80it7y
1790516470123537301|container|health_status: healthy|e29d02ebb408dde3dc4a497a1e337b05b12809781ca3dd5a58152b00b7cdcc2a|fleetly-founder-default-ord1-mid.1.kqknjj3rye4j95ltnyw80it7y
1790516470710874733|container|exec_create: /bin/sh -c test -f /tmp/ready|0acab2935ffe06cc91d415cafb956d16fa2e27881e9e5b36da2d7f0e0a785f1c|fleetly-founder-default-ord1-base.1.mkxbor6qrn8pgp5ibyh6mkomi
1790516470710944436|container|exec_start: /bin/sh -c test -f /tmp/ready|0acab2935ffe06cc91d415cafb956d16fa2e27881e9e5b36da2d7f0e0a785f1c|fleetly-founder-default-ord1-base.1.mkxbor6qrn8pgp5ibyh6mkomi
1790516470744781641|container|exec_die|0acab2935ffe06cc91d415cafb956d16fa2e27881e9e5b36da2d7f0e0a785f1c|fleetly-founder-default-ord1-base.1.mkxbor6qrn8pgp5ibyh6mkomi
1790516471123868626|container|exec_create: /bin/sh -c test -f /tmp/ready|e29d02ebb408dde3dc4a497a1e337b05b12809781ca3dd5a58152b00b7cdcc2a|fleetly-founder-default-ord1-mid.1.kqknjj3rye4j95ltnyw80it7y
1790516471123953191|container|exec_start: /bin/sh -c test -f /tmp/ready|e29d02ebb408dde3dc4a497a1e337b05b12809781ca3dd5a58152b00b7cdcc2a|fleetly-founder-default-ord1-mid.1.kqknjj3rye4j95ltnyw80it7y
1790516471151456962|container|exec_die|e29d02ebb408dde3dc4a497a1e337b05b12809781ca3dd5a58152b00b7cdcc2a|fleetly-founder-default-ord1-mid.1.kqknjj3rye4j95ltnyw80it7y
1790516471745356765|container|exec_create: /bin/sh -c test -f /tmp/ready|0acab2935ffe06cc91d415cafb956d16fa2e27881e9e5b36da2d7f0e0a785f1c|fleetly-founder-default-ord1-base.1.mkxbor6qrn8pgp5ibyh6mkomi
1790516471745425276|container|exec_start: /bin/sh -c test -f /tmp/ready|0acab2935ffe06cc91d415cafb956d16fa2e27881e9e5b36da2d7f0e0a785f1c|fleetly-founder-default-ord1-base.1.mkxbor6qrn8pgp5ibyh6mkomi
1790516471775506296|container|exec_die|0acab2935ffe06cc91d415cafb956d16fa2e27881e9e5b36da2d7f0e0a785f1c|fleetly-founder-default-ord1-base.1.mkxbor6qrn8pgp5ibyh6mkomi
1790516472152026175|container|exec_create: /bin/sh -c test -f /tmp/ready|e29d02ebb408dde3dc4a497a1e337b05b12809781ca3dd5a58152b00b7cdcc2a|fleetly-founder-default-ord1-mid.1.kqknjj3rye4j95ltnyw80it7y
1790516472152133905|container|exec_start: /bin/sh -c test -f /tmp/ready|e29d02ebb408dde3dc4a497a1e337b05b12809781ca3dd5a58152b00b7cdcc2a|fleetly-founder-default-ord1-mid.1.kqknjj3rye4j95ltnyw80it7y
1790516472179974629|container|exec_die|e29d02ebb408dde3dc4a497a1e337b05b12809781ca3dd5a58152b00b7cdcc2a|fleetly-founder-default-ord1-mid.1.kqknjj3rye4j95ltnyw80it7y
1790516472775890822|container|exec_create: /bin/sh -c test -f /tmp/ready|0acab2935ffe06cc91d415cafb956d16fa2e27881e9e5b36da2d7f0e0a785f1c|fleetly-founder-default-ord1-base.1.mkxbor6qrn8pgp5ibyh6mkomi
1790516472775982226|container|exec_start: /bin/sh -c test -f /tmp/ready|0acab2935ffe06cc91d415cafb956d16fa2e27881e9e5b36da2d7f0e0a785f1c|fleetly-founder-default-ord1-base.1.mkxbor6qrn8pgp5ibyh6mkomi
1790516472807088197|container|exec_die|0acab2935ffe06cc91d415cafb956d16fa2e27881e9e5b36da2d7f0e0a785f1c|fleetly-founder-default-ord1-base.1.mkxbor6qrn8pgp5ibyh6mkomi
1790516473180302916|container|exec_create: /bin/sh -c test -f /tmp/ready|e29d02ebb408dde3dc4a497a1e337b05b12809781ca3dd5a58152b00b7cdcc2a|fleetly-founder-default-ord1-mid.1.kqknjj3rye4j95ltnyw80it7y
1790516473180374364|container|exec_start: /bin/sh -c test -f /tmp/ready|e29d02ebb408dde3dc4a497a1e337b05b12809781ca3dd5a58152b00b7cdcc2a|fleetly-founder-default-ord1-mid.1.kqknjj3rye4j95ltnyw80it7y
1790516473210011883|container|exec_die|e29d02ebb408dde3dc4a497a1e337b05b12809781ca3dd5a58152b00b7cdcc2a|fleetly-founder-default-ord1-mid.1.kqknjj3rye4j95ltnyw80it7y
1790516473807566472|container|exec_create: /bin/sh -c test -f /tmp/ready|0acab2935ffe06cc91d415cafb956d16fa2e27881e9e5b36da2d7f0e0a785f1c|fleetly-founder-default-ord1-base.1.mkxbor6qrn8pgp5ibyh6mkomi
1790516473807658488|container|exec_start: /bin/sh -c test -f /tmp/ready|0acab2935ffe06cc91d415cafb956d16fa2e27881e9e5b36da2d7f0e0a785f1c|fleetly-founder-default-ord1-base.1.mkxbor6qrn8pgp5ibyh6mkomi
1790516473836371649|container|exec_die|0acab2935ffe06cc91d415cafb956d16fa2e27881e9e5b36da2d7f0e0a785f1c|fleetly-founder-default-ord1-base.1.mkxbor6qrn8pgp5ibyh6mkomi
1790516474210483039|container|exec_create: /bin/sh -c test -f /tmp/ready|e29d02ebb408dde3dc4a497a1e337b05b12809781ca3dd5a58152b00b7cdcc2a|fleetly-founder-default-ord1-mid.1.kqknjj3rye4j95ltnyw80it7y
1790516474210541818|container|exec_start: /bin/sh -c test -f /tmp/ready|e29d02ebb408dde3dc4a497a1e337b05b12809781ca3dd5a58152b00b7cdcc2a|fleetly-founder-default-ord1-mid.1.kqknjj3rye4j95ltnyw80it7y
1790516474243651095|container|exec_die|e29d02ebb408dde3dc4a497a1e337b05b12809781ca3dd5a58152b00b7cdcc2a|fleetly-founder-default-ord1-mid.1.kqknjj3rye4j95ltnyw80it7y
1790516474425678019|network|connect|lmx9sldoqt8ctsr3sv1mrcbqu|fleetly-founder-default-ord1-net
1790516474449731591|container|start|0d096972fa3aef6b612263c2939078291c239df8a9cbcd931079efa08f17bedd|fleetly-founder-default-ord1-leaf.1.na8gd3puwgw0o03bjhnmq2ci6
1790516474836800515|container|exec_create: /bin/sh -c test -f /tmp/ready|0acab2935ffe06cc91d415cafb956d16fa2e27881e9e5b36da2d7f0e0a785f1c|fleetly-founder-default-ord1-base.1.mkxbor6qrn8pgp5ibyh6mkomi
1790516474836995346|container|exec_start: /bin/sh -c test -f /tmp/ready|0acab2935ffe06cc91d415cafb956d16fa2e27881e9e5b36da2d7f0e0a785f1c|fleetly-founder-default-ord1-base.1.mkxbor6qrn8pgp5ibyh6mkomi
1790516474868140444|container|exec_die|0acab2935ffe06cc91d415cafb956d16fa2e27881e9e5b36da2d7f0e0a785f1c|fleetly-founder-default-ord1-base.1.mkxbor6qrn8pgp5ibyh6mkomi
1790516475244165533|container|exec_create: /bin/sh -c test -f /tmp/ready|e29d02ebb408dde3dc4a497a1e337b05b12809781ca3dd5a58152b00b7cdcc2a|fleetly-founder-default-ord1-mid.1.kqknjj3rye4j95ltnyw80it7y
1790516475244234097|container|exec_start: /bin/sh -c test -f /tmp/ready|e29d02ebb408dde3dc4a497a1e337b05b12809781ca3dd5a58152b00b7cdcc2a|fleetly-founder-default-ord1-mid.1.kqknjj3rye4j95ltnyw80it7y
1790516475276500152|container|exec_die|e29d02ebb408dde3dc4a497a1e337b05b12809781ca3dd5a58152b00b7cdcc2a|fleetly-founder-default-ord1-mid.1.kqknjj3rye4j95ltnyw80it7y
1790516475450105624|container|exec_create: /bin/sh -c test -f /tmp/ready|0d096972fa3aef6b612263c2939078291c239df8a9cbcd931079efa08f17bedd|fleetly-founder-default-ord1-leaf.1.na8gd3puwgw0o03bjhnmq2ci6
1790516475450175439|container|exec_start: /bin/sh -c test -f /tmp/ready|0d096972fa3aef6b612263c2939078291c239df8a9cbcd931079efa08f17bedd|fleetly-founder-default-ord1-leaf.1.na8gd3puwgw0o03bjhnmq2ci6
1790516475480234510|container|exec_die|0d096972fa3aef6b612263c2939078291c239df8a9cbcd931079efa08f17bedd|fleetly-founder-default-ord1-leaf.1.na8gd3puwgw0o03bjhnmq2ci6
1790516475480512242|container|health_status: healthy|0d096972fa3aef6b612263c2939078291c239df8a9cbcd931079efa08f17bedd|fleetly-founder-default-ord1-leaf.1.na8gd3puwgw0o03bjhnmq2ci6
1790516475868495686|container|exec_create: /bin/sh -c test -f /tmp/ready|0acab2935ffe06cc91d415cafb956d16fa2e27881e9e5b36da2d7f0e0a785f1c|fleetly-founder-default-ord1-base.1.mkxbor6qrn8pgp5ibyh6mkomi
1790516475868563223|container|exec_start: /bin/sh -c test -f /tmp/ready|0acab2935ffe06cc91d415cafb956d16fa2e27881e9e5b36da2d7f0e0a785f1c|fleetly-founder-default-ord1-base.1.mkxbor6qrn8pgp5ibyh6mkomi
1790516475899091728|container|exec_die|0acab2935ffe06cc91d415cafb956d16fa2e27881e9e5b36da2d7f0e0a785f1c|fleetly-founder-default-ord1-base.1.mkxbor6qrn8pgp5ibyh6mkomi
1790516476251736456|image|pull|traefik:v3.5|traefik
1790516476276769190|container|exec_create: /bin/sh -c test -f /tmp/ready|e29d02ebb408dde3dc4a497a1e337b05b12809781ca3dd5a58152b00b7cdcc2a|fleetly-founder-default-ord1-mid.1.kqknjj3rye4j95ltnyw80it7y
1790516476276826175|container|exec_start: /bin/sh -c test -f /tmp/ready|e29d02ebb408dde3dc4a497a1e337b05b12809781ca3dd5a58152b00b7cdcc2a|fleetly-founder-default-ord1-mid.1.kqknjj3rye4j95ltnyw80it7y
1790516476309557877|container|exec_die|e29d02ebb408dde3dc4a497a1e337b05b12809781ca3dd5a58152b00b7cdcc2a|fleetly-founder-default-ord1-mid.1.kqknjj3rye4j95ltnyw80it7y
1790516476481296325|container|exec_create: /bin/sh -c test -f /tmp/ready|0d096972fa3aef6b612263c2939078291c239df8a9cbcd931079efa08f17bedd|fleetly-founder-default-ord1-leaf.1.na8gd3puwgw0o03bjhnmq2ci6
1790516476481422329|container|exec_start: /bin/sh -c test -f /tmp/ready|0d096972fa3aef6b612263c2939078291c239df8a9cbcd931079efa08f17bedd|fleetly-founder-default-ord1-leaf.1.na8gd3puwgw0o03bjhnmq2ci6
1790516476504664947|container|exec_die|0d096972fa3aef6b612263c2939078291c239df8a9cbcd931079efa08f17bedd|fleetly-founder-default-ord1-leaf.1.na8gd3puwgw0o03bjhnmq2ci6
1790516476558740102|container|create|62f7c8af8fdba29d7f5a70f96d3977146e337ba79d68f77dc9d8005f67dee5ed|fleetly-ingress.hqc8kvf73o3ubo1vxd6i58z2y.vilbhyluwisbjmbvtqqh14tz6
1790516476755711053|network|connect|41bc412bfa6b387321595b8a4aeeb235ed0e204025712a68abdcd3361c12e766|bridge
1790516476777715436|container|start|62f7c8af8fdba29d7f5a70f96d3977146e337ba79d68f77dc9d8005f67dee5ed|fleetly-ingress.hqc8kvf73o3ubo1vxd6i58z2y.vilbhyluwisbjmbvtqqh14tz6
1790516476900006083|container|exec_create: /bin/sh -c test -f /tmp/ready|0acab2935ffe06cc91d415cafb956d16fa2e27881e9e5b36da2d7f0e0a785f1c|fleetly-founder-default-ord1-base.1.mkxbor6qrn8pgp5ibyh6mkomi
1790516476900132098|container|exec_start: /bin/sh -c test -f /tmp/ready|0acab2935ffe06cc91d415cafb956d16fa2e27881e9e5b36da2d7f0e0a785f1c|fleetly-founder-default-ord1-base.1.mkxbor6qrn8pgp5ibyh6mkomi
1790516476929198342|container|exec_die|0acab2935ffe06cc91d415cafb956d16fa2e27881e9e5b36da2d7f0e0a785f1c|fleetly-founder-default-ord1-base.1.mkxbor6qrn8pgp5ibyh6mkomi
1790516477310577392|container|exec_create: /bin/sh -c test -f /tmp/ready|e29d02ebb408dde3dc4a497a1e337b05b12809781ca3dd5a58152b00b7cdcc2a|fleetly-founder-default-ord1-mid.1.kqknjj3rye4j95ltnyw80it7y
1790516477310671069|container|exec_start: /bin/sh -c test -f /tmp/ready|e29d02ebb408dde3dc4a497a1e337b05b12809781ca3dd5a58152b00b7cdcc2a|fleetly-founder-default-ord1-mid.1.kqknjj3rye4j95ltnyw80it7y
1790516477336979669|container|exec_die|e29d02ebb408dde3dc4a497a1e337b05b12809781ca3dd5a58152b00b7cdcc2a|fleetly-founder-default-ord1-mid.1.kqknjj3rye4j95ltnyw80it7y
1790516477505798630|container|exec_create: /bin/sh -c test -f /tmp/ready|0d096972fa3aef6b612263c2939078291c239df8a9cbcd931079efa08f17bedd|fleetly-founder-default-ord1-leaf.1.na8gd3puwgw0o03bjhnmq2ci6
1790516477505888102|container|exec_start: /bin/sh -c test -f /tmp/ready|0d096972fa3aef6b612263c2939078291c239df8a9cbcd931079efa08f17bedd|fleetly-founder-default-ord1-leaf.1.na8gd3puwgw0o03bjhnmq2ci6
1790516477531064523|container|exec_die|0d096972fa3aef6b612263c2939078291c239df8a9cbcd931079efa08f17bedd|fleetly-founder-default-ord1-leaf.1.na8gd3puwgw0o03bjhnmq2ci6
1790516477930514793|container|exec_create: /bin/sh -c test -f /tmp/ready|0acab2935ffe06cc91d415cafb956d16fa2e27881e9e5b36da2d7f0e0a785f1c|fleetly-founder-default-ord1-base.1.mkxbor6qrn8pgp5ibyh6mkomi
1790516477930602779|container|exec_start: /bin/sh -c test -f /tmp/ready|0acab2935ffe06cc91d415cafb956d16fa2e27881e9e5b36da2d7f0e0a785f1c|fleetly-founder-default-ord1-base.1.mkxbor6qrn8pgp5ibyh6mkomi
1790516477958166352|container|exec_die|0acab2935ffe06cc91d415cafb956d16fa2e27881e9e5b36da2d7f0e0a785f1c|fleetly-founder-default-ord1-base.1.mkxbor6qrn8pgp5ibyh6mkomi
1790516478037947457|image|pull|moby/buildkit:v0.32.2|moby/buildkit
1790516478173779006|container|create|55a6319de653cfc4a66241624371e9198371126c08475447981022e6651e1e49|fleetly-buildkit
1790516478187945536|volume|mount|fleetly-buildkit-cache|<no value>
1790516478315781125|network|connect|41bc412bfa6b387321595b8a4aeeb235ed0e204025712a68abdcd3361c12e766|bridge
1790516478332699181|container|start|55a6319de653cfc4a66241624371e9198371126c08475447981022e6651e1e49|fleetly-buildkit
1790516478338353548|container|exec_create: /bin/sh -c test -f /tmp/ready|e29d02ebb408dde3dc4a497a1e337b05b12809781ca3dd5a58152b00b7cdcc2a|fleetly-founder-default-ord1-mid.1.kqknjj3rye4j95ltnyw80it7y
1790516478338488105|container|exec_start: /bin/sh -c test -f /tmp/ready|e29d02ebb408dde3dc4a497a1e337b05b12809781ca3dd5a58152b00b7cdcc2a|fleetly-founder-default-ord1-mid.1.kqknjj3rye4j95ltnyw80it7y
1790516478346124968|container|exec_create: buildctl dial-stdio|55a6319de653cfc4a66241624371e9198371126c08475447981022e6651e1e49|fleetly-buildkit
1790516478346617018|container|exec_start: buildctl dial-stdio|55a6319de653cfc4a66241624371e9198371126c08475447981022e6651e1e49|fleetly-buildkit
1790516478366578986|container|exec_die|e29d02ebb408dde3dc4a497a1e337b05b12809781ca3dd5a58152b00b7cdcc2a|fleetly-founder-default-ord1-mid.1.kqknjj3rye4j95ltnyw80it7y
1790516478467148131|container|exec_die|55a6319de653cfc4a66241624371e9198371126c08475447981022e6651e1e49|fleetly-buildkit
1790516478532468048|container|exec_create: /bin/sh -c test -f /tmp/ready|0d096972fa3aef6b612263c2939078291c239df8a9cbcd931079efa08f17bedd|fleetly-founder-default-ord1-leaf.1.na8gd3puwgw0o03bjhnmq2ci6
1790516478532560723|container|exec_start: /bin/sh -c test -f /tmp/ready|0d096972fa3aef6b612263c2939078291c239df8a9cbcd931079efa08f17bedd|fleetly-founder-default-ord1-leaf.1.na8gd3puwgw0o03bjhnmq2ci6
1790516478557091916|container|exec_die|0d096972fa3aef6b612263c2939078291c239df8a9cbcd931079efa08f17bedd|fleetly-founder-default-ord1-leaf.1.na8gd3puwgw0o03bjhnmq2ci6
1790516478958765042|container|exec_create: /bin/sh -c test -f /tmp/ready|0acab2935ffe06cc91d415cafb956d16fa2e27881e9e5b36da2d7f0e0a785f1c|fleetly-founder-default-ord1-base.1.mkxbor6qrn8pgp5ibyh6mkomi
1790516478958892848|container|exec_start: /bin/sh -c test -f /tmp/ready|0acab2935ffe06cc91d415cafb956d16fa2e27881e9e5b36da2d7f0e0a785f1c|fleetly-founder-default-ord1-base.1.mkxbor6qrn8pgp5ibyh6mkomi
1790516478983871955|container|exec_die|0acab2935ffe06cc91d415cafb956d16fa2e27881e9e5b36da2d7f0e0a785f1c|fleetly-founder-default-ord1-base.1.mkxbor6qrn8pgp5ibyh6mkomi
1790516479367292548|container|exec_create: /bin/sh -c test -f /tmp/ready|e29d02ebb408dde3dc4a497a1e337b05b12809781ca3dd5a58152b00b7cdcc2a|fleetly-founder-default-ord1-mid.1.kqknjj3rye4j95ltnyw80it7y
1790516479367377953|container|exec_start: /bin/sh -c test -f /tmp/ready|e29d02ebb408dde3dc4a497a1e337b05b12809781ca3dd5a58152b00b7cdcc2a|fleetly-founder-default-ord1-mid.1.kqknjj3rye4j95ltnyw80it7y
1790516479390839776|container|exec_die|e29d02ebb408dde3dc4a497a1e337b05b12809781ca3dd5a58152b00b7cdcc2a|fleetly-founder-default-ord1-mid.1.kqknjj3rye4j95ltnyw80it7y
1790516479557473916|container|exec_create: /bin/sh -c test -f /tmp/ready|0d096972fa3aef6b612263c2939078291c239df8a9cbcd931079efa08f17bedd|fleetly-founder-default-ord1-leaf.1.na8gd3puwgw0o03bjhnmq2ci6
1790516479557567803|container|exec_start: /bin/sh -c test -f /tmp/ready|0d096972fa3aef6b612263c2939078291c239df8a9cbcd931079efa08f17bedd|fleetly-founder-default-ord1-leaf.1.na8gd3puwgw0o03bjhnmq2ci6
1790516479581932971|container|exec_die|0d096972fa3aef6b612263c2939078291c239df8a9cbcd931079efa08f17bedd|fleetly-founder-default-ord1-leaf.1.na8gd3puwgw0o03bjhnmq2ci6
1790516479985102250|container|exec_create: /bin/sh -c test -f /tmp/ready|0acab2935ffe06cc91d415cafb956d16fa2e27881e9e5b36da2d7f0e0a785f1c|fleetly-founder-default-ord1-base.1.mkxbor6qrn8pgp5ibyh6mkomi
1790516479985188269|container|exec_start: /bin/sh -c test -f /tmp/ready|0acab2935ffe06cc91d415cafb956d16fa2e27881e9e5b36da2d7f0e0a785f1c|fleetly-founder-default-ord1-base.1.mkxbor6qrn8pgp5ibyh6mkomi
1790516480010014916|container|exec_die|0acab2935ffe06cc91d415cafb956d16fa2e27881e9e5b36da2d7f0e0a785f1c|fleetly-founder-default-ord1-base.1.mkxbor6qrn8pgp5ibyh6mkomi
1790516480391528294|container|exec_create: /bin/sh -c test -f /tmp/ready|e29d02ebb408dde3dc4a497a1e337b05b12809781ca3dd5a58152b00b7cdcc2a|fleetly-founder-default-ord1-mid.1.kqknjj3rye4j95ltnyw80it7y
1790516480391598360|container|exec_start: /bin/sh -c test -f /tmp/ready|e29d02ebb408dde3dc4a497a1e337b05b12809781ca3dd5a58152b00b7cdcc2a|fleetly-founder-default-ord1-mid.1.kqknjj3rye4j95ltnyw80it7y
1790516480416829675|container|exec_die|e29d02ebb408dde3dc4a497a1e337b05b12809781ca3dd5a58152b00b7cdcc2a|fleetly-founder-default-ord1-mid.1.kqknjj3rye4j95ltnyw80it7y
1790516480583274604|container|exec_create: /bin/sh -c test -f /tmp/ready|0d096972fa3aef6b612263c2939078291c239df8a9cbcd931079efa08f17bedd|fleetly-founder-default-ord1-leaf.1.na8gd3puwgw0o03bjhnmq2ci6
1790516480583371306|container|exec_start: /bin/sh -c test -f /tmp/ready|0d096972fa3aef6b612263c2939078291c239df8a9cbcd931079efa08f17bedd|fleetly-founder-default-ord1-leaf.1.na8gd3puwgw0o03bjhnmq2ci6
1790516480610000295|container|exec_die|0d096972fa3aef6b612263c2939078291c239df8a9cbcd931079efa08f17bedd|fleetly-founder-default-ord1-leaf.1.na8gd3puwgw0o03bjhnmq2ci6
1790516481010711578|container|exec_create: /bin/sh -c test -f /tmp/ready|0acab2935ffe06cc91d415cafb956d16fa2e27881e9e5b36da2d7f0e0a785f1c|fleetly-founder-default-ord1-base.1.mkxbor6qrn8pgp5ibyh6mkomi
1790516481010801091|container|exec_start: /bin/sh -c test -f /tmp/ready|0acab2935ffe06cc91d415cafb956d16fa2e27881e9e5b36da2d7f0e0a785f1c|fleetly-founder-default-ord1-base.1.mkxbor6qrn8pgp5ibyh6mkomi
1790516481036027078|container|exec_die|0acab2935ffe06cc91d415cafb956d16fa2e27881e9e5b36da2d7f0e0a785f1c|fleetly-founder-default-ord1-base.1.mkxbor6qrn8pgp5ibyh6mkomi
1790516481418022917|container|exec_create: /bin/sh -c test -f /tmp/ready|e29d02ebb408dde3dc4a497a1e337b05b12809781ca3dd5a58152b00b7cdcc2a|fleetly-founder-default-ord1-mid.1.kqknjj3rye4j95ltnyw80it7y
1790516481418115453|container|exec_start: /bin/sh -c test -f /tmp/ready|e29d02ebb408dde3dc4a497a1e337b05b12809781ca3dd5a58152b00b7cdcc2a|fleetly-founder-default-ord1-mid.1.kqknjj3rye4j95ltnyw80it7y
1790516481442882218|container|exec_die|e29d02ebb408dde3dc4a497a1e337b05b12809781ca3dd5a58152b00b7cdcc2a|fleetly-founder-default-ord1-mid.1.kqknjj3rye4j95ltnyw80it7y
1790516481596598912|container|exec_create: traefik healthcheck --ping|62f7c8af8fdba29d7f5a70f96d3977146e337ba79d68f77dc9d8005f67dee5ed|fleetly-ingress.hqc8kvf73o3ubo1vxd6i58z2y.vilbhyluwisbjmbvtqqh14tz6
1790516481596715393|container|exec_start: traefik healthcheck --ping|62f7c8af8fdba29d7f5a70f96d3977146e337ba79d68f77dc9d8005f67dee5ed|fleetly-ingress.hqc8kvf73o3ubo1vxd6i58z2y.vilbhyluwisbjmbvtqqh14tz6
1790516481610697141|container|exec_create: /bin/sh -c test -f /tmp/ready|0d096972fa3aef6b612263c2939078291c239df8a9cbcd931079efa08f17bedd|fleetly-founder-default-ord1-leaf.1.na8gd3puwgw0o03bjhnmq2ci6
1790516481610812488|container|exec_start: /bin/sh -c test -f /tmp/ready|0d096972fa3aef6b612263c2939078291c239df8a9cbcd931079efa08f17bedd|fleetly-founder-default-ord1-leaf.1.na8gd3puwgw0o03bjhnmq2ci6
1790516481635772712|container|exec_die|62f7c8af8fdba29d7f5a70f96d3977146e337ba79d68f77dc9d8005f67dee5ed|fleetly-ingress.hqc8kvf73o3ubo1vxd6i58z2y.vilbhyluwisbjmbvtqqh14tz6
1790516481635917743|container|exec_die|0d096972fa3aef6b612263c2939078291c239df8a9cbcd931079efa08f17bedd|fleetly-founder-default-ord1-leaf.1.na8gd3puwgw0o03bjhnmq2ci6
1790516481636226881|container|health_status: healthy|62f7c8af8fdba29d7f5a70f96d3977146e337ba79d68f77dc9d8005f67dee5ed|fleetly-ingress.hqc8kvf73o3ubo1vxd6i58z2y.vilbhyluwisbjmbvtqqh14tz6
1790516482036409507|container|exec_create: /bin/sh -c test -f /tmp/ready|0acab2935ffe06cc91d415cafb956d16fa2e27881e9e5b36da2d7f0e0a785f1c|fleetly-founder-default-ord1-base.1.mkxbor6qrn8pgp5ibyh6mkomi
1790516482036505999|container|exec_start: /bin/sh -c test -f /tmp/ready|0acab2935ffe06cc91d415cafb956d16fa2e27881e9e5b36da2d7f0e0a785f1c|fleetly-founder-default-ord1-base.1.mkxbor6qrn8pgp5ibyh6mkomi
1790516482062107203|container|exec_die|0acab2935ffe06cc91d415cafb956d16fa2e27881e9e5b36da2d7f0e0a785f1c|fleetly-founder-default-ord1-base.1.mkxbor6qrn8pgp5ibyh6mkomi
1790516482443346885|container|exec_create: /bin/sh -c test -f /tmp/ready|e29d02ebb408dde3dc4a497a1e337b05b12809781ca3dd5a58152b00b7cdcc2a|fleetly-founder-default-ord1-mid.1.kqknjj3rye4j95ltnyw80it7y
1790516482443422039|container|exec_start: /bin/sh -c test -f /tmp/ready|e29d02ebb408dde3dc4a497a1e337b05b12809781ca3dd5a58152b00b7cdcc2a|fleetly-founder-default-ord1-mid.1.kqknjj3rye4j95ltnyw80it7y
1790516482469310978|container|exec_die|e29d02ebb408dde3dc4a497a1e337b05b12809781ca3dd5a58152b00b7cdcc2a|fleetly-founder-default-ord1-mid.1.kqknjj3rye4j95ltnyw80it7y
1790516482635956459|container|exec_create: /bin/sh -c test -f /tmp/ready|0d096972fa3aef6b612263c2939078291c239df8a9cbcd931079efa08f17bedd|fleetly-founder-default-ord1-leaf.1.na8gd3puwgw0o03bjhnmq2ci6
1790516482636053891|container|exec_start: /bin/sh -c test -f /tmp/ready|0d096972fa3aef6b612263c2939078291c239df8a9cbcd931079efa08f17bedd|fleetly-founder-default-ord1-leaf.1.na8gd3puwgw0o03bjhnmq2ci6
1790516482660303150|container|exec_die|0d096972fa3aef6b612263c2939078291c239df8a9cbcd931079efa08f17bedd|fleetly-founder-default-ord1-leaf.1.na8gd3puwgw0o03bjhnmq2ci6
1790516483061998326|container|exec_create: /bin/sh -c test -f /tmp/ready|0acab2935ffe06cc91d415cafb956d16fa2e27881e9e5b36da2d7f0e0a785f1c|fleetly-founder-default-ord1-base.1.mkxbor6qrn8pgp5ibyh6mkomi
1790516483062081785|container|exec_start: /bin/sh -c test -f /tmp/ready|0acab2935ffe06cc91d415cafb956d16fa2e27881e9e5b36da2d7f0e0a785f1c|fleetly-founder-default-ord1-base.1.mkxbor6qrn8pgp5ibyh6mkomi
1790516483086194357|container|exec_die|0acab2935ffe06cc91d415cafb956d16fa2e27881e9e5b36da2d7f0e0a785f1c|fleetly-founder-default-ord1-base.1.mkxbor6qrn8pgp5ibyh6mkomi
1790516483470356023|container|exec_create: /bin/sh -c test -f /tmp/ready|e29d02ebb408dde3dc4a497a1e337b05b12809781ca3dd5a58152b00b7cdcc2a|fleetly-founder-default-ord1-mid.1.kqknjj3rye4j95ltnyw80it7y
1790516483470508906|container|exec_start: /bin/sh -c test -f /tmp/ready|e29d02ebb408dde3dc4a497a1e337b05b12809781ca3dd5a58152b00b7cdcc2a|fleetly-founder-default-ord1-mid.1.kqknjj3rye4j95ltnyw80it7y
1790516483495354446|container|exec_die|e29d02ebb408dde3dc4a497a1e337b05b12809781ca3dd5a58152b00b7cdcc2a|fleetly-founder-default-ord1-mid.1.kqknjj3rye4j95ltnyw80it7y
1790516483661086621|container|exec_create: /bin/sh -c test -f /tmp/ready|0d096972fa3aef6b612263c2939078291c239df8a9cbcd931079efa08f17bedd|fleetly-founder-default-ord1-leaf.1.na8gd3puwgw0o03bjhnmq2ci6
1790516483661172807|container|exec_start: /bin/sh -c test -f /tmp/ready|0d096972fa3aef6b612263c2939078291c239df8a9cbcd931079efa08f17bedd|fleetly-founder-default-ord1-leaf.1.na8gd3puwgw0o03bjhnmq2ci6
1790516483686309172|container|exec_die|0d096972fa3aef6b612263c2939078291c239df8a9cbcd931079efa08f17bedd|fleetly-founder-default-ord1-leaf.1.na8gd3puwgw0o03bjhnmq2ci6
1790516484087026333|container|exec_create: /bin/sh -c test -f /tmp/ready|0acab2935ffe06cc91d415cafb956d16fa2e27881e9e5b36da2d7f0e0a785f1c|fleetly-founder-default-ord1-base.1.mkxbor6qrn8pgp5ibyh6mkomi
1790516484087146096|container|exec_start: /bin/sh -c test -f /tmp/ready|0acab2935ffe06cc91d415cafb956d16fa2e27881e9e5b36da2d7f0e0a785f1c|fleetly-founder-default-ord1-base.1.mkxbor6qrn8pgp5ibyh6mkomi
1790516484112253794|container|exec_die|0acab2935ffe06cc91d415cafb956d16fa2e27881e9e5b36da2d7f0e0a785f1c|fleetly-founder-default-ord1-base.1.mkxbor6qrn8pgp5ibyh6mkomi
1790516484496333680|container|exec_create: /bin/sh -c test -f /tmp/ready|e29d02ebb408dde3dc4a497a1e337b05b12809781ca3dd5a58152b00b7cdcc2a|fleetly-founder-default-ord1-mid.1.kqknjj3rye4j95ltnyw80it7y
1790516484496420207|container|exec_start: /bin/sh -c test -f /tmp/ready|e29d02ebb408dde3dc4a497a1e337b05b12809781ca3dd5a58152b00b7cdcc2a|fleetly-founder-default-ord1-mid.1.kqknjj3rye4j95ltnyw80it7y
1790516484521099733|container|exec_die|e29d02ebb408dde3dc4a497a1e337b05b12809781ca3dd5a58152b00b7cdcc2a|fleetly-founder-default-ord1-mid.1.kqknjj3rye4j95ltnyw80it7y
1790516484687520356|container|exec_create: /bin/sh -c test -f /tmp/ready|0d096972fa3aef6b612263c2939078291c239df8a9cbcd931079efa08f17bedd|fleetly-founder-default-ord1-leaf.1.na8gd3puwgw0o03bjhnmq2ci6
1790516484687600972|container|exec_start: /bin/sh -c test -f /tmp/ready|0d096972fa3aef6b612263c2939078291c239df8a9cbcd931079efa08f17bedd|fleetly-founder-default-ord1-leaf.1.na8gd3puwgw0o03bjhnmq2ci6
1790516484712227388|container|exec_die|0d096972fa3aef6b612263c2939078291c239df8a9cbcd931079efa08f17bedd|fleetly-founder-default-ord1-leaf.1.na8gd3puwgw0o03bjhnmq2ci6
1790516485113480970|container|exec_create: /bin/sh -c test -f /tmp/ready|0acab2935ffe06cc91d415cafb956d16fa2e27881e9e5b36da2d7f0e0a785f1c|fleetly-founder-default-ord1-base.1.mkxbor6qrn8pgp5ibyh6mkomi
1790516485113569405|container|exec_start: /bin/sh -c test -f /tmp/ready|0acab2935ffe06cc91d415cafb956d16fa2e27881e9e5b36da2d7f0e0a785f1c|fleetly-founder-default-ord1-base.1.mkxbor6qrn8pgp5ibyh6mkomi
1790516485139336532|container|exec_die|0acab2935ffe06cc91d415cafb956d16fa2e27881e9e5b36da2d7f0e0a785f1c|fleetly-founder-default-ord1-base.1.mkxbor6qrn8pgp5ibyh6mkomi
