{"level":"warn","ts":"2026-09-27T13:40:53.227Z","msg":"master key generated at /var/lib/fleetly/fleetly.key — store it safely and keep it separate from backups (platform env ciphertext cannot be decrypted if it is lost)","service.id":"s4","service.name":"fleetlyd","service.version":"v0.3.0-t20s4"}
{"level":"info","ts":"2026-09-27T13:40:53.233Z","msg":"bootstrap admin token generated and written to file (secret not printed; delete the file after the first successful login)","service.id":"s4","service.name":"fleetlyd","service.version":"v0.3.0-t20s4","path":"/var/lib/fleetly/bootstrap-token"}
{"level":"info","ts":"2026-09-27T13:40:53.236Z","msg":"initializing service","service.version":"v0.3.0-t20s4","service":"http","service.id":"s4","service.name":"fleetlyd"}
{"level":"info","ts":"2026-09-27T13:40:53.236Z","msg":"initialized service","service":"http","service.id":"s4","service.name":"fleetlyd","service.version":"v0.3.0-t20s4"}
{"level":"info","ts":"2026-09-27T13:40:53.236Z","msg":"initializing service","service.name":"fleetlyd","service.version":"v0.3.0-t20s4","service":"grpc","service.id":"s4"}
{"level":"info","ts":"2026-09-27T13:40:53.236Z","msg":"initialized service","service":"grpc","service.id":"s4","service.name":"fleetlyd","service.version":"v0.3.0-t20s4"}
{"level":"info","ts":"2026-09-27T13:40:53.236Z","msg":"initializing service","service.version":"v0.3.0-t20s4","service":"git.ssh","service.id":"s4","service.name":"fleetlyd"}
{"level":"info","ts":"2026-09-27T13:40:53.236Z","msg":"initialized service","service.version":"v0.3.0-t20s4","service":"git.ssh","service.id":"s4","service.name":"fleetlyd"}
{"level":"info","ts":"2026-09-27T13:40:53.236Z","msg":"initializing service","service.id":"s4","service.name":"fleetlyd","service.version":"v0.3.0-t20s4","service":"build.queue"}
{"level":"info","ts":"2026-09-27T13:40:53.236Z","msg":"initialized service","service.name":"fleetlyd","service.version":"v0.3.0-t20s4","service":"build.queue","service.id":"s4"}
{"level":"info","ts":"2026-09-27T13:40:53.236Z","msg":"initializing service","service":"engine.release","service.id":"s4","service.name":"fleetlyd","service.version":"v0.3.0-t20s4"}
{"level":"info","ts":"2026-09-27T13:40:53.236Z","msg":"initialized service","service.name":"fleetlyd","service.version":"v0.3.0-t20s4","service":"engine.release","service.id":"s4"}
{"level":"info","ts":"2026-09-27T13:40:53.236Z","msg":"initializing service","service":"ingress.traefik","service.id":"s4","service.name":"fleetlyd","service.version":"v0.3.0-t20s4"}
{"level":"info","ts":"2026-09-27T13:40:53.236Z","msg":"initialized service","service.name":"fleetlyd","service.version":"v0.3.0-t20s4","service":"ingress.traefik","service.id":"s4"}
{"level":"info","ts":"2026-09-27T13:40:53.236Z","msg":"initializing service","service":"logs.collector","service.id":"s4","service.name":"fleetlyd","service.version":"v0.3.0-t20s4"}
{"level":"info","ts":"2026-09-27T13:40:53.236Z","msg":"initialized service","service.name":"fleetlyd","service.version":"v0.3.0-t20s4","service":"logs.collector","service.id":"s4"}
{"level":"info","ts":"2026-09-27T13:40:53.236Z","msg":"initializing service","service.version":"v0.3.0-t20s4","service":"notify.webhook","service.id":"s4","service.name":"fleetlyd"}
{"level":"info","ts":"2026-09-27T13:40:53.236Z","msg":"initialized service","service.id":"s4","service.name":"fleetlyd","service.version":"v0.3.0-t20s4","service":"notify.webhook"}
{"level":"info","ts":"2026-09-27T13:40:53.236Z","msg":"initializing service","service.id":"s4","service.name":"fleetlyd","service.version":"v0.3.0-t20s4","service":"state.identity"}
{"level":"info","ts":"2026-09-27T13:40:53.236Z","msg":"platform node id created","service.id":"s4","service.name":"fleetlyd","service.version":"v0.3.0-t20s4","node_id":"n_01M3HHHQVMKJAWFVPVWEBN6EN0"}
{"level":"info","ts":"2026-09-27T13:40:53.236Z","msg":"initialized service","service.version":"v0.3.0-t20s4","service":"state.identity","service.id":"s4","service.name":"fleetlyd"}
{"level":"info","ts":"2026-09-27T13:40:53.236Z","msg":"initializing service","service.id":"s4","service.name":"fleetlyd","service.version":"v0.3.0-t20s4","service":"state.observer"}
{"level":"info","ts":"2026-09-27T13:40:53.236Z","msg":"initialized service","service.id":"s4","service.name":"fleetlyd","service.version":"v0.3.0-t20s4","service":"state.observer"}
{"level":"info","ts":"2026-09-27T13:40:53.236Z","msg":"initializing service","service.id":"s4","service.name":"fleetlyd","service.version":"v0.3.0-t20s4","service":"state.janitor"}
{"level":"info","ts":"2026-09-27T13:40:53.236Z","msg":"initialized service","service.id":"s4","service.name":"fleetlyd","service.version":"v0.3.0-t20s4","service":"state.janitor"}
{"level":"info","ts":"2026-09-27T13:40:53.236Z","msg":"initializing service","service.name":"fleetlyd","service.version":"v0.3.0-t20s4","service":"state.backup","service.id":"s4"}
{"level":"info","ts":"2026-09-27T13:40:53.236Z","msg":"initialized service","service.id":"s4","service.name":"fleetlyd","service.version":"v0.3.0-t20s4","service":"state.backup"}
{"level":"info","ts":"2026-09-27T13:40:53.236Z","msg":"initializing service","service.id":"s4","service.name":"fleetlyd","service.version":"v0.3.0-t20s4","service":"objectstore.rustfs"}
{"level":"info","ts":"2026-09-27T13:40:53.236Z","msg":"initialized service","service":"objectstore.rustfs","service.id":"s4","service.name":"fleetlyd","service.version":"v0.3.0-t20s4"}
{"level":"info","ts":"2026-09-27T13:40:53.236Z","msg":"initializing service","service":"logs.victorialogs","service.id":"s4","service.name":"fleetlyd","service.version":"v0.3.0-t20s4"}
{"level":"info","ts":"2026-09-27T13:40:53.236Z","msg":"initialized service","service.name":"fleetlyd","service.version":"v0.3.0-t20s4","service":"logs.victorialogs","service.id":"s4"}
{"level":"info","ts":"2026-09-27T13:40:53.236Z","msg":"initializing service","service":"metrics.stack","service.id":"s4","service.name":"fleetlyd","service.version":"v0.3.0-t20s4"}
{"level":"info","ts":"2026-09-27T13:40:53.236Z","msg":"initialized service","service.id":"s4","service.name":"fleetlyd","service.version":"v0.3.0-t20s4","service":"metrics.stack"}
{"level":"info","ts":"2026-09-27T13:40:53.236Z","msg":"initializing service","service.id":"s4","service.name":"fleetlyd","service.version":"v0.3.0-t20s4","service":"database.converge"}
{"level":"info","ts":"2026-09-27T13:40:53.236Z","msg":"initialized service","service.id":"s4","service.name":"fleetlyd","service.version":"v0.3.0-t20s4","service":"database.converge"}
{"level":"info","ts":"2026-09-27T13:40:53.236Z","msg":"initializing service","service.id":"s4","service.name":"fleetlyd","service.version":"v0.3.0-t20s4","service":"execrelay"}
{"level":"info","ts":"2026-09-27T13:40:53.236Z","msg":"initialized service","service.version":"v0.3.0-t20s4","service":"execrelay","service.id":"s4","service.name":"fleetlyd"}
{"level":"info","ts":"2026-09-27T13:40:53.236Z","msg":"initializing service","service":"cron.schedule","service.id":"s4","service.name":"fleetlyd","service.version":"v0.3.0-t20s4"}
{"level":"info","ts":"2026-09-27T13:40:53.236Z","msg":"initialized service","service.name":"fleetlyd","service.version":"v0.3.0-t20s4","service":"cron.schedule","service.id":"s4"}
{"level":"info","ts":"2026-09-27T13:40:53.236Z","msg":"initializing service","service.id":"s4","service.name":"fleetlyd","service.version":"v0.3.0-t20s4","service":"state.secrets"}
{"level":"info","ts":"2026-09-27T13:40:53.236Z","msg":"initialized service","service":"state.secrets","service.id":"s4","service.name":"fleetlyd","service.version":"v0.3.0-t20s4"}
{"level":"info","ts":"2026-09-27T13:40:53.236Z","msg":"initializing service","service.version":"v0.3.0-t20s4","service":"state.store","service.id":"s4","service.name":"fleetlyd"}
{"level":"info","ts":"2026-09-27T13:40:53.236Z","msg":"initialized service","service.version":"v0.3.0-t20s4","service":"state.store","service.id":"s4","service.name":"fleetlyd"}
{"level":"info","ts":"2026-09-27T13:40:53.236Z","msg":"starting","service.id":"s4","service.name":"fleetlyd","service.version":"v0.3.0-t20s4"}
{"level":"info","ts":"2026-09-27T13:40:53.236Z","msg":"run on-pre-start hooks","service.id":"s4","service.name":"fleetlyd","service.version":"v0.3.0-t20s4"}
{"level":"info","ts":"2026-09-27T13:40:53.236Z","msg":"fleetlyd starting","service.id":"s4","service.name":"fleetlyd","service.version":"v0.3.0-t20s4"}
{"level":"info","ts":"2026-09-27T13:40:53.236Z","msg":"starting service","service.name":"fleetlyd","service.version":"v0.3.0-t20s4","service":"state.janitor","service.id":"s4"}
{"level":"info","ts":"2026-09-27T13:40:53.236Z","msg":"starting service","service.id":"s4","service.name":"fleetlyd","service.version":"v0.3.0-t20s4","service":"engine.release"}
{"level":"info","ts":"2026-09-27T13:40:53.236Z","msg":"starting service","service.name":"fleetlyd","service.version":"v0.3.0-t20s4","service":"state.observer","service.id":"s4"}
{"level":"info","ts":"2026-09-27T13:40:53.236Z","msg":"starting service","service.id":"s4","service.name":"fleetlyd","service.version":"v0.3.0-t20s4","service":"grpc"}
{"level":"info","ts":"2026-09-27T13:40:53.236Z","msg":"starting service","service.id":"s4","service.name":"fleetlyd","service.version":"v0.3.0-t20s4","service":"database.converge"}
{"level":"info","ts":"2026-09-27T13:40:53.237Z","msg":"starting service","service.name":"fleetlyd","service.version":"v0.3.0-t20s4","service":"ingress.traefik","service.id":"s4"}
{"level":"info","ts":"2026-09-27T13:40:53.237Z","msg":"starting service","service.name":"fleetlyd","service.version":"v0.3.0-t20s4","service":"state.backup","service.id":"s4"}
{"level":"info","ts":"2026-09-27T13:40:53.237Z","msg":"starting service","service.version":"v0.3.0-t20s4","service":"git.ssh","service.id":"s4","service.name":"fleetlyd"}
{"level":"info","ts":"2026-09-27T13:40:53.237Z","msg":"starting service","service":"state.identity","service.id":"s4","service.name":"fleetlyd","service.version":"v0.3.0-t20s4"}
{"level":"info","ts":"2026-09-27T13:40:53.237Z","msg":"gitserver: ssh git endpoint disabled (git.enabled=false)","service.name":"fleetlyd","service.version":"v0.3.0-t20s4","service.id":"s4"}
{"level":"info","ts":"2026-09-27T13:40:53.237Z","msg":"starting service","service.id":"s4","service.name":"fleetlyd","service.version":"v0.3.0-t20s4","service":"state.store"}
{"level":"info","ts":"2026-09-27T13:40:53.237Z","msg":"starting service","service.id":"s4","service.name":"fleetlyd","service.version":"v0.3.0-t20s4","service":"build.queue"}
{"level":"info","ts":"2026-09-27T13:40:53.237Z","msg":"starting service","service.version":"v0.3.0-t20s4","service":"logs.victorialogs","service.id":"s4","service.name":"fleetlyd"}
{"level":"info","ts":"2026-09-27T13:40:53.237Z","msg":"starting service","service.version":"v0.3.0-t20s4","service":"http","service.id":"s4","service.name":"fleetlyd"}
{"level":"info","ts":"2026-09-27T13:40:53.237Z","msg":"starting service","service.id":"s4","service.name":"fleetlyd","service.version":"v0.3.0-t20s4","service":"logs.collector"}
{"level":"info","ts":"2026-09-27T13:40:53.237Z","msg":"starting service","service.version":"v0.3.0-t20s4","service":"objectstore.rustfs","service.id":"s4","service.name":"fleetlyd"}
{"level":"info","ts":"2026-09-27T13:40:53.237Z","msg":"starting service","service.version":"v0.3.0-t20s4","service":"notify.webhook","service.id":"s4","service.name":"fleetlyd"}
{"level":"info","ts":"2026-09-27T13:40:53.237Z","msg":"starting service","service.version":"v0.3.0-t20s4","service":"cron.schedule","service.id":"s4","service.name":"fleetlyd"}
{"level":"info","ts":"2026-09-27T13:40:53.237Z","msg":"starting service","service.id":"s4","service.name":"fleetlyd","service.version":"v0.3.0-t20s4","service":"metrics.stack"}
{"level":"info","ts":"2026-09-27T13:40:53.237Z","msg":"starting service","service.name":"fleetlyd","service.version":"v0.3.0-t20s4","service":"execrelay","service.id":"s4"}
{"level":"info","ts":"2026-09-27T13:40:53.237Z","msg":"starting service","service.id":"s4","service.name":"fleetlyd","service.version":"v0.3.0-t20s4","service":"state.secrets"}
{"level":"info","ts":"2026-09-27T13:40:53.237Z","msg":"notify: delivery cursor initialized to the current max event seq (no historical replay)","service.id":"s4","service.name":"fleetlyd","service.version":"v0.3.0-t20s4","max_seq":0}
{"level":"info","ts":"2026-09-27T13:40:53.239Z","msg":"starting gRPC server, listening on 127.0.0.1:8421","service.id":"s4","service.name":"fleetlyd","service.version":"v0.3.0-t20s4"}
{"level":"info","ts":"2026-09-27T13:40:53.239Z","msg":"ingress: config endpoint listening","service.name":"fleetlyd","service.version":"v0.3.0-t20s4","addr":"[::]:8422","service.id":"s4"}
{"level":"info","ts":"2026-09-27T13:40:53.239Z","msg":"starting HTTP server, listening on [::]:8420","service.id":"s4","service.name":"fleetlyd","service.version":"v0.3.0-t20s4","logger":"http-requestlog"}
{"level":"info","ts":"2026-09-27T13:40:53.240Z","msg":"rustfs: quiesced (s3.mode != rustfs; no managed deployment owed)","service.name":"fleetlyd","service.version":"v0.3.0-t20s4","service.id":"s4"}
{"level":"info","ts":"2026-09-27T13:40:53.245Z","msg":"metrics: quiesced (metrics.mode != on; no managed deployment owed)","service.id":"s4","service.name":"fleetlyd","service.version":"v0.3.0-t20s4"}
{"level":"info","ts":"2026-09-27T13:40:53.264Z","msg":"backup: verified snapshot recorded","service.id":"s4","service.name":"fleetlyd","service.version":"v0.3.0-t20s4","id":"01M3HHHQVN3W7GBW1SP27C8Y6T","kind":"daily","size_bytes":552960,"sha256":"71281927866d","schema_version":25}
{"level":"info","ts":"2026-09-27T13:40:53.264Z","msg":"backup: upload skipped (s3.mode=unset; upload track off)","service.id":"s4","service.name":"fleetlyd","service.version":"v0.3.0-t20s4","id":"01M3HHHQVN3W7GBW1SP27C8Y6T"}
{"level":"info","ts":"2026-09-27T13:40:53.277Z","msg":"execrelay: cluster token provisioned (48B, stored as a swarm secret; the control plane keeps only its sha256 hash)","service.id":"s4","service.name":"fleetlyd","service.version":"v0.3.0-t20s4"}
{"level":"info","ts":"2026-09-27T13:40:53.281Z","msg":"platform node id anchored to swarm node","node_id":"n_01M3HHHQVMKJAWFVPVWEBN6EN0","swarm_node_id":"hqc8kvf73o3ubo1vxd6i58z2y","service.id":"s4","service.name":"fleetlyd","service.version":"v0.3.0-t20s4"}
{"level":"info","ts":"2026-09-27T13:40:53.283Z","msg":"ingress: traefik service created","service.id":"s4","service.name":"fleetlyd","service.version":"v0.3.0-t20s4","image":"traefik:v3.5","http_port":80,"https_port":443,"provider_endpoint":"http://10.242.0.10:8422"}
{"level":"info","ts":"2026-09-27T13:40:53.291Z","msg":"execrelay: service created","service":"fleetly-exec","image":"ghcr.io/fleetlyrun/fleetly-exec:v0.2.0-exec.1@sha256:4de40017c620b55b76048c3369f64b3a747c875a4f7bf21ac8c6f88bc4b0793b","control_addr":"10.242.0.10:8420","tls":"ws (plaintext; control_plane.tls is off/manual)","service.id":"s4","service.name":"fleetlyd","service.version":"v0.3.0-t20s4"}
{"level":"info","ts":"2026-09-27T13:40:53.291Z","msg":"execrelay: converged (managed exec relay deployed; global host-network task per node, reverse-dialing the control plane)","service.id":"s4","service.name":"fleetlyd","service.version":"v0.3.0-t20s4","service":"fleetly-exec"}
{"level":"info","ts":"2026-09-27T13:40:53.293Z","msg":"victorialogs: service created","listen":"-httpListenAddr=127.0.0.1:9428","constraint":"node.labels.fleetly.node-id == n_01M3HHHQVMKJAWFVPVWEBN6EN0","service.id":"s4","service.name":"fleetlyd","service.version":"v0.3.0-t20s4","service":"fleetly-victorialogs","image":"victoriametrics/victoria-logs:v1.52.0@sha256:47b820890d64c4575a2a0a46415dcd8a4fd59a0f1fcd6a377693d7aea639442e"}
{"level":"info","ts":"2026-09-27T13:40:53.293Z","msg":"victorialogs: converged (managed VictoriaLogs deployed; loopback-only host publish, the data volume persists across backend switch)","volume":"fleetly-victorialogs-data","service.id":"s4","service.name":"fleetlyd","service.version":"v0.3.0-t20s4","service":"fleetly-victorialogs"}
{"level":"info","ts":"2026-09-27T13:40:54.388Z","msg":"gRPC request","service.id":"s4","service.name":"fleetlyd","service.version":"v0.3.0-t20s4","method":"/fleetly.server.v1.AuthService/Register"}
{"level":"info","ts":"2026-09-27T13:40:54.493Z","msg":"gRPC request completed","service.id":"s4","service.name":"fleetlyd","service.version":"v0.3.0-t20s4","method":"/fleetly.server.v1.AuthService/Register","duration":0.105564695}
{"level":"info","ts":"2026-09-27T13:40:54.739Z","msg":"gRPC request","service.name":"fleetlyd","service.version":"v0.3.0-t20s4","method":"/fleetly.server.v1.TokensService/CreateToken","service.id":"s4"}
{"level":"info","ts":"2026-09-27T13:40:54.741Z","msg":"gRPC request completed","duration":0.001976763,"service.id":"s4","service.name":"fleetlyd","service.version":"v0.3.0-t20s4","method":"/fleetly.server.v1.TokensService/CreateToken"}
{"level":"info","ts":"2026-09-27T13:40:56.100Z","msg":"gRPC request","service.version":"v0.3.0-t20s4","method":"/fleetly.server.v1.DeploymentsService/Deploy","service.id":"s4","service.name":"fleetlyd"}
{"level":"info","ts":"2026-09-27T13:40:56.109Z","msg":"gRPC request completed","service.version":"v0.3.0-t20s4","method":"/fleetly.server.v1.DeploymentsService/Deploy","duration":0.008872971,"service.id":"s4","service.name":"fleetlyd"}
{"level":"info","ts":"2026-09-27T13:40:56.111Z","msg":"gRPC request","service.name":"fleetlyd","service.version":"v0.3.0-t20s4","method":"/fleetly.server.v1.DeploymentsService/GetDeployment","service.id":"s4"}
{"level":"info","ts":"2026-09-27T13:40:56.111Z","msg":"gRPC request completed","service.id":"s4","service.name":"fleetlyd","service.version":"v0.3.0-t20s4","method":"/fleetly.server.v1.DeploymentsService/GetDeployment","duration":0.000307009}
{"level":"info","ts":"2026-09-27T13:40:57.112Z","msg":"gRPC request","method":"/fleetly.server.v1.DeploymentsService/GetDeployment","service.id":"s4","service.name":"fleetlyd","service.version":"v0.3.0-t20s4"}
{"level":"info","ts":"2026-09-27T13:40:57.112Z","msg":"gRPC request completed","service.version":"v0.3.0-t20s4","method":"/fleetly.server.v1.DeploymentsService/GetDeployment","duration":0.000294192,"service.id":"s4","service.name":"fleetlyd"}
{"level":"info","ts":"2026-09-27T13:40:58.112Z","msg":"gRPC request","service.id":"s4","service.name":"fleetlyd","service.version":"v0.3.0-t20s4","method":"/fleetly.server.v1.DeploymentsService/GetDeployment"}
{"level":"info","ts":"2026-09-27T13:40:58.113Z","msg":"gRPC request completed","service.name":"fleetlyd","service.version":"v0.3.0-t20s4","method":"/fleetly.server.v1.DeploymentsService/GetDeployment","duration":0.000339609,"service.id":"s4"}
{"level":"info","ts":"2026-09-27T13:40:59.113Z","msg":"gRPC request","service.id":"s4","service.name":"fleetlyd","service.version":"v0.3.0-t20s4","method":"/fleetly.server.v1.DeploymentsService/GetDeployment"}
{"level":"info","ts":"2026-09-27T13:40:59.114Z","msg":"gRPC request completed","service.id":"s4","service.name":"fleetlyd","service.version":"v0.3.0-t20s4","method":"/fleetly.server.v1.DeploymentsService/GetDeployment","duration":0.000337906}
{"level":"info","ts":"2026-09-27T13:41:00.114Z","msg":"gRPC request","method":"/fleetly.server.v1.DeploymentsService/GetDeployment","service.id":"s4","service.name":"fleetlyd","service.version":"v0.3.0-t20s4"}
{"level":"info","ts":"2026-09-27T13:41:00.114Z","msg":"gRPC request completed","service.name":"fleetlyd","service.version":"v0.3.0-t20s4","method":"/fleetly.server.v1.DeploymentsService/GetDeployment","duration":0.000323852,"service.id":"s4"}
{"level":"info","ts":"2026-09-27T13:41:01.115Z","msg":"gRPC request","method":"/fleetly.server.v1.DeploymentsService/GetDeployment","service.id":"s4","service.name":"fleetlyd","service.version":"v0.3.0-t20s4"}
{"level":"info","ts":"2026-09-27T13:41:01.115Z","msg":"gRPC request completed","service.version":"v0.3.0-t20s4","method":"/fleetly.server.v1.DeploymentsService/GetDeployment","duration":0.000302644,"service.id":"s4","service.name":"fleetlyd"}
{"level":"warn","ts":"2026-09-27T13:41:01.238Z","msg":"logs: ingest to the log backend degraded (streak entered; live tail unaffected)","error":"victorialogs: bulk ingest: Post \"http://127.0.0.1:9428/insert/elasticsearch/_bulk?_stream_fields=app%2Cservice%2Csource\": dial tcp 127.0.0.1:9428: connect: connection refused","service.id":"s4","service.name":"fleetlyd","service.version":"v0.3.0-t20s4"}
{"level":"warn","ts":"2026-09-27T13:41:01.694Z","msg":"execrelay: relay connection rejected","error":{"error":"execrelay: no running relay task matches hostname \"s4\" (membership discovery)","kind":"*errors.errorString","stack":null},"service.id":"s4","service.name":"fleetlyd","service.version":"v0.3.0-t20s4"}
{"level":"info","ts":"2026-09-27T13:41:02.116Z","msg":"gRPC request","service.version":"v0.3.0-t20s4","method":"/fleetly.server.v1.DeploymentsService/GetDeployment","service.id":"s4","service.name":"fleetlyd"}
{"level":"info","ts":"2026-09-27T13:41:02.116Z","msg":"gRPC request completed","duration":0.000310159,"service.id":"s4","service.name":"fleetlyd","service.version":"v0.3.0-t20s4","method":"/fleetly.server.v1.DeploymentsService/GetDeployment"}
{"level":"info","ts":"2026-09-27T13:41:02.697Z","msg":"execrelay: relay registered","hostname":"s4","replaced":false,"service.id":"s4","service.name":"fleetlyd","service.version":"v0.3.0-t20s4","node":"hqc8kvf73o3ubo1vxd6i58z2y"}
{"level":"info","ts":"2026-09-27T13:41:03.117Z","msg":"gRPC request","service.id":"s4","service.name":"fleetlyd","service.version":"v0.3.0-t20s4","method":"/fleetly.server.v1.DeploymentsService/GetDeployment"}
{"level":"info","ts":"2026-09-27T13:41:03.117Z","msg":"gRPC request completed","service.name":"fleetlyd","service.version":"v0.3.0-t20s4","method":"/fleetly.server.v1.DeploymentsService/GetDeployment","duration":0.000286204,"service.id":"s4"}
{"level":"info","ts":"2026-09-27T13:41:04.118Z","msg":"gRPC request","service.id":"s4","service.name":"fleetlyd","service.version":"v0.3.0-t20s4","method":"/fleetly.server.v1.DeploymentsService/GetDeployment"}
{"level":"info","ts":"2026-09-27T13:41:04.118Z","msg":"gRPC request completed","service.id":"s4","service.name":"fleetlyd","service.version":"v0.3.0-t20s4","method":"/fleetly.server.v1.DeploymentsService/GetDeployment","duration":0.000480065}
{"level":"info","ts":"2026-09-27T13:41:05.119Z","msg":"gRPC request","service.id":"s4","service.name":"fleetlyd","service.version":"v0.3.0-t20s4","method":"/fleetly.server.v1.DeploymentsService/GetDeployment"}
{"level":"info","ts":"2026-09-27T13:41:05.119Z","msg":"gRPC request completed","service.id":"s4","service.name":"fleetlyd","service.version":"v0.3.0-t20s4","method":"/fleetly.server.v1.DeploymentsService/GetDeployment","duration":0.000311142}
{"level":"info","ts":"2026-09-27T13:41:06.120Z","msg":"gRPC request","method":"/fleetly.server.v1.DeploymentsService/GetDeployment","service.id":"s4","service.name":"fleetlyd","service.version":"v0.3.0-t20s4"}
{"level":"info","ts":"2026-09-27T13:41:06.120Z","msg":"gRPC request completed","service.name":"fleetlyd","service.version":"v0.3.0-t20s4","method":"/fleetly.server.v1.DeploymentsService/GetDeployment","duration":0.000402709,"service.id":"s4"}
{"level":"info","ts":"2026-09-27T13:41:07.122Z","msg":"gRPC request","service.id":"s4","service.name":"fleetlyd","service.version":"v0.3.0-t20s4","method":"/fleetly.server.v1.DeploymentsService/GetDeployment"}
{"level":"info","ts":"2026-09-27T13:41:07.122Z","msg":"gRPC request completed","duration":0.000474128,"service.id":"s4","service.name":"fleetlyd","service.version":"v0.3.0-t20s4","method":"/fleetly.server.v1.DeploymentsService/GetDeployment"}
{"level":"info","ts":"2026-09-27T13:41:07.261Z","msg":"logs: ingest to the log backend recovered (streak exited)","service.id":"s4","service.name":"fleetlyd","service.version":"v0.3.0-t20s4"}
{"level":"info","ts":"2026-09-27T13:41:08.123Z","msg":"gRPC request","service.id":"s4","service.name":"fleetlyd","service.version":"v0.3.0-t20s4","method":"/fleetly.server.v1.DeploymentsService/GetDeployment"}
{"level":"info","ts":"2026-09-27T13:41:08.123Z","msg":"gRPC request completed","method":"/fleetly.server.v1.DeploymentsService/GetDeployment","duration":0.000334731,"service.id":"s4","service.name":"fleetlyd","service.version":"v0.3.0-t20s4"}
{"level":"info","ts":"2026-09-27T13:41:09.124Z","msg":"gRPC request","service.name":"fleetlyd","service.version":"v0.3.0-t20s4","method":"/fleetly.server.v1.DeploymentsService/GetDeployment","service.id":"s4"}
{"level":"info","ts":"2026-09-27T13:41:09.125Z","msg":"gRPC request completed","service.id":"s4","service.name":"fleetlyd","service.version":"v0.3.0-t20s4","method":"/fleetly.server.v1.DeploymentsService/GetDeployment","duration":0.000352339}
{"level":"info","ts":"2026-09-27T13:41:10.126Z","msg":"gRPC request","service.id":"s4","service.name":"fleetlyd","service.version":"v0.3.0-t20s4","method":"/fleetly.server.v1.DeploymentsService/GetDeployment"}
{"level":"info","ts":"2026-09-27T13:41:10.126Z","msg":"gRPC request completed","service.id":"s4","service.name":"fleetlyd","service.version":"v0.3.0-t20s4","method":"/fleetly.server.v1.DeploymentsService/GetDeployment","duration":0.000345357}
{"level":"info","ts":"2026-09-27T13:41:11.127Z","msg":"gRPC request","service.id":"s4","service.name":"fleetlyd","service.version":"v0.3.0-t20s4","method":"/fleetly.server.v1.DeploymentsService/GetDeployment"}
{"level":"info","ts":"2026-09-27T13:41:11.128Z","msg":"gRPC request completed","method":"/fleetly.server.v1.DeploymentsService/GetDeployment","duration":0.00029801,"service.id":"s4","service.name":"fleetlyd","service.version":"v0.3.0-t20s4"}
{"level":"info","ts":"2026-09-27T13:41:12.128Z","msg":"gRPC request","service.id":"s4","service.name":"fleetlyd","service.version":"v0.3.0-t20s4","method":"/fleetly.server.v1.DeploymentsService/GetDeployment"}
{"level":"info","ts":"2026-09-27T13:41:12.129Z","msg":"gRPC request completed","duration":0.000464263,"service.id":"s4","service.name":"fleetlyd","service.version":"v0.3.0-t20s4","method":"/fleetly.server.v1.DeploymentsService/GetDeployment"}
{"level":"info","ts":"2026-09-27T13:41:13.129Z","msg":"gRPC request","service.name":"fleetlyd","service.version":"v0.3.0-t20s4","method":"/fleetly.server.v1.DeploymentsService/GetDeployment","service.id":"s4"}
{"level":"info","ts":"2026-09-27T13:41:13.130Z","msg":"gRPC request completed","duration":0.000306419,"service.id":"s4","service.name":"fleetlyd","service.version":"v0.3.0-t20s4","method":"/fleetly.server.v1.DeploymentsService/GetDeployment"}
{"level":"info","ts":"2026-09-27T13:41:14.130Z","msg":"gRPC request","service.name":"fleetlyd","service.version":"v0.3.0-t20s4","method":"/fleetly.server.v1.DeploymentsService/GetDeployment","service.id":"s4"}
{"level":"info","ts":"2026-09-27T13:41:14.131Z","msg":"gRPC request completed","method":"/fleetly.server.v1.DeploymentsService/GetDeployment","duration":0.000312323,"service.id":"s4","service.name":"fleetlyd","service.version":"v0.3.0-t20s4"}
{"level":"info","ts":"2026-09-27T13:41:15.131Z","msg":"gRPC request","method":"/fleetly.server.v1.DeploymentsService/GetDeployment","service.id":"s4","service.name":"fleetlyd","service.version":"v0.3.0-t20s4"}
{"level":"info","ts":"2026-09-27T13:41:15.132Z","msg":"gRPC request completed","service.name":"fleetlyd","service.version":"v0.3.0-t20s4","method":"/fleetly.server.v1.DeploymentsService/GetDeployment","duration":0.000332154,"service.id":"s4"}
{"level":"info","ts":"2026-09-27T13:41:16.132Z","msg":"gRPC request","service.id":"s4","service.name":"fleetlyd","service.version":"v0.3.0-t20s4","method":"/fleetly.server.v1.DeploymentsService/GetDeployment"}
{"level":"info","ts":"2026-09-27T13:41:16.133Z","msg":"gRPC request completed","duration":0.000385412,"service.id":"s4","service.name":"fleetlyd","service.version":"v0.3.0-t20s4","method":"/fleetly.server.v1.DeploymentsService/GetDeployment"}
{"level":"info","ts":"2026-09-27T13:41:17.134Z","msg":"gRPC request","service.name":"fleetlyd","service.version":"v0.3.0-t20s4","method":"/fleetly.server.v1.DeploymentsService/GetDeployment","service.id":"s4"}
{"level":"info","ts":"2026-09-27T13:41:17.134Z","msg":"gRPC request completed","service.name":"fleetlyd","service.version":"v0.3.0-t20s4","method":"/fleetly.server.v1.DeploymentsService/GetDeployment","duration":0.000286868,"service.id":"s4"}
{"level":"info","ts":"2026-09-27T13:41:18.135Z","msg":"gRPC request","method":"/fleetly.server.v1.DeploymentsService/GetDeployment","service.id":"s4","service.name":"fleetlyd","service.version":"v0.3.0-t20s4"}
{"level":"info","ts":"2026-09-27T13:41:18.135Z","msg":"gRPC request completed","service.id":"s4","service.name":"fleetlyd","service.version":"v0.3.0-t20s4","method":"/fleetly.server.v1.DeploymentsService/GetDeployment","duration":0.000306802}
{"level":"info","ts":"2026-09-27T13:41:19.136Z","msg":"gRPC request","service.version":"v0.3.0-t20s4","method":"/fleetly.server.v1.DeploymentsService/GetDeployment","service.id":"s4","service.name":"fleetlyd"}
{"level":"info","ts":"2026-09-27T13:41:19.136Z","msg":"gRPC request completed","duration":0.000287858,"service.id":"s4","service.name":"fleetlyd","service.version":"v0.3.0-t20s4","method":"/fleetly.server.v1.DeploymentsService/GetDeployment"}
{"level":"info","ts":"2026-09-27T13:41:20.137Z","msg":"gRPC request","service.version":"v0.3.0-t20s4","method":"/fleetly.server.v1.DeploymentsService/GetDeployment","service.id":"s4","service.name":"fleetlyd"}
{"level":"info","ts":"2026-09-27T13:41:20.137Z","msg":"gRPC request completed","method":"/fleetly.server.v1.DeploymentsService/GetDeployment","duration":0.000314081,"service.id":"s4","service.name":"fleetlyd","service.version":"v0.3.0-t20s4"}
{"level":"info","ts":"2026-09-27T13:41:21.138Z","msg":"gRPC request","service.version":"v0.3.0-t20s4","method":"/fleetly.server.v1.DeploymentsService/GetDeployment","service.id":"s4","service.name":"fleetlyd"}
{"level":"info","ts":"2026-09-27T13:41:21.138Z","msg":"gRPC request completed","service.name":"fleetlyd","service.version":"v0.3.0-t20s4","method":"/fleetly.server.v1.DeploymentsService/GetDeployment","duration":0.000304714,"service.id":"s4"}
{"level":"info","ts":"2026-09-27T13:41:22.139Z","msg":"gRPC request","service.id":"s4","service.name":"fleetlyd","service.version":"v0.3.0-t20s4","method":"/fleetly.server.v1.DeploymentsService/GetDeployment"}
{"level":"info","ts":"2026-09-27T13:41:22.139Z","msg":"gRPC request completed","service.id":"s4","service.name":"fleetlyd","service.version":"v0.3.0-t20s4","method":"/fleetly.server.v1.DeploymentsService/GetDeployment","duration":0.000296921}
{"level":"info","ts":"2026-09-27T13:41:22.298Z","msg":"backup: verified snapshot recorded","kind":"post_deploy","size_bytes":552960,"sha256":"20ec60e93a5a","schema_version":25,"service.id":"s4","service.name":"fleetlyd","service.version":"v0.3.0-t20s4","id":"01M3HHJM7BSF6KR7VPG1E9JM47"}
{"level":"info","ts":"2026-09-27T13:41:22.298Z","msg":"backup: upload skipped (s3.mode=unset; upload track off)","service.version":"v0.3.0-t20s4","id":"01M3HHJM7BSF6KR7VPG1E9JM47","service.id":"s4","service.name":"fleetlyd"}
{"level":"info","ts":"2026-09-27T13:41:23.139Z","msg":"gRPC request","method":"/fleetly.server.v1.DeploymentsService/GetDeployment","service.id":"s4","service.name":"fleetlyd","service.version":"v0.3.0-t20s4"}
{"level":"info","ts":"2026-09-27T13:41:23.139Z","msg":"gRPC request completed","service.name":"fleetlyd","service.version":"v0.3.0-t20s4","method":"/fleetly.server.v1.DeploymentsService/GetDeployment","duration":0.000336681,"service.id":"s4"}
{"level":"info","ts":"2026-09-27T13:41:23.140Z","msg":"gRPC request","service.version":"v0.3.0-t20s4","method":"/fleetly.server.v1.AppsService/GetApp","service.id":"s4","service.name":"fleetlyd"}
{"level":"info","ts":"2026-09-27T13:41:23.140Z","msg":"gRPC request completed","method":"/fleetly.server.v1.AppsService/GetApp","duration":0.000624326,"service.id":"s4","service.name":"fleetlyd","service.version":"v0.3.0-t20s4"}
{"level":"info","ts":"2026-09-27T13:41:25.334Z","msg":"gRPC request","service.version":"v0.3.0-t20s4","method":"/fleetly.server.v1.AppsService/GetApp","service.id":"s4","service.name":"fleetlyd"}
{"level":"info","ts":"2026-09-27T13:41:25.335Z","msg":"gRPC request completed","service.id":"s4","service.name":"fleetlyd","service.version":"v0.3.0-t20s4","method":"/fleetly.server.v1.AppsService/GetApp","duration":0.000538984}
{"level":"info","ts":"2026-09-27T13:41:25.335Z","msg":"gRPC request","service.id":"s4","service.name":"fleetlyd","service.version":"v0.3.0-t20s4","method":"/fleetly.server.v1.DeploymentsService/ListDeployments"}
{"level":"info","ts":"2026-09-27T13:41:25.335Z","msg":"gRPC request completed","service.id":"s4","service.name":"fleetlyd","service.version":"v0.3.0-t20s4","method":"/fleetly.server.v1.DeploymentsService/ListDeployments","duration":0.000395141}
{"level":"info","ts":"2026-09-27T13:41:26.398Z","msg":"gRPC request","service.name":"fleetlyd","service.version":"v0.3.0-t20s4","method":"/fleetly.server.v1.DeploymentsService/Deploy","service.id":"s4"}
{"level":"info","ts":"2026-09-27T13:41:26.400Z","msg":"gRPC request completed","service.name":"fleetlyd","service.version":"v0.3.0-t20s4","method":"/fleetly.server.v1.DeploymentsService/Deploy","duration":0.002052933,"service.id":"s4"}
{"level":"info","ts":"2026-09-27T13:41:26.401Z","msg":"gRPC request","service.id":"s4","service.name":"fleetlyd","service.version":"v0.3.0-t20s4","method":"/fleetly.server.v1.DeploymentsService/GetDeployment"}
{"level":"info","ts":"2026-09-27T13:41:26.401Z","msg":"gRPC request completed","service.version":"v0.3.0-t20s4","method":"/fleetly.server.v1.DeploymentsService/GetDeployment","duration":0.000220618,"service.id":"s4","service.name":"fleetlyd"}
{"level":"info","ts":"2026-09-27T13:41:27.402Z","msg":"gRPC request","service.id":"s4","service.name":"fleetlyd","service.version":"v0.3.0-t20s4","method":"/fleetly.server.v1.DeploymentsService/GetDeployment"}
{"level":"info","ts":"2026-09-27T13:41:27.402Z","msg":"gRPC request completed","service.id":"s4","service.name":"fleetlyd","service.version":"v0.3.0-t20s4","method":"/fleetly.server.v1.DeploymentsService/GetDeployment","duration":0.000315978}
{"level":"info","ts":"2026-09-27T13:41:28.403Z","msg":"gRPC request","service.id":"s4","service.name":"fleetlyd","service.version":"v0.3.0-t20s4","method":"/fleetly.server.v1.DeploymentsService/GetDeployment"}
{"level":"info","ts":"2026-09-27T13:41:28.403Z","msg":"gRPC request completed","method":"/fleetly.server.v1.DeploymentsService/GetDeployment","duration":0.000330302,"service.id":"s4","service.name":"fleetlyd","service.version":"v0.3.0-t20s4"}
{"level":"info","ts":"2026-09-27T13:41:29.404Z","msg":"gRPC request","service.name":"fleetlyd","service.version":"v0.3.0-t20s4","method":"/fleetly.server.v1.DeploymentsService/GetDeployment","service.id":"s4"}
{"level":"info","ts":"2026-09-27T13:41:29.404Z","msg":"gRPC request completed","service.id":"s4","service.name":"fleetlyd","service.version":"v0.3.0-t20s4","method":"/fleetly.server.v1.DeploymentsService/GetDeployment","duration":0.00033876}
{"level":"info","ts":"2026-09-27T13:41:30.405Z","msg":"gRPC request","service.id":"s4","service.name":"fleetlyd","service.version":"v0.3.0-t20s4","method":"/fleetly.server.v1.DeploymentsService/GetDeployment"}
{"level":"info","ts":"2026-09-27T13:41:30.405Z","msg":"gRPC request completed","service.name":"fleetlyd","service.version":"v0.3.0-t20s4","method":"/fleetly.server.v1.DeploymentsService/GetDeployment","duration":0.000318688,"service.id":"s4"}
{"level":"info","ts":"2026-09-27T13:41:31.406Z","msg":"gRPC request","service.id":"s4","service.name":"fleetlyd","service.version":"v0.3.0-t20s4","method":"/fleetly.server.v1.DeploymentsService/GetDeployment"}
{"level":"info","ts":"2026-09-27T13:41:31.406Z","msg":"gRPC request completed","service.id":"s4","service.name":"fleetlyd","service.version":"v0.3.0-t20s4","method":"/fleetly.server.v1.DeploymentsService/GetDeployment","duration":0.000322541}
{"level":"info","ts":"2026-09-27T13:41:32.407Z","msg":"gRPC request","service.id":"s4","service.name":"fleetlyd","service.version":"v0.3.0-t20s4","method":"/fleetly.server.v1.DeploymentsService/GetDeployment"}
{"level":"info","ts":"2026-09-27T13:41:32.407Z","msg":"gRPC request completed","method":"/fleetly.server.v1.DeploymentsService/GetDeployment","duration":0.000350062,"service.id":"s4","service.name":"fleetlyd","service.version":"v0.3.0-t20s4"}
{"level":"info","ts":"2026-09-27T13:41:33.408Z","msg":"gRPC request","service.id":"s4","service.name":"fleetlyd","service.version":"v0.3.0-t20s4","method":"/fleetly.server.v1.DeploymentsService/GetDeployment"}
{"level":"info","ts":"2026-09-27T13:41:33.408Z","msg":"gRPC request completed","service.id":"s4","service.name":"fleetlyd","service.version":"v0.3.0-t20s4","method":"/fleetly.server.v1.DeploymentsService/GetDeployment","duration":0.000310214}
{"level":"info","ts":"2026-09-27T13:41:34.409Z","msg":"gRPC request","service.id":"s4","service.name":"fleetlyd","service.version":"v0.3.0-t20s4","method":"/fleetly.server.v1.DeploymentsService/GetDeployment"}
{"level":"info","ts":"2026-09-27T13:41:34.409Z","msg":"gRPC request completed","service.id":"s4","service.name":"fleetlyd","service.version":"v0.3.0-t20s4","method":"/fleetly.server.v1.DeploymentsService/GetDeployment","duration":0.000300733}
{"level":"info","ts":"2026-09-27T13:41:35.410Z","msg":"gRPC request","service.name":"fleetlyd","service.version":"v0.3.0-t20s4","method":"/fleetly.server.v1.DeploymentsService/GetDeployment","service.id":"s4"}
{"level":"info","ts":"2026-09-27T13:41:35.410Z","msg":"gRPC request completed","method":"/fleetly.server.v1.DeploymentsService/GetDeployment","duration":0.000304651,"service.id":"s4","service.name":"fleetlyd","service.version":"v0.3.0-t20s4"}
{"level":"info","ts":"2026-09-27T13:41:36.411Z","msg":"gRPC request","service.version":"v0.3.0-t20s4","method":"/fleetly.server.v1.DeploymentsService/GetDeployment","service.id":"s4","service.name":"fleetlyd"}
{"level":"info","ts":"2026-09-27T13:41:36.411Z","msg":"gRPC request completed","method":"/fleetly.server.v1.DeploymentsService/GetDeployment","duration":0.000289972,"service.id":"s4","service.name":"fleetlyd","service.version":"v0.3.0-t20s4"}
{"level":"info","ts":"2026-09-27T13:41:37.412Z","msg":"gRPC request","service.version":"v0.3.0-t20s4","method":"/fleetly.server.v1.DeploymentsService/GetDeployment","service.id":"s4","service.name":"fleetlyd"}
{"level":"info","ts":"2026-09-27T13:41:37.412Z","msg":"gRPC request completed","service.id":"s4","service.name":"fleetlyd","service.version":"v0.3.0-t20s4","method":"/fleetly.server.v1.DeploymentsService/GetDeployment","duration":0.000328217}
{"level":"info","ts":"2026-09-27T13:41:38.413Z","msg":"gRPC request","service.id":"s4","service.name":"fleetlyd","service.version":"v0.3.0-t20s4","method":"/fleetly.server.v1.DeploymentsService/GetDeployment"}
{"level":"info","ts":"2026-09-27T13:41:38.413Z","msg":"gRPC request completed","duration":0.00030294,"service.id":"s4","service.name":"fleetlyd","service.version":"v0.3.0-t20s4","method":"/fleetly.server.v1.DeploymentsService/GetDeployment"}
{"level":"info","ts":"2026-09-27T13:41:39.414Z","msg":"gRPC request","service.id":"s4","service.name":"fleetlyd","service.version":"v0.3.0-t20s4","method":"/fleetly.server.v1.DeploymentsService/GetDeployment"}
{"level":"info","ts":"2026-09-27T13:41:39.414Z","msg":"gRPC request completed","service.id":"s4","service.name":"fleetlyd","service.version":"v0.3.0-t20s4","method":"/fleetly.server.v1.DeploymentsService/GetDeployment","duration":0.00030084}
{"level":"info","ts":"2026-09-27T13:41:40.415Z","msg":"gRPC request","service.id":"s4","service.name":"fleetlyd","service.version":"v0.3.0-t20s4","method":"/fleetly.server.v1.DeploymentsService/GetDeployment"}
{"level":"info","ts":"2026-09-27T13:41:40.416Z","msg":"gRPC request completed","service.name":"fleetlyd","service.version":"v0.3.0-t20s4","method":"/fleetly.server.v1.DeploymentsService/GetDeployment","duration":0.000316735,"service.id":"s4"}
{"level":"info","ts":"2026-09-27T13:41:41.416Z","msg":"gRPC request","service.name":"fleetlyd","service.version":"v0.3.0-t20s4","method":"/fleetly.server.v1.DeploymentsService/GetDeployment","service.id":"s4"}
{"level":"info","ts":"2026-09-27T13:41:41.417Z","msg":"gRPC request completed","service.name":"fleetlyd","service.version":"v0.3.0-t20s4","method":"/fleetly.server.v1.DeploymentsService/GetDeployment","duration":0.000319075,"service.id":"s4"}
{"level":"info","ts":"2026-09-27T13:41:42.417Z","msg":"gRPC request","service.id":"s4","service.name":"fleetlyd","service.version":"v0.3.0-t20s4","method":"/fleetly.server.v1.DeploymentsService/GetDeployment"}
{"level":"info","ts":"2026-09-27T13:41:42.418Z","msg":"gRPC request completed","service.name":"fleetlyd","service.version":"v0.3.0-t20s4","method":"/fleetly.server.v1.DeploymentsService/GetDeployment","duration":0.000307245,"service.id":"s4"}
{"level":"info","ts":"2026-09-27T13:41:43.418Z","msg":"gRPC request","service.name":"fleetlyd","service.version":"v0.3.0-t20s4","method":"/fleetly.server.v1.DeploymentsService/GetDeployment","service.id":"s4"}
{"level":"info","ts":"2026-09-27T13:41:43.418Z","msg":"gRPC request completed","service.id":"s4","service.name":"fleetlyd","service.version":"v0.3.0-t20s4","method":"/fleetly.server.v1.DeploymentsService/GetDeployment","duration":0.000315349}
{"level":"info","ts":"2026-09-27T13:41:44.419Z","msg":"gRPC request","method":"/fleetly.server.v1.DeploymentsService/GetDeployment","service.id":"s4","service.name":"fleetlyd","service.version":"v0.3.0-t20s4"}
{"level":"info","ts":"2026-09-27T13:41:44.419Z","msg":"gRPC request completed","service.id":"s4","service.name":"fleetlyd","service.version":"v0.3.0-t20s4","method":"/fleetly.server.v1.DeploymentsService/GetDeployment","duration":0.000295419}
{"level":"info","ts":"2026-09-27T13:41:45.420Z","msg":"gRPC request","service.id":"s4","service.name":"fleetlyd","service.version":"v0.3.0-t20s4","method":"/fleetly.server.v1.DeploymentsService/GetDeployment"}
{"level":"info","ts":"2026-09-27T13:41:45.420Z","msg":"gRPC request completed","service.id":"s4","service.name":"fleetlyd","service.version":"v0.3.0-t20s4","method":"/fleetly.server.v1.DeploymentsService/GetDeployment","duration":0.00032909}
{"level":"info","ts":"2026-09-27T13:41:46.421Z","msg":"gRPC request","service.id":"s4","service.name":"fleetlyd","service.version":"v0.3.0-t20s4","method":"/fleetly.server.v1.DeploymentsService/GetDeployment"}
{"level":"info","ts":"2026-09-27T13:41:46.421Z","msg":"gRPC request completed","service.name":"fleetlyd","service.version":"v0.3.0-t20s4","method":"/fleetly.server.v1.DeploymentsService/GetDeployment","duration":0.000328786,"service.id":"s4"}
{"level":"info","ts":"2026-09-27T13:41:47.422Z","msg":"gRPC request","method":"/fleetly.server.v1.DeploymentsService/GetDeployment","service.id":"s4","service.name":"fleetlyd","service.version":"v0.3.0-t20s4"}
{"level":"info","ts":"2026-09-27T13:41:47.422Z","msg":"gRPC request completed","duration":0.000312044,"service.id":"s4","service.name":"fleetlyd","service.version":"v0.3.0-t20s4","method":"/fleetly.server.v1.DeploymentsService/GetDeployment"}
{"level":"info","ts":"2026-09-27T13:41:48.423Z","msg":"gRPC request","service.id":"s4","service.name":"fleetlyd","service.version":"v0.3.0-t20s4","method":"/fleetly.server.v1.DeploymentsService/GetDeployment"}
{"level":"info","ts":"2026-09-27T13:41:48.423Z","msg":"gRPC request completed","service.id":"s4","service.name":"fleetlyd","service.version":"v0.3.0-t20s4","method":"/fleetly.server.v1.DeploymentsService/GetDeployment","duration":0.000308613}
{"level":"info","ts":"2026-09-27T13:41:49.423Z","msg":"gRPC request","service.id":"s4","service.name":"fleetlyd","service.version":"v0.3.0-t20s4","method":"/fleetly.server.v1.DeploymentsService/GetDeployment"}
{"level":"info","ts":"2026-09-27T13:41:49.424Z","msg":"gRPC request completed","service.version":"v0.3.0-t20s4","method":"/fleetly.server.v1.DeploymentsService/GetDeployment","duration":0.000363023,"service.id":"s4","service.name":"fleetlyd"}
{"level":"info","ts":"2026-09-27T13:41:50.425Z","msg":"gRPC request","service.id":"s4","service.name":"fleetlyd","service.version":"v0.3.0-t20s4","method":"/fleetly.server.v1.DeploymentsService/GetDeployment"}
{"level":"info","ts":"2026-09-27T13:41:50.425Z","msg":"gRPC request completed","service.id":"s4","service.name":"fleetlyd","service.version":"v0.3.0-t20s4","method":"/fleetly.server.v1.DeploymentsService/GetDeployment","duration":0.000303798}
{"level":"info","ts":"2026-09-27T13:41:51.426Z","msg":"gRPC request","service.id":"s4","service.name":"fleetlyd","service.version":"v0.3.0-t20s4","method":"/fleetly.server.v1.DeploymentsService/GetDeployment"}
{"level":"info","ts":"2026-09-27T13:41:51.426Z","msg":"gRPC request completed","service.version":"v0.3.0-t20s4","method":"/fleetly.server.v1.DeploymentsService/GetDeployment","duration":0.000305808,"service.id":"s4","service.name":"fleetlyd"}
{"level":"info","ts":"2026-09-27T13:41:52.426Z","msg":"gRPC request","service.id":"s4","service.name":"fleetlyd","service.version":"v0.3.0-t20s4","method":"/fleetly.server.v1.DeploymentsService/GetDeployment"}
{"level":"info","ts":"2026-09-27T13:41:52.426Z","msg":"gRPC request completed","method":"/fleetly.server.v1.DeploymentsService/GetDeployment","duration":0.000453562,"service.id":"s4","service.name":"fleetlyd","service.version":"v0.3.0-t20s4"}
{"level":"info","ts":"2026-09-27T13:41:53.427Z","msg":"gRPC request","service.id":"s4","service.name":"fleetlyd","service.version":"v0.3.0-t20s4","method":"/fleetly.server.v1.DeploymentsService/GetDeployment"}
{"level":"info","ts":"2026-09-27T13:41:53.427Z","msg":"gRPC request completed","service.id":"s4","service.name":"fleetlyd","service.version":"v0.3.0-t20s4","method":"/fleetly.server.v1.DeploymentsService/GetDeployment","duration":0.000332384}
{"level":"info","ts":"2026-09-27T13:41:54.428Z","msg":"gRPC request","service.name":"fleetlyd","service.version":"v0.3.0-t20s4","method":"/fleetly.server.v1.DeploymentsService/GetDeployment","service.id":"s4"}
{"level":"info","ts":"2026-09-27T13:41:54.428Z","msg":"gRPC request completed","service.id":"s4","service.name":"fleetlyd","service.version":"v0.3.0-t20s4","method":"/fleetly.server.v1.DeploymentsService/GetDeployment","duration":0.00030245}
{"level":"info","ts":"2026-09-27T13:41:55.429Z","msg":"gRPC request","service.id":"s4","service.name":"fleetlyd","service.version":"v0.3.0-t20s4","method":"/fleetly.server.v1.DeploymentsService/GetDeployment"}
{"level":"info","ts":"2026-09-27T13:41:55.429Z","msg":"gRPC request completed","service.id":"s4","service.name":"fleetlyd","service.version":"v0.3.0-t20s4","method":"/fleetly.server.v1.DeploymentsService/GetDeployment","duration":0.000337244}
{"level":"info","ts":"2026-09-27T13:41:56.430Z","msg":"gRPC request","service.name":"fleetlyd","service.version":"v0.3.0-t20s4","method":"/fleetly.server.v1.DeploymentsService/GetDeployment","service.id":"s4"}
{"level":"info","ts":"2026-09-27T13:41:56.430Z","msg":"gRPC request completed","service.name":"fleetlyd","service.version":"v0.3.0-t20s4","method":"/fleetly.server.v1.DeploymentsService/GetDeployment","duration":0.000364742,"service.id":"s4"}
{"level":"info","ts":"2026-09-27T13:41:57.431Z","msg":"gRPC request","service.id":"s4","service.name":"fleetlyd","service.version":"v0.3.0-t20s4","method":"/fleetly.server.v1.DeploymentsService/GetDeployment"}
{"level":"info","ts":"2026-09-27T13:41:57.431Z","msg":"gRPC request completed","service.name":"fleetlyd","service.version":"v0.3.0-t20s4","method":"/fleetly.server.v1.DeploymentsService/GetDeployment","duration":0.000320059,"service.id":"s4"}
{"level":"info","ts":"2026-09-27T13:41:58.432Z","msg":"gRPC request","method":"/fleetly.server.v1.DeploymentsService/GetDeployment","service.id":"s4","service.name":"fleetlyd","service.version":"v0.3.0-t20s4"}
{"level":"info","ts":"2026-09-27T13:41:58.432Z","msg":"gRPC request completed","duration":0.000334871,"service.id":"s4","service.name":"fleetlyd","service.version":"v0.3.0-t20s4","method":"/fleetly.server.v1.DeploymentsService/GetDeployment"}
{"level":"info","ts":"2026-09-27T13:41:59.433Z","msg":"gRPC request","service.id":"s4","service.name":"fleetlyd","service.version":"v0.3.0-t20s4","method":"/fleetly.server.v1.DeploymentsService/GetDeployment"}
{"level":"info","ts":"2026-09-27T13:41:59.433Z","msg":"gRPC request completed","method":"/fleetly.server.v1.DeploymentsService/GetDeployment","duration":0.000346138,"service.id":"s4","service.name":"fleetlyd","service.version":"v0.3.0-t20s4"}
{"level":"info","ts":"2026-09-27T13:42:00.434Z","msg":"gRPC request","method":"/fleetly.server.v1.DeploymentsService/GetDeployment","service.id":"s4","service.name":"fleetlyd","service.version":"v0.3.0-t20s4"}
{"level":"info","ts":"2026-09-27T13:42:00.434Z","msg":"gRPC request completed","service.id":"s4","service.name":"fleetlyd","service.version":"v0.3.0-t20s4","method":"/fleetly.server.v1.DeploymentsService/GetDeployment","duration":0.000321643}
{"level":"info","ts":"2026-09-27T13:42:01.435Z","msg":"gRPC request","method":"/fleetly.server.v1.DeploymentsService/GetDeployment","service.id":"s4","service.name":"fleetlyd","service.version":"v0.3.0-t20s4"}
{"level":"info","ts":"2026-09-27T13:42:01.436Z","msg":"gRPC request completed","service.id":"s4","service.name":"fleetlyd","service.version":"v0.3.0-t20s4","method":"/fleetly.server.v1.DeploymentsService/GetDeployment","duration":0.00033906}
{"level":"info","ts":"2026-09-27T13:42:02.436Z","msg":"gRPC request","service.version":"v0.3.0-t20s4","method":"/fleetly.server.v1.DeploymentsService/GetDeployment","service.id":"s4","service.name":"fleetlyd"}
{"level":"info","ts":"2026-09-27T13:42:02.437Z","msg":"gRPC request completed","duration":0.000298293,"service.id":"s4","service.name":"fleetlyd","service.version":"v0.3.0-t20s4","method":"/fleetly.server.v1.DeploymentsService/GetDeployment"}
{"level":"info","ts":"2026-09-27T13:42:03.437Z","msg":"gRPC request","method":"/fleetly.server.v1.DeploymentsService/GetDeployment","service.id":"s4","service.name":"fleetlyd","service.version":"v0.3.0-t20s4"}
{"level":"info","ts":"2026-09-27T13:42:03.438Z","msg":"gRPC request completed","service.version":"v0.3.0-t20s4","method":"/fleetly.server.v1.DeploymentsService/GetDeployment","duration":0.000354924,"service.id":"s4","service.name":"fleetlyd"}
{"level":"info","ts":"2026-09-27T13:42:04.439Z","msg":"gRPC request","method":"/fleetly.server.v1.DeploymentsService/GetDeployment","service.id":"s4","service.name":"fleetlyd","service.version":"v0.3.0-t20s4"}
{"level":"info","ts":"2026-09-27T13:42:04.440Z","msg":"gRPC request completed","duration":0.000325668,"service.id":"s4","service.name":"fleetlyd","service.version":"v0.3.0-t20s4","method":"/fleetly.server.v1.DeploymentsService/GetDeployment"}
{"level":"info","ts":"2026-09-27T13:42:05.440Z","msg":"gRPC request","service.name":"fleetlyd","service.version":"v0.3.0-t20s4","method":"/fleetly.server.v1.DeploymentsService/GetDeployment","service.id":"s4"}
{"level":"info","ts":"2026-09-27T13:42:05.441Z","msg":"gRPC request completed","duration":0.00031714,"service.id":"s4","service.name":"fleetlyd","service.version":"v0.3.0-t20s4","method":"/fleetly.server.v1.DeploymentsService/GetDeployment"}
{"level":"info","ts":"2026-09-27T13:42:06.441Z","msg":"gRPC request","service.id":"s4","service.name":"fleetlyd","service.version":"v0.3.0-t20s4","method":"/fleetly.server.v1.DeploymentsService/GetDeployment"}
{"level":"info","ts":"2026-09-27T13:42:06.441Z","msg":"gRPC request completed","service.id":"s4","service.name":"fleetlyd","service.version":"v0.3.0-t20s4","method":"/fleetly.server.v1.DeploymentsService/GetDeployment","duration":0.000319355}
{"level":"info","ts":"2026-09-27T13:42:07.442Z","msg":"gRPC request","method":"/fleetly.server.v1.DeploymentsService/GetDeployment","service.id":"s4","service.name":"fleetlyd","service.version":"v0.3.0-t20s4"}
{"level":"info","ts":"2026-09-27T13:42:07.442Z","msg":"gRPC request completed","service.id":"s4","service.name":"fleetlyd","service.version":"v0.3.0-t20s4","method":"/fleetly.server.v1.DeploymentsService/GetDeployment","duration":0.000328076}
{"level":"info","ts":"2026-09-27T13:42:08.443Z","msg":"gRPC request","service.version":"v0.3.0-t20s4","method":"/fleetly.server.v1.DeploymentsService/GetDeployment","service.id":"s4","service.name":"fleetlyd"}
{"level":"info","ts":"2026-09-27T13:42:08.443Z","msg":"gRPC request completed","service.id":"s4","service.name":"fleetlyd","service.version":"v0.3.0-t20s4","method":"/fleetly.server.v1.DeploymentsService/GetDeployment","duration":0.000304297}
{"level":"info","ts":"2026-09-27T13:42:09.444Z","msg":"gRPC request","method":"/fleetly.server.v1.DeploymentsService/GetDeployment","service.id":"s4","service.name":"fleetlyd","service.version":"v0.3.0-t20s4"}
{"level":"info","ts":"2026-09-27T13:42:09.444Z","msg":"gRPC request completed","method":"/fleetly.server.v1.DeploymentsService/GetDeployment","duration":0.000329797,"service.id":"s4","service.name":"fleetlyd","service.version":"v0.3.0-t20s4"}
{"level":"info","ts":"2026-09-27T13:42:10.445Z","msg":"gRPC request","service.name":"fleetlyd","service.version":"v0.3.0-t20s4","method":"/fleetly.server.v1.DeploymentsService/GetDeployment","service.id":"s4"}
{"level":"info","ts":"2026-09-27T13:42:10.445Z","msg":"gRPC request completed","service.name":"fleetlyd","service.version":"v0.3.0-t20s4","method":"/fleetly.server.v1.DeploymentsService/GetDeployment","duration":0.000426771,"service.id":"s4"}
{"level":"info","ts":"2026-09-27T13:42:11.446Z","msg":"gRPC request","service.id":"s4","service.name":"fleetlyd","service.version":"v0.3.0-t20s4","method":"/fleetly.server.v1.DeploymentsService/GetDeployment"}
{"level":"info","ts":"2026-09-27T13:42:11.446Z","msg":"gRPC request completed","duration":0.000354776,"service.id":"s4","service.name":"fleetlyd","service.version":"v0.3.0-t20s4","method":"/fleetly.server.v1.DeploymentsService/GetDeployment"}
{"level":"info","ts":"2026-09-27T13:42:12.447Z","msg":"gRPC request","method":"/fleetly.server.v1.DeploymentsService/GetDeployment","service.id":"s4","service.name":"fleetlyd","service.version":"v0.3.0-t20s4"}
{"level":"info","ts":"2026-09-27T13:42:12.447Z","msg":"gRPC request completed","method":"/fleetly.server.v1.DeploymentsService/GetDeployment","duration":0.000308575,"service.id":"s4","service.name":"fleetlyd","service.version":"v0.3.0-t20s4"}
{"level":"info","ts":"2026-09-27T13:42:13.448Z","msg":"gRPC request","service.id":"s4","service.name":"fleetlyd","service.version":"v0.3.0-t20s4","method":"/fleetly.server.v1.DeploymentsService/GetDeployment"}
{"level":"info","ts":"2026-09-27T13:42:13.448Z","msg":"gRPC request completed","service.id":"s4","service.name":"fleetlyd","service.version":"v0.3.0-t20s4","method":"/fleetly.server.v1.DeploymentsService/GetDeployment","duration":0.000293212}
{"level":"info","ts":"2026-09-27T13:42:14.449Z","msg":"gRPC request","method":"/fleetly.server.v1.DeploymentsService/GetDeployment","service.id":"s4","service.name":"fleetlyd","service.version":"v0.3.0-t20s4"}
{"level":"info","ts":"2026-09-27T13:42:14.449Z","msg":"gRPC request completed","method":"/fleetly.server.v1.DeploymentsService/GetDeployment","duration":0.000295243,"service.id":"s4","service.name":"fleetlyd","service.version":"v0.3.0-t20s4"}
{"level":"info","ts":"2026-09-27T13:42:14.449Z","msg":"gRPC request","service.name":"fleetlyd","service.version":"v0.3.0-t20s4","method":"/fleetly.server.v1.AppsService/GetApp","service.id":"s4"}
{"level":"info","ts":"2026-09-27T13:42:14.450Z","msg":"gRPC request completed","method":"/fleetly.server.v1.AppsService/GetApp","duration":0.000474513,"service.id":"s4","service.name":"fleetlyd","service.version":"v0.3.0-t20s4"}
{"level":"info","ts":"2026-09-27T13:42:16.732Z","msg":"gRPC request","service.version":"v0.3.0-t20s4","method":"/fleetly.server.v1.AppsService/GetApp","service.id":"s4","service.name":"fleetlyd"}
{"level":"info","ts":"2026-09-27T13:42:16.733Z","msg":"gRPC request completed","method":"/fleetly.server.v1.AppsService/GetApp","duration":0.000548204,"service.id":"s4","service.name":"fleetlyd","service.version":"v0.3.0-t20s4"}
{"level":"info","ts":"2026-09-27T13:42:16.733Z","msg":"gRPC request","service.version":"v0.3.0-t20s4","method":"/fleetly.server.v1.DeploymentsService/ListDeployments","service.id":"s4","service.name":"fleetlyd"}
{"level":"info","ts":"2026-09-27T13:42:16.733Z","msg":"gRPC request completed","method":"/fleetly.server.v1.DeploymentsService/ListDeployments","duration":0.000292022,"service.id":"s4","service.name":"fleetlyd","service.version":"v0.3.0-t20s4"}
{"level":"info","ts":"2026-09-27T13:42:16.774Z","msg":"gRPC stream request","service.name":"fleetlyd","service.version":"v0.3.0-t20s4","method":"/fleetly.server.v1.EventsService/WatchEvents","service.id":"s4"}
{"level":"info","ts":"2026-09-27T13:42:19.766Z","msg":"gRPC stream request completed","service.id":"s4","service.name":"fleetlyd","service.version":"v0.3.0-t20s4","method":"/fleetly.server.v1.EventsService/WatchEvents","duration":2.992307565}
