1790515864287672105|network|create|lmgz2n005ehbc3gi1s4bcgoiy|fleetly-founder-default-ord1-net
1790515864292909786|network|update|lmgz2n005ehbc3gi1s4bcgoiy|fleetly-founder-default-ord1-net
1790515864294797278|service|create|zdyssq1fw2ja84tfxklzmhdjf|fleetly-founder-default-ord1-base
1790515864298854862|service|update|zdyssq1fw2ja84tfxklzmhdjf|fleetly-founder-default-ord1-base
1790515864305893434|service|create|xjzdiaftkdxekgw3bgo826cz6|fleetly-founder-default-ord1-leaf
1790515864311741567|service|update|xjzdiaftkdxekgw3bgo826cz6|fleetly-founder-default-ord1-leaf
1790515864316862401|service|create|9pw9tt52zt2b9m076tbsuk5fr|fleetly-founder-default-ord1-mid
1790515864323739153|service|update|9pw9tt52zt2b9m076tbsuk5fr|fleetly-founder-default-ord1-mid
1790515864385139919|node|update|vymu60rwlrrauh30ysmelss19|s4
1790515864640849888|network|create|lmgz2n005ehbc3gi1s4bcgoiy|fleetly-founder-default-ord1-net
1790515864822769371|container|create|91d364af83e54d4bbf448859bb5aea4dc7ce5145767799d8a41c3116002ffc0a|fleetly-founder-default-ord1-mid.1.9psfgg532u71abqe0i31s3vdi
1790515864847026905|container|create|abd0d122a932514cea736ce87fc6f868cee5722b2b952a086faa21bc8452330c|fleetly-founder-default-ord1-leaf.1.u3klhhy1kmigeeow9kd07y7nq
1790515864882802315|container|create|dc7d1c20dca66adb84b830c8f09f7f31ad4f97919a9a168d1ab1acc4ae0f4171|fleetly-founder-default-ord1-base.1.u6vt6r13tkv2e8isjcjqde0pc
1790515865367823805|network|connect|lmgz2n005ehbc3gi1s4bcgoiy|fleetly-founder-default-ord1-net
1790515865386815495|container|start|91d364af83e54d4bbf448859bb5aea4dc7ce5145767799d8a41c3116002ffc0a|fleetly-founder-default-ord1-mid.1.9psfgg532u71abqe0i31s3vdi
1790515865425953554|network|connect|lmgz2n005ehbc3gi1s4bcgoiy|fleetly-founder-default-ord1-net
1790515865443765192|container|start|abd0d122a932514cea736ce87fc6f868cee5722b2b952a086faa21bc8452330c|fleetly-founder-default-ord1-leaf.1.u3klhhy1kmigeeow9kd07y7nq
1790515865606764467|network|connect|lmgz2n005ehbc3gi1s4bcgoiy|fleetly-founder-default-ord1-net
1790515865628853900|container|start|dc7d1c20dca66adb84b830c8f09f7f31ad4f97919a9a168d1ab1acc4ae0f4171|fleetly-founder-default-ord1-base.1.u6vt6r13tkv2e8isjcjqde0pc
1790515865707839461|network|disconnect|lmgz2n005ehbc3gi1s4bcgoiy|fleetly-founder-default-ord1-net
1790515865725741921|container|die|91d364af83e54d4bbf448859bb5aea4dc7ce5145767799d8a41c3116002ffc0a|fleetly-founder-default-ord1-mid.1.9psfgg532u71abqe0i31s3vdi
1790515865785786861|network|disconnect|lmgz2n005ehbc3gi1s4bcgoiy|fleetly-founder-default-ord1-net
1790515865800888408|container|die|abd0d122a932514cea736ce87fc6f868cee5722b2b952a086faa21bc8452330c|fleetly-founder-default-ord1-leaf.1.u3klhhy1kmigeeow9kd07y7nq
1790515866200815604|container|create|cf896c988491ba81a95145f48a27dea4473c4aded526398623e42236bb68cdbd|fleetly-founder-default-ord1-mid.1.9ahstqek9jc1v84zk0ly7w7mj
1790515866219971604|container|create|ca70b9ee8a5e69ced73f7e7cc1b06f0cc646912ede8892be499c006bc1e454ff|fleetly-founder-default-ord1-leaf.1.98e8y3mfcu6ym8jkb5lfm2fng
1790515866630033973|container|exec_create: /bin/sh -c test -f /tmp/ready|dc7d1c20dca66adb84b830c8f09f7f31ad4f97919a9a168d1ab1acc4ae0f4171|fleetly-founder-default-ord1-base.1.u6vt6r13tkv2e8isjcjqde0pc
1790515866630105505|container|exec_start: /bin/sh -c test -f /tmp/ready|dc7d1c20dca66adb84b830c8f09f7f31ad4f97919a9a168d1ab1acc4ae0f4171|fleetly-founder-default-ord1-base.1.u6vt6r13tkv2e8isjcjqde0pc
1790515866655283111|container|exec_die|dc7d1c20dca66adb84b830c8f09f7f31ad4f97919a9a168d1ab1acc4ae0f4171|fleetly-founder-default-ord1-base.1.u6vt6r13tkv2e8isjcjqde0pc
1790515867278072603|image|pull|ghcr.io/fleetlyrun/fleetly-exec:v0.2.0-exec.1@sha256:4de40017c620b55b76048c3369f64b3a747c875a4f7bf21ac8c6f88bc4b0793b|ghcr.io/fleetlyrun/fleetly-exec
1790515867381794489|container|create|cd5c3a1b5454f35e13029b09f1c76e48b7ab025227344c31d528c29480753460|fleetly-exec.vymu60rwlrrauh30ysmelss19.bhmcxiiiv4w9ckor1dc02z34h
1790515867485831149|network|connect|7a7bfa07931d2517fc564436109951e4a2de02a0c986758af2ae672823dab467|host
1790515867504980194|container|start|cd5c3a1b5454f35e13029b09f1c76e48b7ab025227344c31d528c29480753460|fleetly-exec.vymu60rwlrrauh30ysmelss19.bhmcxiiiv4w9ckor1dc02z34h
1790515867656602109|container|exec_create: /bin/sh -c test -f /tmp/ready|dc7d1c20dca66adb84b830c8f09f7f31ad4f97919a9a168d1ab1acc4ae0f4171|fleetly-founder-default-ord1-base.1.u6vt6r13tkv2e8isjcjqde0pc
1790515867656642041|container|exec_start: /bin/sh -c test -f /tmp/ready|dc7d1c20dca66adb84b830c8f09f7f31ad4f97919a9a168d1ab1acc4ae0f4171|fleetly-founder-default-ord1-base.1.u6vt6r13tkv2e8isjcjqde0pc
1790515867681708673|container|exec_die|dc7d1c20dca66adb84b830c8f09f7f31ad4f97919a9a168d1ab1acc4ae0f4171|fleetly-founder-default-ord1-base.1.u6vt6r13tkv2e8isjcjqde0pc
1790515868682402956|container|exec_create: /bin/sh -c test -f /tmp/ready|dc7d1c20dca66adb84b830c8f09f7f31ad4f97919a9a168d1ab1acc4ae0f4171|fleetly-founder-default-ord1-base.1.u6vt6r13tkv2e8isjcjqde0pc
1790515868682498447|container|exec_start: /bin/sh -c test -f /tmp/ready|dc7d1c20dca66adb84b830c8f09f7f31ad4f97919a9a168d1ab1acc4ae0f4171|fleetly-founder-default-ord1-base.1.u6vt6r13tkv2e8isjcjqde0pc
1790515868707131480|container|exec_die|dc7d1c20dca66adb84b830c8f09f7f31ad4f97919a9a168d1ab1acc4ae0f4171|fleetly-founder-default-ord1-base.1.u6vt6r13tkv2e8isjcjqde0pc
1790515869707791853|container|exec_create: /bin/sh -c test -f /tmp/ready|dc7d1c20dca66adb84b830c8f09f7f31ad4f97919a9a168d1ab1acc4ae0f4171|fleetly-founder-default-ord1-base.1.u6vt6r13tkv2e8isjcjqde0pc
1790515869707891582|container|exec_start: /bin/sh -c test -f /tmp/ready|dc7d1c20dca66adb84b830c8f09f7f31ad4f97919a9a168d1ab1acc4ae0f4171|fleetly-founder-default-ord1-base.1.u6vt6r13tkv2e8isjcjqde0pc
1790515869733442673|container|exec_die|dc7d1c20dca66adb84b830c8f09f7f31ad4f97919a9a168d1ab1acc4ae0f4171|fleetly-founder-default-ord1-base.1.u6vt6r13tkv2e8isjcjqde0pc
1790515870734299014|container|exec_create: /bin/sh -c test -f /tmp/ready|dc7d1c20dca66adb84b830c8f09f7f31ad4f97919a9a168d1ab1acc4ae0f4171|fleetly-founder-default-ord1-base.1.u6vt6r13tkv2e8isjcjqde0pc
1790515870734428360|container|exec_start: /bin/sh -c test -f /tmp/ready|dc7d1c20dca66adb84b830c8f09f7f31ad4f97919a9a168d1ab1acc4ae0f4171|fleetly-founder-default-ord1-base.1.u6vt6r13tkv2e8isjcjqde0pc
1790515870759216705|container|exec_die|dc7d1c20dca66adb84b830c8f09f7f31ad4f97919a9a168d1ab1acc4ae0f4171|fleetly-founder-default-ord1-base.1.u6vt6r13tkv2e8isjcjqde0pc
1790515871196096603|network|connect|lmgz2n005ehbc3gi1s4bcgoiy|fleetly-founder-default-ord1-net
1790515871213987783|container|start|cf896c988491ba81a95145f48a27dea4473c4aded526398623e42236bb68cdbd|fleetly-founder-default-ord1-mid.1.9ahstqek9jc1v84zk0ly7w7mj
1790515871340145589|network|connect|lmgz2n005ehbc3gi1s4bcgoiy|fleetly-founder-default-ord1-net
1790515871358151721|container|start|ca70b9ee8a5e69ced73f7e7cc1b06f0cc646912ede8892be499c006bc1e454ff|fleetly-founder-default-ord1-leaf.1.98e8y3mfcu6ym8jkb5lfm2fng
1790515871514990686|network|disconnect|lmgz2n005ehbc3gi1s4bcgoiy|fleetly-founder-default-ord1-net
1790515871534095545|container|die|cf896c988491ba81a95145f48a27dea4473c4aded526398623e42236bb68cdbd|fleetly-founder-default-ord1-mid.1.9ahstqek9jc1v84zk0ly7w7mj
1790515871679011955|network|disconnect|lmgz2n005ehbc3gi1s4bcgoiy|fleetly-founder-default-ord1-net
1790515871693071586|container|die|ca70b9ee8a5e69ced73f7e7cc1b06f0cc646912ede8892be499c006bc1e454ff|fleetly-founder-default-ord1-leaf.1.98e8y3mfcu6ym8jkb5lfm2fng
1790515871759784500|container|exec_create: /bin/sh -c test -f /tmp/ready|dc7d1c20dca66adb84b830c8f09f7f31ad4f97919a9a168d1ab1acc4ae0f4171|fleetly-founder-default-ord1-base.1.u6vt6r13tkv2e8isjcjqde0pc
1790515871759861580|container|exec_start: /bin/sh -c test -f /tmp/ready|dc7d1c20dca66adb84b830c8f09f7f31ad4f97919a9a168d1ab1acc4ae0f4171|fleetly-founder-default-ord1-base.1.u6vt6r13tkv2e8isjcjqde0pc
1790515871785116964|container|exec_die|dc7d1c20dca66adb84b830c8f09f7f31ad4f97919a9a168d1ab1acc4ae0f4171|fleetly-founder-default-ord1-base.1.u6vt6r13tkv2e8isjcjqde0pc
1790515872054050880|container|create|c725c768335f75a8bd1592729793f9ffaa51f80b6e13e81c991868e60118905b|fleetly-founder-default-ord1-leaf.1.zfbo6bl8nrdj7kmrxi2jfofjp
1790515872071183679|container|create|66c9f26cb0de223015bf9e9983be6d75a187224d697f9f1e64923eda42cba08f|fleetly-founder-default-ord1-mid.1.21z8ywr4hdhdriq9plhda1ggw
1790515872785412556|container|exec_create: /bin/sh -c test -f /tmp/ready|dc7d1c20dca66adb84b830c8f09f7f31ad4f97919a9a168d1ab1acc4ae0f4171|fleetly-founder-default-ord1-base.1.u6vt6r13tkv2e8isjcjqde0pc
1790515872785500038|container|exec_start: /bin/sh -c test -f /tmp/ready|dc7d1c20dca66adb84b830c8f09f7f31ad4f97919a9a168d1ab1acc4ae0f4171|fleetly-founder-default-ord1-base.1.u6vt6r13tkv2e8isjcjqde0pc
1790515872812595035|container|exec_die|dc7d1c20dca66adb84b830c8f09f7f31ad4f97919a9a168d1ab1acc4ae0f4171|fleetly-founder-default-ord1-base.1.u6vt6r13tkv2e8isjcjqde0pc
1790515873813029677|container|exec_create: /bin/sh -c test -f /tmp/ready|dc7d1c20dca66adb84b830c8f09f7f31ad4f97919a9a168d1ab1acc4ae0f4171|fleetly-founder-default-ord1-base.1.u6vt6r13tkv2e8isjcjqde0pc
1790515873813109905|container|exec_start: /bin/sh -c test -f /tmp/ready|dc7d1c20dca66adb84b830c8f09f7f31ad4f97919a9a168d1ab1acc4ae0f4171|fleetly-founder-default-ord1-base.1.u6vt6r13tkv2e8isjcjqde0pc
1790515873839855547|container|exec_die|dc7d1c20dca66adb84b830c8f09f7f31ad4f97919a9a168d1ab1acc4ae0f4171|fleetly-founder-default-ord1-base.1.u6vt6r13tkv2e8isjcjqde0pc
1790515873840104132|container|health_status: healthy|dc7d1c20dca66adb84b830c8f09f7f31ad4f97919a9a168d1ab1acc4ae0f4171|fleetly-founder-default-ord1-base.1.u6vt6r13tkv2e8isjcjqde0pc
1790515874840238619|container|exec_create: /bin/sh -c test -f /tmp/ready|dc7d1c20dca66adb84b830c8f09f7f31ad4f97919a9a168d1ab1acc4ae0f4171|fleetly-founder-default-ord1-base.1.u6vt6r13tkv2e8isjcjqde0pc
1790515874840317042|container|exec_start: /bin/sh -c test -f /tmp/ready|dc7d1c20dca66adb84b830c8f09f7f31ad4f97919a9a168d1ab1acc4ae0f4171|fleetly-founder-default-ord1-base.1.u6vt6r13tkv2e8isjcjqde0pc
1790515874865398239|container|exec_die|dc7d1c20dca66adb84b830c8f09f7f31ad4f97919a9a168d1ab1acc4ae0f4171|fleetly-founder-default-ord1-base.1.u6vt6r13tkv2e8isjcjqde0pc
1790515875866280190|container|exec_create: /bin/sh -c test -f /tmp/ready|dc7d1c20dca66adb84b830c8f09f7f31ad4f97919a9a168d1ab1acc4ae0f4171|fleetly-founder-default-ord1-base.1.u6vt6r13tkv2e8isjcjqde0pc
1790515875866344819|container|exec_start: /bin/sh -c test -f /tmp/ready|dc7d1c20dca66adb84b830c8f09f7f31ad4f97919a9a168d1ab1acc4ae0f4171|fleetly-founder-default-ord1-base.1.u6vt6r13tkv2e8isjcjqde0pc
1790515875892965369|container|exec_die|dc7d1c20dca66adb84b830c8f09f7f31ad4f97919a9a168d1ab1acc4ae0f4171|fleetly-founder-default-ord1-base.1.u6vt6r13tkv2e8isjcjqde0pc
1790515876893349576|container|exec_create: /bin/sh -c test -f /tmp/ready|dc7d1c20dca66adb84b830c8f09f7f31ad4f97919a9a168d1ab1acc4ae0f4171|fleetly-founder-default-ord1-base.1.u6vt6r13tkv2e8isjcjqde0pc
1790515876893431971|container|exec_start: /bin/sh -c test -f /tmp/ready|dc7d1c20dca66adb84b830c8f09f7f31ad4f97919a9a168d1ab1acc4ae0f4171|fleetly-founder-default-ord1-base.1.u6vt6r13tkv2e8isjcjqde0pc
1790515876925462490|container|exec_die|dc7d1c20dca66adb84b830c8f09f7f31ad4f97919a9a168d1ab1acc4ae0f4171|fleetly-founder-default-ord1-base.1.u6vt6r13tkv2e8isjcjqde0pc
1790515877020272567|network|connect|lmgz2n005ehbc3gi1s4bcgoiy|fleetly-founder-default-ord1-net
1790515877043302725|container|start|66c9f26cb0de223015bf9e9983be6d75a187224d697f9f1e64923eda42cba08f|fleetly-founder-default-ord1-mid.1.21z8ywr4hdhdriq9plhda1ggw
1790515877169404535|network|connect|lmgz2n005ehbc3gi1s4bcgoiy|fleetly-founder-default-ord1-net
1790515877197324674|container|start|c725c768335f75a8bd1592729793f9ffaa51f80b6e13e81c991868e60118905b|fleetly-founder-default-ord1-leaf.1.zfbo6bl8nrdj7kmrxi2jfofjp
1790515877399232285|network|disconnect|lmgz2n005ehbc3gi1s4bcgoiy|fleetly-founder-default-ord1-net
1790515877476351382|container|die|c725c768335f75a8bd1592729793f9ffaa51f80b6e13e81c991868e60118905b|fleetly-founder-default-ord1-leaf.1.zfbo6bl8nrdj7kmrxi2jfofjp
1790515877854308158|container|create|11c3c634a5983a01e4329184a760f8798851f0edd55b51b8078f858e14b3cfe2|fleetly-founder-default-ord1-leaf.1.i7gcwnyt341219o3vkg9urol3
1790515877925803317|container|exec_create: /bin/sh -c test -f /tmp/ready|dc7d1c20dca66adb84b830c8f09f7f31ad4f97919a9a168d1ab1acc4ae0f4171|fleetly-founder-default-ord1-base.1.u6vt6r13tkv2e8isjcjqde0pc
1790515877925902562|container|exec_start: /bin/sh -c test -f /tmp/ready|dc7d1c20dca66adb84b830c8f09f7f31ad4f97919a9a168d1ab1acc4ae0f4171|fleetly-founder-default-ord1-base.1.u6vt6r13tkv2e8isjcjqde0pc
1790515877952665869|container|exec_die|dc7d1c20dca66adb84b830c8f09f7f31ad4f97919a9a168d1ab1acc4ae0f4171|fleetly-founder-default-ord1-base.1.u6vt6r13tkv2e8isjcjqde0pc
1790515878043530001|container|exec_create: /bin/sh -c test -f /tmp/ready|66c9f26cb0de223015bf9e9983be6d75a187224d697f9f1e64923eda42cba08f|fleetly-founder-default-ord1-mid.1.21z8ywr4hdhdriq9plhda1ggw
1790515878043625198|container|exec_start: /bin/sh -c test -f /tmp/ready|66c9f26cb0de223015bf9e9983be6d75a187224d697f9f1e64923eda42cba08f|fleetly-founder-default-ord1-mid.1.21z8ywr4hdhdriq9plhda1ggw
1790515878070052151|container|exec_die|66c9f26cb0de223015bf9e9983be6d75a187224d697f9f1e64923eda42cba08f|fleetly-founder-default-ord1-mid.1.21z8ywr4hdhdriq9plhda1ggw
1790515878070448460|container|health_status: healthy|66c9f26cb0de223015bf9e9983be6d75a187224d697f9f1e64923eda42cba08f|fleetly-founder-default-ord1-mid.1.21z8ywr4hdhdriq9plhda1ggw
1790515878952969996|container|exec_create: /bin/sh -c test -f /tmp/ready|dc7d1c20dca66adb84b830c8f09f7f31ad4f97919a9a168d1ab1acc4ae0f4171|fleetly-founder-default-ord1-base.1.u6vt6r13tkv2e8isjcjqde0pc
1790515878953059673|container|exec_start: /bin/sh -c test -f /tmp/ready|dc7d1c20dca66adb84b830c8f09f7f31ad4f97919a9a168d1ab1acc4ae0f4171|fleetly-founder-default-ord1-base.1.u6vt6r13tkv2e8isjcjqde0pc
1790515878980709522|container|exec_die|dc7d1c20dca66adb84b830c8f09f7f31ad4f97919a9a168d1ab1acc4ae0f4171|fleetly-founder-default-ord1-base.1.u6vt6r13tkv2e8isjcjqde0pc
1790515879070955391|container|exec_create: /bin/sh -c test -f /tmp/ready|66c9f26cb0de223015bf9e9983be6d75a187224d697f9f1e64923eda42cba08f|fleetly-founder-default-ord1-mid.1.21z8ywr4hdhdriq9plhda1ggw
1790515879071048796|container|exec_start: /bin/sh -c test -f /tmp/ready|66c9f26cb0de223015bf9e9983be6d75a187224d697f9f1e64923eda42cba08f|fleetly-founder-default-ord1-mid.1.21z8ywr4hdhdriq9plhda1ggw
1790515879101618454|container|exec_die|66c9f26cb0de223015bf9e9983be6d75a187224d697f9f1e64923eda42cba08f|fleetly-founder-default-ord1-mid.1.21z8ywr4hdhdriq9plhda1ggw
1790515879981787013|container|exec_create: /bin/sh -c test -f /tmp/ready|dc7d1c20dca66adb84b830c8f09f7f31ad4f97919a9a168d1ab1acc4ae0f4171|fleetly-founder-default-ord1-base.1.u6vt6r13tkv2e8isjcjqde0pc
1790515879982002762|container|exec_start: /bin/sh -c test -f /tmp/ready|dc7d1c20dca66adb84b830c8f09f7f31ad4f97919a9a168d1ab1acc4ae0f4171|fleetly-founder-default-ord1-base.1.u6vt6r13tkv2e8isjcjqde0pc
1790515880008943629|container|exec_die|dc7d1c20dca66adb84b830c8f09f7f31ad4f97919a9a168d1ab1acc4ae0f4171|fleetly-founder-default-ord1-base.1.u6vt6r13tkv2e8isjcjqde0pc
1790515880102055801|container|exec_create: /bin/sh -c test -f /tmp/ready|66c9f26cb0de223015bf9e9983be6d75a187224d697f9f1e64923eda42cba08f|fleetly-founder-default-ord1-mid.1.21z8ywr4hdhdriq9plhda1ggw
1790515880102110208|container|exec_start: /bin/sh -c test -f /tmp/ready|66c9f26cb0de223015bf9e9983be6d75a187224d697f9f1e64923eda42cba08f|fleetly-founder-default-ord1-mid.1.21z8ywr4hdhdriq9plhda1ggw
1790515880129790851|container|exec_die|66c9f26cb0de223015bf9e9983be6d75a187224d697f9f1e64923eda42cba08f|fleetly-founder-default-ord1-mid.1.21z8ywr4hdhdriq9plhda1ggw
1790515881009519038|container|exec_create: /bin/sh -c test -f /tmp/ready|dc7d1c20dca66adb84b830c8f09f7f31ad4f97919a9a168d1ab1acc4ae0f4171|fleetly-founder-default-ord1-base.1.u6vt6r13tkv2e8isjcjqde0pc
1790515881009582416|container|exec_start: /bin/sh -c test -f /tmp/ready|dc7d1c20dca66adb84b830c8f09f7f31ad4f97919a9a168d1ab1acc4ae0f4171|fleetly-founder-default-ord1-base.1.u6vt6r13tkv2e8isjcjqde0pc
1790515881038764435|container|exec_die|dc7d1c20dca66adb84b830c8f09f7f31ad4f97919a9a168d1ab1acc4ae0f4171|fleetly-founder-default-ord1-base.1.u6vt6r13tkv2e8isjcjqde0pc
1790515881130304703|container|exec_create: /bin/sh -c test -f /tmp/ready|66c9f26cb0de223015bf9e9983be6d75a187224d697f9f1e64923eda42cba08f|fleetly-founder-default-ord1-mid.1.21z8ywr4hdhdriq9plhda1ggw
1790515881130369078|container|exec_start: /bin/sh -c test -f /tmp/ready|66c9f26cb0de223015bf9e9983be6d75a187224d697f9f1e64923eda42cba08f|fleetly-founder-default-ord1-mid.1.21z8ywr4hdhdriq9plhda1ggw
1790515881156778652|container|exec_die|66c9f26cb0de223015bf9e9983be6d75a187224d697f9f1e64923eda42cba08f|fleetly-founder-default-ord1-mid.1.21z8ywr4hdhdriq9plhda1ggw
1790515882039038404|container|exec_create: /bin/sh -c test -f /tmp/ready|dc7d1c20dca66adb84b830c8f09f7f31ad4f97919a9a168d1ab1acc4ae0f4171|fleetly-founder-default-ord1-base.1.u6vt6r13tkv2e8isjcjqde0pc
1790515882039139079|container|exec_start: /bin/sh -c test -f /tmp/ready|dc7d1c20dca66adb84b830c8f09f7f31ad4f97919a9a168d1ab1acc4ae0f4171|fleetly-founder-default-ord1-base.1.u6vt6r13tkv2e8isjcjqde0pc
1790515882076099214|container|exec_die|dc7d1c20dca66adb84b830c8f09f7f31ad4f97919a9a168d1ab1acc4ae0f4171|fleetly-founder-default-ord1-base.1.u6vt6r13tkv2e8isjcjqde0pc
1790515882157210237|container|exec_create: /bin/sh -c test -f /tmp/ready|66c9f26cb0de223015bf9e9983be6d75a187224d697f9f1e64923eda42cba08f|fleetly-founder-default-ord1-mid.1.21z8ywr4hdhdriq9plhda1ggw
1790515882157311278|container|exec_start: /bin/sh -c test -f /tmp/ready|66c9f26cb0de223015bf9e9983be6d75a187224d697f9f1e64923eda42cba08f|fleetly-founder-default-ord1-mid.1.21z8ywr4hdhdriq9plhda1ggw
1790515882184642283|container|exec_die|66c9f26cb0de223015bf9e9983be6d75a187224d697f9f1e64923eda42cba08f|fleetly-founder-default-ord1-mid.1.21z8ywr4hdhdriq9plhda1ggw
1790515882943277519|network|connect|lmgz2n005ehbc3gi1s4bcgoiy|fleetly-founder-default-ord1-net
1790515882962368244|container|start|11c3c634a5983a01e4329184a760f8798851f0edd55b51b8078f858e14b3cfe2|fleetly-founder-default-ord1-leaf.1.i7gcwnyt341219o3vkg9urol3
1790515883075607298|container|exec_create: /bin/sh -c test -f /tmp/ready|dc7d1c20dca66adb84b830c8f09f7f31ad4f97919a9a168d1ab1acc4ae0f4171|fleetly-founder-default-ord1-base.1.u6vt6r13tkv2e8isjcjqde0pc
1790515883075692811|container|exec_start: /bin/sh -c test -f /tmp/ready|dc7d1c20dca66adb84b830c8f09f7f31ad4f97919a9a168d1ab1acc4ae0f4171|fleetly-founder-default-ord1-base.1.u6vt6r13tkv2e8isjcjqde0pc
1790515883103744099|container|exec_die|dc7d1c20dca66adb84b830c8f09f7f31ad4f97919a9a168d1ab1acc4ae0f4171|fleetly-founder-default-ord1-base.1.u6vt6r13tkv2e8isjcjqde0pc
1790515883183912962|container|exec_create: /bin/sh -c test -f /tmp/ready|66c9f26cb0de223015bf9e9983be6d75a187224d697f9f1e64923eda42cba08f|fleetly-founder-default-ord1-mid.1.21z8ywr4hdhdriq9plhda1ggw
1790515883184003727|container|exec_start: /bin/sh -c test -f /tmp/ready|66c9f26cb0de223015bf9e9983be6d75a187224d697f9f1e64923eda42cba08f|fleetly-founder-default-ord1-mid.1.21z8ywr4hdhdriq9plhda1ggw
1790515883209395794|container|exec_die|66c9f26cb0de223015bf9e9983be6d75a187224d697f9f1e64923eda42cba08f|fleetly-founder-default-ord1-mid.1.21z8ywr4hdhdriq9plhda1ggw
1790515883859358892|image|pull|moby/buildkit:v0.32.2|moby/buildkit
1790515883962666444|container|exec_create: /bin/sh -c test -f /tmp/ready|11c3c634a5983a01e4329184a760f8798851f0edd55b51b8078f858e14b3cfe2|fleetly-founder-default-ord1-leaf.1.i7gcwnyt341219o3vkg9urol3
1790515883962844408|container|exec_start: /bin/sh -c test -f /tmp/ready|11c3c634a5983a01e4329184a760f8798851f0edd55b51b8078f858e14b3cfe2|fleetly-founder-default-ord1-leaf.1.i7gcwnyt341219o3vkg9urol3
1790515883994183502|container|exec_die|11c3c634a5983a01e4329184a760f8798851f0edd55b51b8078f858e14b3cfe2|fleetly-founder-default-ord1-leaf.1.i7gcwnyt341219o3vkg9urol3
1790515883994574638|container|health_status: healthy|11c3c634a5983a01e4329184a760f8798851f0edd55b51b8078f858e14b3cfe2|fleetly-founder-default-ord1-leaf.1.i7gcwnyt341219o3vkg9urol3
1790515884048284569|container|create|d2306cd0d501304c0dcb3e3317a032586730b820efc01d4bf19763e4c2ebb7a1|fleetly-buildkit
1790515884060551903|volume|mount|fleetly-buildkit-cache|<no value>
1790515884104155653|container|exec_create: /bin/sh -c test -f /tmp/ready|dc7d1c20dca66adb84b830c8f09f7f31ad4f97919a9a168d1ab1acc4ae0f4171|fleetly-founder-default-ord1-base.1.u6vt6r13tkv2e8isjcjqde0pc
1790515884104246431|container|exec_start: /bin/sh -c test -f /tmp/ready|dc7d1c20dca66adb84b830c8f09f7f31ad4f97919a9a168d1ab1acc4ae0f4171|fleetly-founder-default-ord1-base.1.u6vt6r13tkv2e8isjcjqde0pc
1790515884156476973|container|exec_die|dc7d1c20dca66adb84b830c8f09f7f31ad4f97919a9a168d1ab1acc4ae0f4171|fleetly-founder-default-ord1-base.1.u6vt6r13tkv2e8isjcjqde0pc
1790515884197263398|network|connect|2d0355bb97a7dc039cb79e31dbe913979f7cd795d9545896b6554bbe53b5338c|bridge
1790515884209882407|container|exec_create: /bin/sh -c test -f /tmp/ready|66c9f26cb0de223015bf9e9983be6d75a187224d697f9f1e64923eda42cba08f|fleetly-founder-default-ord1-mid.1.21z8ywr4hdhdriq9plhda1ggw
1790515884209971835|container|exec_start: /bin/sh -c test -f /tmp/ready|66c9f26cb0de223015bf9e9983be6d75a187224d697f9f1e64923eda42cba08f|fleetly-founder-default-ord1-mid.1.21z8ywr4hdhdriq9plhda1ggw
1790515884216418367|container|start|d2306cd0d501304c0dcb3e3317a032586730b820efc01d4bf19763e4c2ebb7a1|fleetly-buildkit
1790515884231096377|container|exec_create: buildctl dial-stdio|d2306cd0d501304c0dcb3e3317a032586730b820efc01d4bf19763e4c2ebb7a1|fleetly-buildkit
1790515884231597074|container|exec_start: buildctl dial-stdio|d2306cd0d501304c0dcb3e3317a032586730b820efc01d4bf19763e4c2ebb7a1|fleetly-buildkit
1790515884240600592|container|exec_die|66c9f26cb0de223015bf9e9983be6d75a187224d697f9f1e64923eda42cba08f|fleetly-founder-default-ord1-mid.1.21z8ywr4hdhdriq9plhda1ggw
1790515884412370546|container|exec_die|d2306cd0d501304c0dcb3e3317a032586730b820efc01d4bf19763e4c2ebb7a1|fleetly-buildkit
1790515884995072644|container|exec_create: /bin/sh -c test -f /tmp/ready|11c3c634a5983a01e4329184a760f8798851f0edd55b51b8078f858e14b3cfe2|fleetly-founder-default-ord1-leaf.1.i7gcwnyt341219o3vkg9urol3
1790515884995136643|container|exec_start: /bin/sh -c test -f /tmp/ready|11c3c634a5983a01e4329184a760f8798851f0edd55b51b8078f858e14b3cfe2|fleetly-founder-default-ord1-leaf.1.i7gcwnyt341219o3vkg9urol3
1790515885020441102|container|exec_die|11c3c634a5983a01e4329184a760f8798851f0edd55b51b8078f858e14b3cfe2|fleetly-founder-default-ord1-leaf.1.i7gcwnyt341219o3vkg9urol3
1790515885157460628|container|exec_create: /bin/sh -c test -f /tmp/ready|dc7d1c20dca66adb84b830c8f09f7f31ad4f97919a9a168d1ab1acc4ae0f4171|fleetly-founder-default-ord1-base.1.u6vt6r13tkv2e8isjcjqde0pc
1790515885157533667|container|exec_start: /bin/sh -c test -f /tmp/ready|dc7d1c20dca66adb84b830c8f09f7f31ad4f97919a9a168d1ab1acc4ae0f4171|fleetly-founder-default-ord1-base.1.u6vt6r13tkv2e8isjcjqde0pc
1790515885182901827|container|exec_die|dc7d1c20dca66adb84b830c8f09f7f31ad4f97919a9a168d1ab1acc4ae0f4171|fleetly-founder-default-ord1-base.1.u6vt6r13tkv2e8isjcjqde0pc
1790515885241344466|container|exec_create: /bin/sh -c test -f /tmp/ready|66c9f26cb0de223015bf9e9983be6d75a187224d697f9f1e64923eda42cba08f|fleetly-founder-default-ord1-mid.1.21z8ywr4hdhdriq9plhda1ggw
1790515885241439897|container|exec_start: /bin/sh -c test -f /tmp/ready|66c9f26cb0de223015bf9e9983be6d75a187224d697f9f1e64923eda42cba08f|fleetly-founder-default-ord1-mid.1.21z8ywr4hdhdriq9plhda1ggw
1790515885266688808|container|exec_die|66c9f26cb0de223015bf9e9983be6d75a187224d697f9f1e64923eda42cba08f|fleetly-founder-default-ord1-mid.1.21z8ywr4hdhdriq9plhda1ggw
1790515886021738057|container|exec_create: /bin/sh -c test -f /tmp/ready|11c3c634a5983a01e4329184a760f8798851f0edd55b51b8078f858e14b3cfe2|fleetly-founder-default-ord1-leaf.1.i7gcwnyt341219o3vkg9urol3
1790515886021807337|container|exec_start: /bin/sh -c test -f /tmp/ready|11c3c634a5983a01e4329184a760f8798851f0edd55b51b8078f858e14b3cfe2|fleetly-founder-default-ord1-leaf.1.i7gcwnyt341219o3vkg9urol3
1790515886046672682|container|exec_die|11c3c634a5983a01e4329184a760f8798851f0edd55b51b8078f858e14b3cfe2|fleetly-founder-default-ord1-leaf.1.i7gcwnyt341219o3vkg9urol3
1790515886183252658|container|exec_create: /bin/sh -c test -f /tmp/ready|dc7d1c20dca66adb84b830c8f09f7f31ad4f97919a9a168d1ab1acc4ae0f4171|fleetly-founder-default-ord1-base.1.u6vt6r13tkv2e8isjcjqde0pc
1790515886183349627|container|exec_start: /bin/sh -c test -f /tmp/ready|dc7d1c20dca66adb84b830c8f09f7f31ad4f97919a9a168d1ab1acc4ae0f4171|fleetly-founder-default-ord1-base.1.u6vt6r13tkv2e8isjcjqde0pc
1790515886208785458|container|exec_die|dc7d1c20dca66adb84b830c8f09f7f31ad4f97919a9a168d1ab1acc4ae0f4171|fleetly-founder-default-ord1-base.1.u6vt6r13tkv2e8isjcjqde0pc
1790515886267735997|container|exec_create: /bin/sh -c test -f /tmp/ready|66c9f26cb0de223015bf9e9983be6d75a187224d697f9f1e64923eda42cba08f|fleetly-founder-default-ord1-mid.1.21z8ywr4hdhdriq9plhda1ggw
1790515886267809871|container|exec_start: /bin/sh -c test -f /tmp/ready|66c9f26cb0de223015bf9e9983be6d75a187224d697f9f1e64923eda42cba08f|fleetly-founder-default-ord1-mid.1.21z8ywr4hdhdriq9plhda1ggw
1790515886292474044|container|exec_die|66c9f26cb0de223015bf9e9983be6d75a187224d697f9f1e64923eda42cba08f|fleetly-founder-default-ord1-mid.1.21z8ywr4hdhdriq9plhda1ggw
1790515887047037496|container|exec_create: /bin/sh -c test -f /tmp/ready|11c3c634a5983a01e4329184a760f8798851f0edd55b51b8078f858e14b3cfe2|fleetly-founder-default-ord1-leaf.1.i7gcwnyt341219o3vkg9urol3
1790515887047144429|container|exec_start: /bin/sh -c test -f /tmp/ready|11c3c634a5983a01e4329184a760f8798851f0edd55b51b8078f858e14b3cfe2|fleetly-founder-default-ord1-leaf.1.i7gcwnyt341219o3vkg9urol3
1790515887072842320|container|exec_die|11c3c634a5983a01e4329184a760f8798851f0edd55b51b8078f858e14b3cfe2|fleetly-founder-default-ord1-leaf.1.i7gcwnyt341219o3vkg9urol3
1790515887209152221|container|exec_create: /bin/sh -c test -f /tmp/ready|dc7d1c20dca66adb84b830c8f09f7f31ad4f97919a9a168d1ab1acc4ae0f4171|fleetly-founder-default-ord1-base.1.u6vt6r13tkv2e8isjcjqde0pc
1790515887209226736|container|exec_start: /bin/sh -c test -f /tmp/ready|dc7d1c20dca66adb84b830c8f09f7f31ad4f97919a9a168d1ab1acc4ae0f4171|fleetly-founder-default-ord1-base.1.u6vt6r13tkv2e8isjcjqde0pc
1790515887234584121|container|exec_die|dc7d1c20dca66adb84b830c8f09f7f31ad4f97919a9a168d1ab1acc4ae0f4171|fleetly-founder-default-ord1-base.1.u6vt6r13tkv2e8isjcjqde0pc
1790515887292765302|container|exec_create: /bin/sh -c test -f /tmp/ready|66c9f26cb0de223015bf9e9983be6d75a187224d697f9f1e64923eda42cba08f|fleetly-founder-default-ord1-mid.1.21z8ywr4hdhdriq9plhda1ggw
1790515887292825991|container|exec_start: /bin/sh -c test -f /tmp/ready|66c9f26cb0de223015bf9e9983be6d75a187224d697f9f1e64923eda42cba08f|fleetly-founder-default-ord1-mid.1.21z8ywr4hdhdriq9plhda1ggw
1790515887322029171|container|exec_die|66c9f26cb0de223015bf9e9983be6d75a187224d697f9f1e64923eda42cba08f|fleetly-founder-default-ord1-mid.1.21z8ywr4hdhdriq9plhda1ggw
1790515888074075432|container|exec_create: /bin/sh -c test -f /tmp/ready|11c3c634a5983a01e4329184a760f8798851f0edd55b51b8078f858e14b3cfe2|fleetly-founder-default-ord1-leaf.1.i7gcwnyt341219o3vkg9urol3
1790515888074175692|container|exec_start: /bin/sh -c test -f /tmp/ready|11c3c634a5983a01e4329184a760f8798851f0edd55b51b8078f858e14b3cfe2|fleetly-founder-default-ord1-leaf.1.i7gcwnyt341219o3vkg9urol3
1790515888098762742|container|exec_die|11c3c634a5983a01e4329184a760f8798851f0edd55b51b8078f858e14b3cfe2|fleetly-founder-default-ord1-leaf.1.i7gcwnyt341219o3vkg9urol3
1790515888235892452|container|exec_create: /bin/sh -c test -f /tmp/ready|dc7d1c20dca66adb84b830c8f09f7f31ad4f97919a9a168d1ab1acc4ae0f4171|fleetly-founder-default-ord1-base.1.u6vt6r13tkv2e8isjcjqde0pc
1790515888235959324|container|exec_start: /bin/sh -c test -f /tmp/ready|dc7d1c20dca66adb84b830c8f09f7f31ad4f97919a9a168d1ab1acc4ae0f4171|fleetly-founder-default-ord1-base.1.u6vt6r13tkv2e8isjcjqde0pc
1790515888261207001|container|exec_die|dc7d1c20dca66adb84b830c8f09f7f31ad4f97919a9a168d1ab1acc4ae0f4171|fleetly-founder-default-ord1-base.1.u6vt6r13tkv2e8isjcjqde0pc
1790515888323246443|container|exec_create: /bin/sh -c test -f /tmp/ready|66c9f26cb0de223015bf9e9983be6d75a187224d697f9f1e64923eda42cba08f|fleetly-founder-default-ord1-mid.1.21z8ywr4hdhdriq9plhda1ggw
1790515888323315576|container|exec_start: /bin/sh -c test -f /tmp/ready|66c9f26cb0de223015bf9e9983be6d75a187224d697f9f1e64923eda42cba08f|fleetly-founder-default-ord1-mid.1.21z8ywr4hdhdriq9plhda1ggw
1790515888348709011|container|exec_die|66c9f26cb0de223015bf9e9983be6d75a187224d697f9f1e64923eda42cba08f|fleetly-founder-default-ord1-mid.1.21z8ywr4hdhdriq9plhda1ggw
1790515889100055076|container|exec_create: /bin/sh -c test -f /tmp/ready|11c3c634a5983a01e4329184a760f8798851f0edd55b51b8078f858e14b3cfe2|fleetly-founder-default-ord1-leaf.1.i7gcwnyt341219o3vkg9urol3
1790515889100168456|container|exec_start: /bin/sh -c test -f /tmp/ready|11c3c634a5983a01e4329184a760f8798851f0edd55b51b8078f858e14b3cfe2|fleetly-founder-default-ord1-leaf.1.i7gcwnyt341219o3vkg9urol3
1790515889124433565|container|exec_die|11c3c634a5983a01e4329184a760f8798851f0edd55b51b8078f858e14b3cfe2|fleetly-founder-default-ord1-leaf.1.i7gcwnyt341219o3vkg9urol3
1790515889261640183|container|exec_create: /bin/sh -c test -f /tmp/ready|dc7d1c20dca66adb84b830c8f09f7f31ad4f97919a9a168d1ab1acc4ae0f4171|fleetly-founder-default-ord1-base.1.u6vt6r13tkv2e8isjcjqde0pc
1790515889261735117|container|exec_start: /bin/sh -c test -f /tmp/ready|dc7d1c20dca66adb84b830c8f09f7f31ad4f97919a9a168d1ab1acc4ae0f4171|fleetly-founder-default-ord1-base.1.u6vt6r13tkv2e8isjcjqde0pc
1790515889286950495|container|exec_die|dc7d1c20dca66adb84b830c8f09f7f31ad4f97919a9a168d1ab1acc4ae0f4171|fleetly-founder-default-ord1-base.1.u6vt6r13tkv2e8isjcjqde0pc
1790515889349365392|container|exec_create: /bin/sh -c test -f /tmp/ready|66c9f26cb0de223015bf9e9983be6d75a187224d697f9f1e64923eda42cba08f|fleetly-founder-default-ord1-mid.1.21z8ywr4hdhdriq9plhda1ggw
1790515889349509906|container|exec_start: /bin/sh -c test -f /tmp/ready|66c9f26cb0de223015bf9e9983be6d75a187224d697f9f1e64923eda42cba08f|fleetly-founder-default-ord1-mid.1.21z8ywr4hdhdriq9plhda1ggw
1790515889373547026|container|exec_die|66c9f26cb0de223015bf9e9983be6d75a187224d697f9f1e64923eda42cba08f|fleetly-founder-default-ord1-mid.1.21z8ywr4hdhdriq9plhda1ggw
1790515889972160629|image|pull|traefik:v3.5|traefik
1790515890108616141|container|create|eef65855a1c12f1ab316e7c85b9c2bba98b4e4550550dac649ae84ccb11be402|fleetly-ingress.vymu60rwlrrauh30ysmelss19.l95pduwfy1b3o98ykqrqw1qot
1790515890125193569|container|exec_create: /bin/sh -c test -f /tmp/ready|11c3c634a5983a01e4329184a760f8798851f0edd55b51b8078f858e14b3cfe2|fleetly-founder-default-ord1-leaf.1.i7gcwnyt341219o3vkg9urol3
1790515890125262535|container|exec_start: /bin/sh -c test -f /tmp/ready|11c3c634a5983a01e4329184a760f8798851f0edd55b51b8078f858e14b3cfe2|fleetly-founder-default-ord1-leaf.1.i7gcwnyt341219o3vkg9urol3
1790515890156735518|container|exec_die|11c3c634a5983a01e4329184a760f8798851f0edd55b51b8078f858e14b3cfe2|fleetly-founder-default-ord1-leaf.1.i7gcwnyt341219o3vkg9urol3
1790515890181644309|image|pull|victoriametrics/victoria-logs:v1.52.0@sha256:47b820890d64c4575a2a0a46415dcd8a4fd59a0f1fcd6a377693d7aea639442e|victoriametrics/victoria-logs
1790515890287313255|container|exec_create: /bin/sh -c test -f /tmp/ready|dc7d1c20dca66adb84b830c8f09f7f31ad4f97919a9a168d1ab1acc4ae0f4171|fleetly-founder-default-ord1-base.1.u6vt6r13tkv2e8isjcjqde0pc
1790515890287382658|container|exec_start: /bin/sh -c test -f /tmp/ready|dc7d1c20dca66adb84b830c8f09f7f31ad4f97919a9a168d1ab1acc4ae0f4171|fleetly-founder-default-ord1-base.1.u6vt6r13tkv2e8isjcjqde0pc
1790515890290479614|network|connect|2d0355bb97a7dc039cb79e31dbe913979f7cd795d9545896b6554bbe53b5338c|bridge
1790515890303455248|container|create|a5eae808b47abeba7dfe5a8b749e6b23a619868549ad576e35ad4e17cec2c409|fleetly-victorialogs.1.x0ou2zxeg5e7cl7pzahf6o418
1790515890327196000|container|exec_die|dc7d1c20dca66adb84b830c8f09f7f31ad4f97919a9a168d1ab1acc4ae0f4171|fleetly-founder-default-ord1-base.1.u6vt6r13tkv2e8isjcjqde0pc
1790515890329542361|container|start|eef65855a1c12f1ab316e7c85b9c2bba98b4e4550550dac649ae84ccb11be402|fleetly-ingress.vymu60rwlrrauh30ysmelss19.l95pduwfy1b3o98ykqrqw1qot
1790515890334704440|volume|mount|fleetly-victorialogs-data|<no value>
1790515890374925618|container|exec_create: /bin/sh -c test -f /tmp/ready|66c9f26cb0de223015bf9e9983be6d75a187224d697f9f1e64923eda42cba08f|fleetly-founder-default-ord1-mid.1.21z8ywr4hdhdriq9plhda1ggw
1790515890375039660|container|exec_start: /bin/sh -c test -f /tmp/ready|66c9f26cb0de223015bf9e9983be6d75a187224d697f9f1e64923eda42cba08f|fleetly-founder-default-ord1-mid.1.21z8ywr4hdhdriq9plhda1ggw
1790515890406926428|container|exec_die|66c9f26cb0de223015bf9e9983be6d75a187224d697f9f1e64923eda42cba08f|fleetly-founder-default-ord1-mid.1.21z8ywr4hdhdriq9plhda1ggw
1790515890428494695|network|connect|7a7bfa07931d2517fc564436109951e4a2de02a0c986758af2ae672823dab467|host
1790515890451480090|container|start|a5eae808b47abeba7dfe5a8b749e6b23a619868549ad576e35ad4e17cec2c409|fleetly-victorialogs.1.x0ou2zxeg5e7cl7pzahf6o418
1790515891157638873|container|exec_create: /bin/sh -c test -f /tmp/ready|11c3c634a5983a01e4329184a760f8798851f0edd55b51b8078f858e14b3cfe2|fleetly-founder-default-ord1-leaf.1.i7gcwnyt341219o3vkg9urol3
1790515891157697154|container|exec_start: /bin/sh -c test -f /tmp/ready|11c3c634a5983a01e4329184a760f8798851f0edd55b51b8078f858e14b3cfe2|fleetly-founder-default-ord1-leaf.1.i7gcwnyt341219o3vkg9urol3
1790515891182798667|container|exec_die|11c3c634a5983a01e4329184a760f8798851f0edd55b51b8078f858e14b3cfe2|fleetly-founder-default-ord1-leaf.1.i7gcwnyt341219o3vkg9urol3
1790515891327643217|container|exec_create: /bin/sh -c test -f /tmp/ready|dc7d1c20dca66adb84b830c8f09f7f31ad4f97919a9a168d1ab1acc4ae0f4171|fleetly-founder-default-ord1-base.1.u6vt6r13tkv2e8isjcjqde0pc
1790515891327793629|container|exec_start: /bin/sh -c test -f /tmp/ready|dc7d1c20dca66adb84b830c8f09f7f31ad4f97919a9a168d1ab1acc4ae0f4171|fleetly-founder-default-ord1-base.1.u6vt6r13tkv2e8isjcjqde0pc
1790515891352620941|container|exec_die|dc7d1c20dca66adb84b830c8f09f7f31ad4f97919a9a168d1ab1acc4ae0f4171|fleetly-founder-default-ord1-base.1.u6vt6r13tkv2e8isjcjqde0pc
1790515891407616257|container|exec_create: /bin/sh -c test -f /tmp/ready|66c9f26cb0de223015bf9e9983be6d75a187224d697f9f1e64923eda42cba08f|fleetly-founder-default-ord1-mid.1.21z8ywr4hdhdriq9plhda1ggw
1790515891407696667|container|exec_start: /bin/sh -c test -f /tmp/ready|66c9f26cb0de223015bf9e9983be6d75a187224d697f9f1e64923eda42cba08f|fleetly-founder-default-ord1-mid.1.21z8ywr4hdhdriq9plhda1ggw
1790515891433752823|container|exec_die|66c9f26cb0de223015bf9e9983be6d75a187224d697f9f1e64923eda42cba08f|fleetly-founder-default-ord1-mid.1.21z8ywr4hdhdriq9plhda1ggw
1790515892183425657|container|exec_create: /bin/sh -c test -f /tmp/ready|11c3c634a5983a01e4329184a760f8798851f0edd55b51b8078f858e14b3cfe2|fleetly-founder-default-ord1-leaf.1.i7gcwnyt341219o3vkg9urol3
1790515892183515250|container|exec_start: /bin/sh -c test -f /tmp/ready|11c3c634a5983a01e4329184a760f8798851f0edd55b51b8078f858e14b3cfe2|fleetly-founder-default-ord1-leaf.1.i7gcwnyt341219o3vkg9urol3
1790515892208011660|container|exec_die|11c3c634a5983a01e4329184a760f8798851f0edd55b51b8078f858e14b3cfe2|fleetly-founder-default-ord1-leaf.1.i7gcwnyt341219o3vkg9urol3
1790515892353876333|container|exec_create: /bin/sh -c test -f /tmp/ready|dc7d1c20dca66adb84b830c8f09f7f31ad4f97919a9a168d1ab1acc4ae0f4171|fleetly-founder-default-ord1-base.1.u6vt6r13tkv2e8isjcjqde0pc
1790515892353994495|container|exec_start: /bin/sh -c test -f /tmp/ready|dc7d1c20dca66adb84b830c8f09f7f31ad4f97919a9a168d1ab1acc4ae0f4171|fleetly-founder-default-ord1-base.1.u6vt6r13tkv2e8isjcjqde0pc
1790515892378721115|container|exec_die|dc7d1c20dca66adb84b830c8f09f7f31ad4f97919a9a168d1ab1acc4ae0f4171|fleetly-founder-default-ord1-base.1.u6vt6r13tkv2e8isjcjqde0pc
1790515892434604909|container|exec_create: /bin/sh -c test -f /tmp/ready|66c9f26cb0de223015bf9e9983be6d75a187224d697f9f1e64923eda42cba08f|fleetly-founder-default-ord1-mid.1.21z8ywr4hdhdriq9plhda1ggw
1790515892434703059|container|exec_start: /bin/sh -c test -f /tmp/ready|66c9f26cb0de223015bf9e9983be6d75a187224d697f9f1e64923eda42cba08f|fleetly-founder-default-ord1-mid.1.21z8ywr4hdhdriq9plhda1ggw
1790515892459786790|container|exec_die|66c9f26cb0de223015bf9e9983be6d75a187224d697f9f1e64923eda42cba08f|fleetly-founder-default-ord1-mid.1.21z8ywr4hdhdriq9plhda1ggw
1790515893209393968|container|exec_create: /bin/sh -c test -f /tmp/ready|11c3c634a5983a01e4329184a760f8798851f0edd55b51b8078f858e14b3cfe2|fleetly-founder-default-ord1-leaf.1.i7gcwnyt341219o3vkg9urol3
1790515893209570385|container|exec_start: /bin/sh -c test -f /tmp/ready|11c3c634a5983a01e4329184a760f8798851f0edd55b51b8078f858e14b3cfe2|fleetly-founder-default-ord1-leaf.1.i7gcwnyt341219o3vkg9urol3
1790515893235000180|container|exec_die|11c3c634a5983a01e4329184a760f8798851f0edd55b51b8078f858e14b3cfe2|fleetly-founder-default-ord1-leaf.1.i7gcwnyt341219o3vkg9urol3
1790515893379275542|container|exec_create: /bin/sh -c test -f /tmp/ready|dc7d1c20dca66adb84b830c8f09f7f31ad4f97919a9a168d1ab1acc4ae0f4171|fleetly-founder-default-ord1-base.1.u6vt6r13tkv2e8isjcjqde0pc
1790515893379378739|container|exec_start: /bin/sh -c test -f /tmp/ready|dc7d1c20dca66adb84b830c8f09f7f31ad4f97919a9a168d1ab1acc4ae0f4171|fleetly-founder-default-ord1-base.1.u6vt6r13tkv2e8isjcjqde0pc
1790515893404936452|container|exec_die|dc7d1c20dca66adb84b830c8f09f7f31ad4f97919a9a168d1ab1acc4ae0f4171|fleetly-founder-default-ord1-base.1.u6vt6r13tkv2e8isjcjqde0pc
1790515893460824290|container|exec_create: /bin/sh -c test -f /tmp/ready|66c9f26cb0de223015bf9e9983be6d75a187224d697f9f1e64923eda42cba08f|fleetly-founder-default-ord1-mid.1.21z8ywr4hdhdriq9plhda1ggw
1790515893460916353|container|exec_start: /bin/sh -c test -f /tmp/ready|66c9f26cb0de223015bf9e9983be6d75a187224d697f9f1e64923eda42cba08f|fleetly-founder-default-ord1-mid.1.21z8ywr4hdhdriq9plhda1ggw
1790515893488275488|container|exec_die|66c9f26cb0de223015bf9e9983be6d75a187224d697f9f1e64923eda42cba08f|fleetly-founder-default-ord1-mid.1.21z8ywr4hdhdriq9plhda1ggw
