1790515894235754098|container|exec_create: /bin/sh -c test -f /tmp/ready|11c3c634a5983a01e4329184a760f8798851f0edd55b51b8078f858e14b3cfe2|fleetly-founder-default-ord1-leaf.1.i7gcwnyt341219o3vkg9urol3
1790515894235822103|container|exec_start: /bin/sh -c test -f /tmp/ready|11c3c634a5983a01e4329184a760f8798851f0edd55b51b8078f858e14b3cfe2|fleetly-founder-default-ord1-leaf.1.i7gcwnyt341219o3vkg9urol3
1790515894259983884|container|exec_die|11c3c634a5983a01e4329184a760f8798851f0edd55b51b8078f858e14b3cfe2|fleetly-founder-default-ord1-leaf.1.i7gcwnyt341219o3vkg9urol3
1790515894405838953|container|exec_create: /bin/sh -c test -f /tmp/ready|dc7d1c20dca66adb84b830c8f09f7f31ad4f97919a9a168d1ab1acc4ae0f4171|fleetly-founder-default-ord1-base.1.u6vt6r13tkv2e8isjcjqde0pc
1790515894405933405|container|exec_start: /bin/sh -c test -f /tmp/ready|dc7d1c20dca66adb84b830c8f09f7f31ad4f97919a9a168d1ab1acc4ae0f4171|fleetly-founder-default-ord1-base.1.u6vt6r13tkv2e8isjcjqde0pc
1790515894430675355|container|exec_die|dc7d1c20dca66adb84b830c8f09f7f31ad4f97919a9a168d1ab1acc4ae0f4171|fleetly-founder-default-ord1-base.1.u6vt6r13tkv2e8isjcjqde0pc
1790515894488918417|container|exec_create: /bin/sh -c test -f /tmp/ready|66c9f26cb0de223015bf9e9983be6d75a187224d697f9f1e64923eda42cba08f|fleetly-founder-default-ord1-mid.1.21z8ywr4hdhdriq9plhda1ggw
1790515894489031168|container|exec_start: /bin/sh -c test -f /tmp/ready|66c9f26cb0de223015bf9e9983be6d75a187224d697f9f1e64923eda42cba08f|fleetly-founder-default-ord1-mid.1.21z8ywr4hdhdriq9plhda1ggw
1790515894512986141|container|exec_die|66c9f26cb0de223015bf9e9983be6d75a187224d697f9f1e64923eda42cba08f|fleetly-founder-default-ord1-mid.1.21z8ywr4hdhdriq9plhda1ggw
1790515895146418421|container|exec_create: traefik healthcheck --ping|eef65855a1c12f1ab316e7c85b9c2bba98b4e4550550dac649ae84ccb11be402|fleetly-ingress.vymu60rwlrrauh30ysmelss19.l95pduwfy1b3o98ykqrqw1qot
1790515895146483836|container|exec_start: traefik healthcheck --ping|eef65855a1c12f1ab316e7c85b9c2bba98b4e4550550dac649ae84ccb11be402|fleetly-ingress.vymu60rwlrrauh30ysmelss19.l95pduwfy1b3o98ykqrqw1qot
1790515895182372167|container|exec_die|eef65855a1c12f1ab316e7c85b9c2bba98b4e4550550dac649ae84ccb11be402|fleetly-ingress.vymu60rwlrrauh30ysmelss19.l95pduwfy1b3o98ykqrqw1qot
1790515895182826864|container|health_status: healthy|eef65855a1c12f1ab316e7c85b9c2bba98b4e4550550dac649ae84ccb11be402|fleetly-ingress.vymu60rwlrrauh30ysmelss19.l95pduwfy1b3o98ykqrqw1qot
1790515895260841277|container|exec_create: /bin/sh -c test -f /tmp/ready|11c3c634a5983a01e4329184a760f8798851f0edd55b51b8078f858e14b3cfe2|fleetly-founder-default-ord1-leaf.1.i7gcwnyt341219o3vkg9urol3
1790515895260886212|container|exec_start: /bin/sh -c test -f /tmp/ready|11c3c634a5983a01e4329184a760f8798851f0edd55b51b8078f858e14b3cfe2|fleetly-founder-default-ord1-leaf.1.i7gcwnyt341219o3vkg9urol3
1790515895285704812|container|exec_die|11c3c634a5983a01e4329184a760f8798851f0edd55b51b8078f858e14b3cfe2|fleetly-founder-default-ord1-leaf.1.i7gcwnyt341219o3vkg9urol3
1790515895285673262|network|create|lbzs6ecdxeajav10hlf1lt6g8|fleetly-founder-default-ord2-net
1790515895287721753|network|update|lbzs6ecdxeajav10hlf1lt6g8|fleetly-founder-default-ord2-net
1790515895289763126|service|create|mexdvy4egxo749lw5gjdzkckj|fleetly-founder-default-ord2-bad
1790515895291716579|service|update|mexdvy4egxo749lw5gjdzkckj|fleetly-founder-default-ord2-bad
1790515895298782032|service|create|q8m5j4r8mvfz0txxw9cimmc00|fleetly-founder-default-ord2-good
1790515895302722416|service|update|q8m5j4r8mvfz0txxw9cimmc00|fleetly-founder-default-ord2-good
1790515895365860754|node|update|vymu60rwlrrauh30ysmelss19|s4
1790515895431282249|container|exec_create: /bin/sh -c test -f /tmp/ready|dc7d1c20dca66adb84b830c8f09f7f31ad4f97919a9a168d1ab1acc4ae0f4171|fleetly-founder-default-ord1-base.1.u6vt6r13tkv2e8isjcjqde0pc
1790515895431407726|container|exec_start: /bin/sh -c test -f /tmp/ready|dc7d1c20dca66adb84b830c8f09f7f31ad4f97919a9a168d1ab1acc4ae0f4171|fleetly-founder-default-ord1-base.1.u6vt6r13tkv2e8isjcjqde0pc
1790515895456992206|container|exec_die|dc7d1c20dca66adb84b830c8f09f7f31ad4f97919a9a168d1ab1acc4ae0f4171|fleetly-founder-default-ord1-base.1.u6vt6r13tkv2e8isjcjqde0pc
1790515895513791970|container|exec_create: /bin/sh -c test -f /tmp/ready|66c9f26cb0de223015bf9e9983be6d75a187224d697f9f1e64923eda42cba08f|fleetly-founder-default-ord1-mid.1.21z8ywr4hdhdriq9plhda1ggw
1790515895513901946|container|exec_start: /bin/sh -c test -f /tmp/ready|66c9f26cb0de223015bf9e9983be6d75a187224d697f9f1e64923eda42cba08f|fleetly-founder-default-ord1-mid.1.21z8ywr4hdhdriq9plhda1ggw
1790515895537866206|container|exec_die|66c9f26cb0de223015bf9e9983be6d75a187224d697f9f1e64923eda42cba08f|fleetly-founder-default-ord1-mid.1.21z8ywr4hdhdriq9plhda1ggw
1790515895635859937|network|create|lbzs6ecdxeajav10hlf1lt6g8|fleetly-founder-default-ord2-net
1790515895759657277|container|create|119b56188a2fa3ee47e7fc8a9dc56428be4075b7407c220ed8e94e9881280fee|fleetly-founder-default-ord2-good.1.wut2ukdnm3s8i4tq95lq9wsb1
1790515895773592944|container|create|85c98e72c0cdd75ab0c45d54af7c04b542bfd33db95f18c50ede2e7ee37b3732|fleetly-founder-default-ord2-bad.1.lc7ytmqnc1jk5cnqgeziunuyc
1790515896133808126|network|connect|lbzs6ecdxeajav10hlf1lt6g8|fleetly-founder-default-ord2-net
1790515896151722915|container|start|119b56188a2fa3ee47e7fc8a9dc56428be4075b7407c220ed8e94e9881280fee|fleetly-founder-default-ord2-good.1.wut2ukdnm3s8i4tq95lq9wsb1
1790515896183784266|network|connect|lbzs6ecdxeajav10hlf1lt6g8|fleetly-founder-default-ord2-net
1790515896201642171|container|start|85c98e72c0cdd75ab0c45d54af7c04b542bfd33db95f18c50ede2e7ee37b3732|fleetly-founder-default-ord2-bad.1.lc7ytmqnc1jk5cnqgeziunuyc
1790515896286694625|container|exec_create: /bin/sh -c test -f /tmp/ready|11c3c634a5983a01e4329184a760f8798851f0edd55b51b8078f858e14b3cfe2|fleetly-founder-default-ord1-leaf.1.i7gcwnyt341219o3vkg9urol3
1790515896286753255|container|exec_start: /bin/sh -c test -f /tmp/ready|11c3c634a5983a01e4329184a760f8798851f0edd55b51b8078f858e14b3cfe2|fleetly-founder-default-ord1-leaf.1.i7gcwnyt341219o3vkg9urol3
1790515896358228343|container|exec_die|11c3c634a5983a01e4329184a760f8798851f0edd55b51b8078f858e14b3cfe2|fleetly-founder-default-ord1-leaf.1.i7gcwnyt341219o3vkg9urol3
1790515896457561824|container|exec_create: /bin/sh -c test -f /tmp/ready|dc7d1c20dca66adb84b830c8f09f7f31ad4f97919a9a168d1ab1acc4ae0f4171|fleetly-founder-default-ord1-base.1.u6vt6r13tkv2e8isjcjqde0pc
1790515896457670004|container|exec_start: /bin/sh -c test -f /tmp/ready|dc7d1c20dca66adb84b830c8f09f7f31ad4f97919a9a168d1ab1acc4ae0f4171|fleetly-founder-default-ord1-base.1.u6vt6r13tkv2e8isjcjqde0pc
1790515896483848195|container|exec_die|dc7d1c20dca66adb84b830c8f09f7f31ad4f97919a9a168d1ab1acc4ae0f4171|fleetly-founder-default-ord1-base.1.u6vt6r13tkv2e8isjcjqde0pc
1790515896486639875|network|disconnect|lbzs6ecdxeajav10hlf1lt6g8|fleetly-founder-default-ord2-net
1790515896505668697|container|die|85c98e72c0cdd75ab0c45d54af7c04b542bfd33db95f18c50ede2e7ee37b3732|fleetly-founder-default-ord2-bad.1.lc7ytmqnc1jk5cnqgeziunuyc
1790515896538486215|container|exec_create: /bin/sh -c test -f /tmp/ready|66c9f26cb0de223015bf9e9983be6d75a187224d697f9f1e64923eda42cba08f|fleetly-founder-default-ord1-mid.1.21z8ywr4hdhdriq9plhda1ggw
1790515896538562466|container|exec_start: /bin/sh -c test -f /tmp/ready|66c9f26cb0de223015bf9e9983be6d75a187224d697f9f1e64923eda42cba08f|fleetly-founder-default-ord1-mid.1.21z8ywr4hdhdriq9plhda1ggw
1790515896562849832|container|exec_die|66c9f26cb0de223015bf9e9983be6d75a187224d697f9f1e64923eda42cba08f|fleetly-founder-default-ord1-mid.1.21z8ywr4hdhdriq9plhda1ggw
1790515896784733361|container|create|9bedf18af1f6dac950905dfcc760ce33e27a4182e20a6b93ad3062f9cab77e9e|fleetly-founder-default-ord2-bad.1.sacilk3a1vs11d7hsvmqfzf6e
1790515897152980017|container|exec_create: /bin/sh -c test -f /tmp/ready|119b56188a2fa3ee47e7fc8a9dc56428be4075b7407c220ed8e94e9881280fee|fleetly-founder-default-ord2-good.1.wut2ukdnm3s8i4tq95lq9wsb1
1790515897153094199|container|exec_start: /bin/sh -c test -f /tmp/ready|119b56188a2fa3ee47e7fc8a9dc56428be4075b7407c220ed8e94e9881280fee|fleetly-founder-default-ord2-good.1.wut2ukdnm3s8i4tq95lq9wsb1
1790515897199161737|container|exec_die|119b56188a2fa3ee47e7fc8a9dc56428be4075b7407c220ed8e94e9881280fee|fleetly-founder-default-ord2-good.1.wut2ukdnm3s8i4tq95lq9wsb1
1790515897199449902|container|health_status: healthy|119b56188a2fa3ee47e7fc8a9dc56428be4075b7407c220ed8e94e9881280fee|fleetly-founder-default-ord2-good.1.wut2ukdnm3s8i4tq95lq9wsb1
1790515897358745437|container|exec_create: /bin/sh -c test -f /tmp/ready|11c3c634a5983a01e4329184a760f8798851f0edd55b51b8078f858e14b3cfe2|fleetly-founder-default-ord1-leaf.1.i7gcwnyt341219o3vkg9urol3
1790515897358868107|container|exec_start: /bin/sh -c test -f /tmp/ready|11c3c634a5983a01e4329184a760f8798851f0edd55b51b8078f858e14b3cfe2|fleetly-founder-default-ord1-leaf.1.i7gcwnyt341219o3vkg9urol3
1790515897391234756|container|exec_die|11c3c634a5983a01e4329184a760f8798851f0edd55b51b8078f858e14b3cfe2|fleetly-founder-default-ord1-leaf.1.i7gcwnyt341219o3vkg9urol3
1790515897484270961|container|exec_create: /bin/sh -c test -f /tmp/ready|dc7d1c20dca66adb84b830c8f09f7f31ad4f97919a9a168d1ab1acc4ae0f4171|fleetly-founder-default-ord1-base.1.u6vt6r13tkv2e8isjcjqde0pc
1790515897484358868|container|exec_start: /bin/sh -c test -f /tmp/ready|dc7d1c20dca66adb84b830c8f09f7f31ad4f97919a9a168d1ab1acc4ae0f4171|fleetly-founder-default-ord1-base.1.u6vt6r13tkv2e8isjcjqde0pc
1790515897557779934|container|exec_die|dc7d1c20dca66adb84b830c8f09f7f31ad4f97919a9a168d1ab1acc4ae0f4171|fleetly-founder-default-ord1-base.1.u6vt6r13tkv2e8isjcjqde0pc
1790515897563510895|container|exec_create: /bin/sh -c test -f /tmp/ready|66c9f26cb0de223015bf9e9983be6d75a187224d697f9f1e64923eda42cba08f|fleetly-founder-default-ord1-mid.1.21z8ywr4hdhdriq9plhda1ggw
1790515897563609215|container|exec_start: /bin/sh -c test -f /tmp/ready|66c9f26cb0de223015bf9e9983be6d75a187224d697f9f1e64923eda42cba08f|fleetly-founder-default-ord1-mid.1.21z8ywr4hdhdriq9plhda1ggw
1790515897589158694|container|exec_die|66c9f26cb0de223015bf9e9983be6d75a187224d697f9f1e64923eda42cba08f|fleetly-founder-default-ord1-mid.1.21z8ywr4hdhdriq9plhda1ggw
1790515898199725031|container|exec_create: /bin/sh -c test -f /tmp/ready|119b56188a2fa3ee47e7fc8a9dc56428be4075b7407c220ed8e94e9881280fee|fleetly-founder-default-ord2-good.1.wut2ukdnm3s8i4tq95lq9wsb1
1790515898199863537|container|exec_start: /bin/sh -c test -f /tmp/ready|119b56188a2fa3ee47e7fc8a9dc56428be4075b7407c220ed8e94e9881280fee|fleetly-founder-default-ord2-good.1.wut2ukdnm3s8i4tq95lq9wsb1
1790515898231338970|container|exec_die|119b56188a2fa3ee47e7fc8a9dc56428be4075b7407c220ed8e94e9881280fee|fleetly-founder-default-ord2-good.1.wut2ukdnm3s8i4tq95lq9wsb1
1790515898392069701|container|exec_create: /bin/sh -c test -f /tmp/ready|11c3c634a5983a01e4329184a760f8798851f0edd55b51b8078f858e14b3cfe2|fleetly-founder-default-ord1-leaf.1.i7gcwnyt341219o3vkg9urol3
1790515898392198617|container|exec_start: /bin/sh -c test -f /tmp/ready|11c3c634a5983a01e4329184a760f8798851f0edd55b51b8078f858e14b3cfe2|fleetly-founder-default-ord1-leaf.1.i7gcwnyt341219o3vkg9urol3
1790515898417069820|container|exec_die|11c3c634a5983a01e4329184a760f8798851f0edd55b51b8078f858e14b3cfe2|fleetly-founder-default-ord1-leaf.1.i7gcwnyt341219o3vkg9urol3
1790515898558475175|container|exec_create: /bin/sh -c test -f /tmp/ready|dc7d1c20dca66adb84b830c8f09f7f31ad4f97919a9a168d1ab1acc4ae0f4171|fleetly-founder-default-ord1-base.1.u6vt6r13tkv2e8isjcjqde0pc
1790515898558586966|container|exec_start: /bin/sh -c test -f /tmp/ready|dc7d1c20dca66adb84b830c8f09f7f31ad4f97919a9a168d1ab1acc4ae0f4171|fleetly-founder-default-ord1-base.1.u6vt6r13tkv2e8isjcjqde0pc
1790515898584173227|container|exec_die|dc7d1c20dca66adb84b830c8f09f7f31ad4f97919a9a168d1ab1acc4ae0f4171|fleetly-founder-default-ord1-base.1.u6vt6r13tkv2e8isjcjqde0pc
1790515898589757097|container|exec_create: /bin/sh -c test -f /tmp/ready|66c9f26cb0de223015bf9e9983be6d75a187224d697f9f1e64923eda42cba08f|fleetly-founder-default-ord1-mid.1.21z8ywr4hdhdriq9plhda1ggw
1790515898589846962|container|exec_start: /bin/sh -c test -f /tmp/ready|66c9f26cb0de223015bf9e9983be6d75a187224d697f9f1e64923eda42cba08f|fleetly-founder-default-ord1-mid.1.21z8ywr4hdhdriq9plhda1ggw
1790515898613957134|container|exec_die|66c9f26cb0de223015bf9e9983be6d75a187224d697f9f1e64923eda42cba08f|fleetly-founder-default-ord1-mid.1.21z8ywr4hdhdriq9plhda1ggw
1790515899232517654|container|exec_create: /bin/sh -c test -f /tmp/ready|119b56188a2fa3ee47e7fc8a9dc56428be4075b7407c220ed8e94e9881280fee|fleetly-founder-default-ord2-good.1.wut2ukdnm3s8i4tq95lq9wsb1
1790515899232611406|container|exec_start: /bin/sh -c test -f /tmp/ready|119b56188a2fa3ee47e7fc8a9dc56428be4075b7407c220ed8e94e9881280fee|fleetly-founder-default-ord2-good.1.wut2ukdnm3s8i4tq95lq9wsb1
1790515899258016086|container|exec_die|119b56188a2fa3ee47e7fc8a9dc56428be4075b7407c220ed8e94e9881280fee|fleetly-founder-default-ord2-good.1.wut2ukdnm3s8i4tq95lq9wsb1
1790515899417868811|container|exec_create: /bin/sh -c test -f /tmp/ready|11c3c634a5983a01e4329184a760f8798851f0edd55b51b8078f858e14b3cfe2|fleetly-founder-default-ord1-leaf.1.i7gcwnyt341219o3vkg9urol3
1790515899418007106|container|exec_start: /bin/sh -c test -f /tmp/ready|11c3c634a5983a01e4329184a760f8798851f0edd55b51b8078f858e14b3cfe2|fleetly-founder-default-ord1-leaf.1.i7gcwnyt341219o3vkg9urol3
1790515899486451945|container|exec_die|11c3c634a5983a01e4329184a760f8798851f0edd55b51b8078f858e14b3cfe2|fleetly-founder-default-ord1-leaf.1.i7gcwnyt341219o3vkg9urol3
1790515899585320040|container|exec_create: /bin/sh -c test -f /tmp/ready|dc7d1c20dca66adb84b830c8f09f7f31ad4f97919a9a168d1ab1acc4ae0f4171|fleetly-founder-default-ord1-base.1.u6vt6r13tkv2e8isjcjqde0pc
1790515899585435962|container|exec_start: /bin/sh -c test -f /tmp/ready|dc7d1c20dca66adb84b830c8f09f7f31ad4f97919a9a168d1ab1acc4ae0f4171|fleetly-founder-default-ord1-base.1.u6vt6r13tkv2e8isjcjqde0pc
1790515899614291499|container|exec_create: /bin/sh -c test -f /tmp/ready|66c9f26cb0de223015bf9e9983be6d75a187224d697f9f1e64923eda42cba08f|fleetly-founder-default-ord1-mid.1.21z8ywr4hdhdriq9plhda1ggw
1790515899614387648|container|exec_start: /bin/sh -c test -f /tmp/ready|66c9f26cb0de223015bf9e9983be6d75a187224d697f9f1e64923eda42cba08f|fleetly-founder-default-ord1-mid.1.21z8ywr4hdhdriq9plhda1ggw
1790515899636118009|container|exec_die|dc7d1c20dca66adb84b830c8f09f7f31ad4f97919a9a168d1ab1acc4ae0f4171|fleetly-founder-default-ord1-base.1.u6vt6r13tkv2e8isjcjqde0pc
1790515899640715205|container|exec_die|66c9f26cb0de223015bf9e9983be6d75a187224d697f9f1e64923eda42cba08f|fleetly-founder-default-ord1-mid.1.21z8ywr4hdhdriq9plhda1ggw
1790515900259346098|container|exec_create: /bin/sh -c test -f /tmp/ready|119b56188a2fa3ee47e7fc8a9dc56428be4075b7407c220ed8e94e9881280fee|fleetly-founder-default-ord2-good.1.wut2ukdnm3s8i4tq95lq9wsb1
1790515900259468388|container|exec_start: /bin/sh -c test -f /tmp/ready|119b56188a2fa3ee47e7fc8a9dc56428be4075b7407c220ed8e94e9881280fee|fleetly-founder-default-ord2-good.1.wut2ukdnm3s8i4tq95lq9wsb1
1790515900282870376|container|exec_die|119b56188a2fa3ee47e7fc8a9dc56428be4075b7407c220ed8e94e9881280fee|fleetly-founder-default-ord2-good.1.wut2ukdnm3s8i4tq95lq9wsb1
1790515900487159313|container|exec_create: /bin/sh -c test -f /tmp/ready|11c3c634a5983a01e4329184a760f8798851f0edd55b51b8078f858e14b3cfe2|fleetly-founder-default-ord1-leaf.1.i7gcwnyt341219o3vkg9urol3
1790515900487267072|container|exec_start: /bin/sh -c test -f /tmp/ready|11c3c634a5983a01e4329184a760f8798851f0edd55b51b8078f858e14b3cfe2|fleetly-founder-default-ord1-leaf.1.i7gcwnyt341219o3vkg9urol3
1790515900513072432|container|exec_die|11c3c634a5983a01e4329184a760f8798851f0edd55b51b8078f858e14b3cfe2|fleetly-founder-default-ord1-leaf.1.i7gcwnyt341219o3vkg9urol3
1790515900637442221|container|exec_create: /bin/sh -c test -f /tmp/ready|dc7d1c20dca66adb84b830c8f09f7f31ad4f97919a9a168d1ab1acc4ae0f4171|fleetly-founder-default-ord1-base.1.u6vt6r13tkv2e8isjcjqde0pc
1790515900637575289|container|exec_start: /bin/sh -c test -f /tmp/ready|dc7d1c20dca66adb84b830c8f09f7f31ad4f97919a9a168d1ab1acc4ae0f4171|fleetly-founder-default-ord1-base.1.u6vt6r13tkv2e8isjcjqde0pc
1790515900641363949|container|exec_create: /bin/sh -c test -f /tmp/ready|66c9f26cb0de223015bf9e9983be6d75a187224d697f9f1e64923eda42cba08f|fleetly-founder-default-ord1-mid.1.21z8ywr4hdhdriq9plhda1ggw
1790515900641427260|container|exec_start: /bin/sh -c test -f /tmp/ready|66c9f26cb0de223015bf9e9983be6d75a187224d697f9f1e64923eda42cba08f|fleetly-founder-default-ord1-mid.1.21z8ywr4hdhdriq9plhda1ggw
1790515900682167785|container|exec_die|dc7d1c20dca66adb84b830c8f09f7f31ad4f97919a9a168d1ab1acc4ae0f4171|fleetly-founder-default-ord1-base.1.u6vt6r13tkv2e8isjcjqde0pc
1790515900686039917|container|exec_die|66c9f26cb0de223015bf9e9983be6d75a187224d697f9f1e64923eda42cba08f|fleetly-founder-default-ord1-mid.1.21z8ywr4hdhdriq9plhda1ggw
1790515901283341101|container|exec_create: /bin/sh -c test -f /tmp/ready|119b56188a2fa3ee47e7fc8a9dc56428be4075b7407c220ed8e94e9881280fee|fleetly-founder-default-ord2-good.1.wut2ukdnm3s8i4tq95lq9wsb1
1790515901283442742|container|exec_start: /bin/sh -c test -f /tmp/ready|119b56188a2fa3ee47e7fc8a9dc56428be4075b7407c220ed8e94e9881280fee|fleetly-founder-default-ord2-good.1.wut2ukdnm3s8i4tq95lq9wsb1
1790515901311163122|container|exec_die|119b56188a2fa3ee47e7fc8a9dc56428be4075b7407c220ed8e94e9881280fee|fleetly-founder-default-ord2-good.1.wut2ukdnm3s8i4tq95lq9wsb1
1790515901513929329|container|exec_create: /bin/sh -c test -f /tmp/ready|11c3c634a5983a01e4329184a760f8798851f0edd55b51b8078f858e14b3cfe2|fleetly-founder-default-ord1-leaf.1.i7gcwnyt341219o3vkg9urol3
1790515901514065859|container|exec_start: /bin/sh -c test -f /tmp/ready|11c3c634a5983a01e4329184a760f8798851f0edd55b51b8078f858e14b3cfe2|fleetly-founder-default-ord1-leaf.1.i7gcwnyt341219o3vkg9urol3
1790515901540338664|container|exec_die|11c3c634a5983a01e4329184a760f8798851f0edd55b51b8078f858e14b3cfe2|fleetly-founder-default-ord1-leaf.1.i7gcwnyt341219o3vkg9urol3
1790515901683135411|container|exec_create: /bin/sh -c test -f /tmp/ready|dc7d1c20dca66adb84b830c8f09f7f31ad4f97919a9a168d1ab1acc4ae0f4171|fleetly-founder-default-ord1-base.1.u6vt6r13tkv2e8isjcjqde0pc
1790515901683267847|container|exec_start: /bin/sh -c test -f /tmp/ready|dc7d1c20dca66adb84b830c8f09f7f31ad4f97919a9a168d1ab1acc4ae0f4171|fleetly-founder-default-ord1-base.1.u6vt6r13tkv2e8isjcjqde0pc
1790515901686302786|container|exec_create: /bin/sh -c test -f /tmp/ready|66c9f26cb0de223015bf9e9983be6d75a187224d697f9f1e64923eda42cba08f|fleetly-founder-default-ord1-mid.1.21z8ywr4hdhdriq9plhda1ggw
1790515901686360367|container|exec_start: /bin/sh -c test -f /tmp/ready|66c9f26cb0de223015bf9e9983be6d75a187224d697f9f1e64923eda42cba08f|fleetly-founder-default-ord1-mid.1.21z8ywr4hdhdriq9plhda1ggw
1790515901711383415|container|exec_die|dc7d1c20dca66adb84b830c8f09f7f31ad4f97919a9a168d1ab1acc4ae0f4171|fleetly-founder-default-ord1-base.1.u6vt6r13tkv2e8isjcjqde0pc
1790515901719355559|container|exec_die|66c9f26cb0de223015bf9e9983be6d75a187224d697f9f1e64923eda42cba08f|fleetly-founder-default-ord1-mid.1.21z8ywr4hdhdriq9plhda1ggw
1790515901961141446|network|connect|lbzs6ecdxeajav10hlf1lt6g8|fleetly-founder-default-ord2-net
1790515901981010877|container|start|9bedf18af1f6dac950905dfcc760ce33e27a4182e20a6b93ad3062f9cab77e9e|fleetly-founder-default-ord2-bad.1.sacilk3a1vs11d7hsvmqfzf6e
1790515902241828343|network|disconnect|lbzs6ecdxeajav10hlf1lt6g8|fleetly-founder-default-ord2-net
1790515902263088188|container|die|9bedf18af1f6dac950905dfcc760ce33e27a4182e20a6b93ad3062f9cab77e9e|fleetly-founder-default-ord2-bad.1.sacilk3a1vs11d7hsvmqfzf6e
1790515902312226605|container|exec_create: /bin/sh -c test -f /tmp/ready|119b56188a2fa3ee47e7fc8a9dc56428be4075b7407c220ed8e94e9881280fee|fleetly-founder-default-ord2-good.1.wut2ukdnm3s8i4tq95lq9wsb1
1790515902312363358|container|exec_start: /bin/sh -c test -f /tmp/ready|119b56188a2fa3ee47e7fc8a9dc56428be4075b7407c220ed8e94e9881280fee|fleetly-founder-default-ord2-good.1.wut2ukdnm3s8i4tq95lq9wsb1
1790515902337142073|container|exec_die|119b56188a2fa3ee47e7fc8a9dc56428be4075b7407c220ed8e94e9881280fee|fleetly-founder-default-ord2-good.1.wut2ukdnm3s8i4tq95lq9wsb1
1790515902541119097|container|exec_create: /bin/sh -c test -f /tmp/ready|11c3c634a5983a01e4329184a760f8798851f0edd55b51b8078f858e14b3cfe2|fleetly-founder-default-ord1-leaf.1.i7gcwnyt341219o3vkg9urol3
1790515902541217982|container|exec_start: /bin/sh -c test -f /tmp/ready|11c3c634a5983a01e4329184a760f8798851f0edd55b51b8078f858e14b3cfe2|fleetly-founder-default-ord1-leaf.1.i7gcwnyt341219o3vkg9urol3
1790515902541953910|container|create|5e372e2b6c5a7ca093d5ad71cf9e6bb5e80addbd8518430bccfef415b9352c66|fleetly-founder-default-ord2-bad.1.rxrxf0kxrky4vxemm5z8064um
1790515902566173411|container|exec_die|11c3c634a5983a01e4329184a760f8798851f0edd55b51b8078f858e14b3cfe2|fleetly-founder-default-ord1-leaf.1.i7gcwnyt341219o3vkg9urol3
1790515902712104600|container|exec_create: /bin/sh -c test -f /tmp/ready|dc7d1c20dca66adb84b830c8f09f7f31ad4f97919a9a168d1ab1acc4ae0f4171|fleetly-founder-default-ord1-base.1.u6vt6r13tkv2e8isjcjqde0pc
1790515902712222486|container|exec_start: /bin/sh -c test -f /tmp/ready|dc7d1c20dca66adb84b830c8f09f7f31ad4f97919a9a168d1ab1acc4ae0f4171|fleetly-founder-default-ord1-base.1.u6vt6r13tkv2e8isjcjqde0pc
1790515902720311255|container|exec_create: /bin/sh -c test -f /tmp/ready|66c9f26cb0de223015bf9e9983be6d75a187224d697f9f1e64923eda42cba08f|fleetly-founder-default-ord1-mid.1.21z8ywr4hdhdriq9plhda1ggw
1790515902720387810|container|exec_start: /bin/sh -c test -f /tmp/ready|66c9f26cb0de223015bf9e9983be6d75a187224d697f9f1e64923eda42cba08f|fleetly-founder-default-ord1-mid.1.21z8ywr4hdhdriq9plhda1ggw
1790515902736996586|container|exec_die|dc7d1c20dca66adb84b830c8f09f7f31ad4f97919a9a168d1ab1acc4ae0f4171|fleetly-founder-default-ord1-base.1.u6vt6r13tkv2e8isjcjqde0pc
1790515902744438552|container|exec_die|66c9f26cb0de223015bf9e9983be6d75a187224d697f9f1e64923eda42cba08f|fleetly-founder-default-ord1-mid.1.21z8ywr4hdhdriq9plhda1ggw
1790515903337957112|container|exec_create: /bin/sh -c test -f /tmp/ready|119b56188a2fa3ee47e7fc8a9dc56428be4075b7407c220ed8e94e9881280fee|fleetly-founder-default-ord2-good.1.wut2ukdnm3s8i4tq95lq9wsb1
1790515903338158867|container|exec_start: /bin/sh -c test -f /tmp/ready|119b56188a2fa3ee47e7fc8a9dc56428be4075b7407c220ed8e94e9881280fee|fleetly-founder-default-ord2-good.1.wut2ukdnm3s8i4tq95lq9wsb1
1790515903363356622|container|exec_die|119b56188a2fa3ee47e7fc8a9dc56428be4075b7407c220ed8e94e9881280fee|fleetly-founder-default-ord2-good.1.wut2ukdnm3s8i4tq95lq9wsb1
1790515903566765726|container|exec_create: /bin/sh -c test -f /tmp/ready|11c3c634a5983a01e4329184a760f8798851f0edd55b51b8078f858e14b3cfe2|fleetly-founder-default-ord1-leaf.1.i7gcwnyt341219o3vkg9urol3
1790515903566875362|container|exec_start: /bin/sh -c test -f /tmp/ready|11c3c634a5983a01e4329184a760f8798851f0edd55b51b8078f858e14b3cfe2|fleetly-founder-default-ord1-leaf.1.i7gcwnyt341219o3vkg9urol3
1790515903590162930|container|exec_die|11c3c634a5983a01e4329184a760f8798851f0edd55b51b8078f858e14b3cfe2|fleetly-founder-default-ord1-leaf.1.i7gcwnyt341219o3vkg9urol3
1790515903737597107|container|exec_create: /bin/sh -c test -f /tmp/ready|dc7d1c20dca66adb84b830c8f09f7f31ad4f97919a9a168d1ab1acc4ae0f4171|fleetly-founder-default-ord1-base.1.u6vt6r13tkv2e8isjcjqde0pc
1790515903737713088|container|exec_start: /bin/sh -c test -f /tmp/ready|dc7d1c20dca66adb84b830c8f09f7f31ad4f97919a9a168d1ab1acc4ae0f4171|fleetly-founder-default-ord1-base.1.u6vt6r13tkv2e8isjcjqde0pc
1790515903745477232|container|exec_create: /bin/sh -c test -f /tmp/ready|66c9f26cb0de223015bf9e9983be6d75a187224d697f9f1e64923eda42cba08f|fleetly-founder-default-ord1-mid.1.21z8ywr4hdhdriq9plhda1ggw
1790515903745568357|container|exec_start: /bin/sh -c test -f /tmp/ready|66c9f26cb0de223015bf9e9983be6d75a187224d697f9f1e64923eda42cba08f|fleetly-founder-default-ord1-mid.1.21z8ywr4hdhdriq9plhda1ggw
1790515903811737282|container|exec_die|dc7d1c20dca66adb84b830c8f09f7f31ad4f97919a9a168d1ab1acc4ae0f4171|fleetly-founder-default-ord1-base.1.u6vt6r13tkv2e8isjcjqde0pc
1790515903815415268|container|exec_die|66c9f26cb0de223015bf9e9983be6d75a187224d697f9f1e64923eda42cba08f|fleetly-founder-default-ord1-mid.1.21z8ywr4hdhdriq9plhda1ggw
1790515904364285999|container|exec_create: /bin/sh -c test -f /tmp/ready|119b56188a2fa3ee47e7fc8a9dc56428be4075b7407c220ed8e94e9881280fee|fleetly-founder-default-ord2-good.1.wut2ukdnm3s8i4tq95lq9wsb1
1790515904364418403|container|exec_start: /bin/sh -c test -f /tmp/ready|119b56188a2fa3ee47e7fc8a9dc56428be4075b7407c220ed8e94e9881280fee|fleetly-founder-default-ord2-good.1.wut2ukdnm3s8i4tq95lq9wsb1
1790515904394368089|container|exec_die|119b56188a2fa3ee47e7fc8a9dc56428be4075b7407c220ed8e94e9881280fee|fleetly-founder-default-ord2-good.1.wut2ukdnm3s8i4tq95lq9wsb1
1790515904590585765|container|exec_create: /bin/sh -c test -f /tmp/ready|11c3c634a5983a01e4329184a760f8798851f0edd55b51b8078f858e14b3cfe2|fleetly-founder-default-ord1-leaf.1.i7gcwnyt341219o3vkg9urol3
1790515904590692697|container|exec_start: /bin/sh -c test -f /tmp/ready|11c3c634a5983a01e4329184a760f8798851f0edd55b51b8078f858e14b3cfe2|fleetly-founder-default-ord1-leaf.1.i7gcwnyt341219o3vkg9urol3
1790515904615015780|container|exec_die|11c3c634a5983a01e4329184a760f8798851f0edd55b51b8078f858e14b3cfe2|fleetly-founder-default-ord1-leaf.1.i7gcwnyt341219o3vkg9urol3
1790515904812694316|container|exec_create: /bin/sh -c test -f /tmp/ready|dc7d1c20dca66adb84b830c8f09f7f31ad4f97919a9a168d1ab1acc4ae0f4171|fleetly-founder-default-ord1-base.1.u6vt6r13tkv2e8isjcjqde0pc
1790515904812807506|container|exec_start: /bin/sh -c test -f /tmp/ready|dc7d1c20dca66adb84b830c8f09f7f31ad4f97919a9a168d1ab1acc4ae0f4171|fleetly-founder-default-ord1-base.1.u6vt6r13tkv2e8isjcjqde0pc
1790515904816446251|container|exec_create: /bin/sh -c test -f /tmp/ready|66c9f26cb0de223015bf9e9983be6d75a187224d697f9f1e64923eda42cba08f|fleetly-founder-default-ord1-mid.1.21z8ywr4hdhdriq9plhda1ggw
1790515904816519734|container|exec_start: /bin/sh -c test -f /tmp/ready|66c9f26cb0de223015bf9e9983be6d75a187224d697f9f1e64923eda42cba08f|fleetly-founder-default-ord1-mid.1.21z8ywr4hdhdriq9plhda1ggw
1790515904837336152|container|exec_die|dc7d1c20dca66adb84b830c8f09f7f31ad4f97919a9a168d1ab1acc4ae0f4171|fleetly-founder-default-ord1-base.1.u6vt6r13tkv2e8isjcjqde0pc
1790515904841245400|container|exec_die|66c9f26cb0de223015bf9e9983be6d75a187224d697f9f1e64923eda42cba08f|fleetly-founder-default-ord1-mid.1.21z8ywr4hdhdriq9plhda1ggw
1790515905183941158|container|exec_create: traefik healthcheck --ping|eef65855a1c12f1ab316e7c85b9c2bba98b4e4550550dac649ae84ccb11be402|fleetly-ingress.vymu60rwlrrauh30ysmelss19.l95pduwfy1b3o98ykqrqw1qot
1790515905184048567|container|exec_start: traefik healthcheck --ping|eef65855a1c12f1ab316e7c85b9c2bba98b4e4550550dac649ae84ccb11be402|fleetly-ingress.vymu60rwlrrauh30ysmelss19.l95pduwfy1b3o98ykqrqw1qot
1790515905218763254|container|exec_die|eef65855a1c12f1ab316e7c85b9c2bba98b4e4550550dac649ae84ccb11be402|fleetly-ingress.vymu60rwlrrauh30ysmelss19.l95pduwfy1b3o98ykqrqw1qot
1790515905395725280|container|exec_create: /bin/sh -c test -f /tmp/ready|119b56188a2fa3ee47e7fc8a9dc56428be4075b7407c220ed8e94e9881280fee|fleetly-founder-default-ord2-good.1.wut2ukdnm3s8i4tq95lq9wsb1
1790515905395840019|container|exec_start: /bin/sh -c test -f /tmp/ready|119b56188a2fa3ee47e7fc8a9dc56428be4075b7407c220ed8e94e9881280fee|fleetly-founder-default-ord2-good.1.wut2ukdnm3s8i4tq95lq9wsb1
1790515905440371914|container|exec_die|119b56188a2fa3ee47e7fc8a9dc56428be4075b7407c220ed8e94e9881280fee|fleetly-founder-default-ord2-good.1.wut2ukdnm3s8i4tq95lq9wsb1
1790515905615739090|container|exec_create: /bin/sh -c test -f /tmp/ready|11c3c634a5983a01e4329184a760f8798851f0edd55b51b8078f858e14b3cfe2|fleetly-founder-default-ord1-leaf.1.i7gcwnyt341219o3vkg9urol3
1790515905615834232|container|exec_start: /bin/sh -c test -f /tmp/ready|11c3c634a5983a01e4329184a760f8798851f0edd55b51b8078f858e14b3cfe2|fleetly-founder-default-ord1-leaf.1.i7gcwnyt341219o3vkg9urol3
1790515905655411377|container|exec_die|11c3c634a5983a01e4329184a760f8798851f0edd55b51b8078f858e14b3cfe2|fleetly-founder-default-ord1-leaf.1.i7gcwnyt341219o3vkg9urol3
1790515905838875961|container|exec_create: /bin/sh -c test -f /tmp/ready|dc7d1c20dca66adb84b830c8f09f7f31ad4f97919a9a168d1ab1acc4ae0f4171|fleetly-founder-default-ord1-base.1.u6vt6r13tkv2e8isjcjqde0pc
1790515905839006369|container|exec_start: /bin/sh -c test -f /tmp/ready|dc7d1c20dca66adb84b830c8f09f7f31ad4f97919a9a168d1ab1acc4ae0f4171|fleetly-founder-default-ord1-base.1.u6vt6r13tkv2e8isjcjqde0pc
1790515905842640421|container|exec_create: /bin/sh -c test -f /tmp/ready|66c9f26cb0de223015bf9e9983be6d75a187224d697f9f1e64923eda42cba08f|fleetly-founder-default-ord1-mid.1.21z8ywr4hdhdriq9plhda1ggw
1790515905842724532|container|exec_start: /bin/sh -c test -f /tmp/ready|66c9f26cb0de223015bf9e9983be6d75a187224d697f9f1e64923eda42cba08f|fleetly-founder-default-ord1-mid.1.21z8ywr4hdhdriq9plhda1ggw
1790515905863556807|container|exec_die|dc7d1c20dca66adb84b830c8f09f7f31ad4f97919a9a168d1ab1acc4ae0f4171|fleetly-founder-default-ord1-base.1.u6vt6r13tkv2e8isjcjqde0pc
1790515905867010229|container|exec_die|66c9f26cb0de223015bf9e9983be6d75a187224d697f9f1e64923eda42cba08f|fleetly-founder-default-ord1-mid.1.21z8ywr4hdhdriq9plhda1ggw
1790515906441036837|container|exec_create: /bin/sh -c test -f /tmp/ready|119b56188a2fa3ee47e7fc8a9dc56428be4075b7407c220ed8e94e9881280fee|fleetly-founder-default-ord2-good.1.wut2ukdnm3s8i4tq95lq9wsb1
1790515906441172659|container|exec_start: /bin/sh -c test -f /tmp/ready|119b56188a2fa3ee47e7fc8a9dc56428be4075b7407c220ed8e94e9881280fee|fleetly-founder-default-ord2-good.1.wut2ukdnm3s8i4tq95lq9wsb1
1790515906475370030|container|exec_die|119b56188a2fa3ee47e7fc8a9dc56428be4075b7407c220ed8e94e9881280fee|fleetly-founder-default-ord2-good.1.wut2ukdnm3s8i4tq95lq9wsb1
1790515906656054255|container|exec_create: /bin/sh -c test -f /tmp/ready|11c3c634a5983a01e4329184a760f8798851f0edd55b51b8078f858e14b3cfe2|fleetly-founder-default-ord1-leaf.1.i7gcwnyt341219o3vkg9urol3
1790515906656163424|container|exec_start: /bin/sh -c test -f /tmp/ready|11c3c634a5983a01e4329184a760f8798851f0edd55b51b8078f858e14b3cfe2|fleetly-founder-default-ord1-leaf.1.i7gcwnyt341219o3vkg9urol3
1790515906680210529|container|exec_die|11c3c634a5983a01e4329184a760f8798851f0edd55b51b8078f858e14b3cfe2|fleetly-founder-default-ord1-leaf.1.i7gcwnyt341219o3vkg9urol3
1790515906864089719|container|exec_create: /bin/sh -c test -f /tmp/ready|dc7d1c20dca66adb84b830c8f09f7f31ad4f97919a9a168d1ab1acc4ae0f4171|fleetly-founder-default-ord1-base.1.u6vt6r13tkv2e8isjcjqde0pc
1790515906864180373|container|exec_start: /bin/sh -c test -f /tmp/ready|dc7d1c20dca66adb84b830c8f09f7f31ad4f97919a9a168d1ab1acc4ae0f4171|fleetly-founder-default-ord1-base.1.u6vt6r13tkv2e8isjcjqde0pc
1790515906867812932|container|exec_create: /bin/sh -c test -f /tmp/ready|66c9f26cb0de223015bf9e9983be6d75a187224d697f9f1e64923eda42cba08f|fleetly-founder-default-ord1-mid.1.21z8ywr4hdhdriq9plhda1ggw
1790515906867902098|container|exec_start: /bin/sh -c test -f /tmp/ready|66c9f26cb0de223015bf9e9983be6d75a187224d697f9f1e64923eda42cba08f|fleetly-founder-default-ord1-mid.1.21z8ywr4hdhdriq9plhda1ggw
1790515906919217173|container|exec_die|dc7d1c20dca66adb84b830c8f09f7f31ad4f97919a9a168d1ab1acc4ae0f4171|fleetly-founder-default-ord1-base.1.u6vt6r13tkv2e8isjcjqde0pc
1790515906923325515|container|exec_die|66c9f26cb0de223015bf9e9983be6d75a187224d697f9f1e64923eda42cba08f|fleetly-founder-default-ord1-mid.1.21z8ywr4hdhdriq9plhda1ggw
1790515907476088879|container|exec_create: /bin/sh -c test -f /tmp/ready|119b56188a2fa3ee47e7fc8a9dc56428be4075b7407c220ed8e94e9881280fee|fleetly-founder-default-ord2-good.1.wut2ukdnm3s8i4tq95lq9wsb1
1790515907476178166|container|exec_start: /bin/sh -c test -f /tmp/ready|119b56188a2fa3ee47e7fc8a9dc56428be4075b7407c220ed8e94e9881280fee|fleetly-founder-default-ord2-good.1.wut2ukdnm3s8i4tq95lq9wsb1
1790515907500384954|container|exec_die|119b56188a2fa3ee47e7fc8a9dc56428be4075b7407c220ed8e94e9881280fee|fleetly-founder-default-ord2-good.1.wut2ukdnm3s8i4tq95lq9wsb1
1790515907615211616|network|connect|lbzs6ecdxeajav10hlf1lt6g8|fleetly-founder-default-ord2-net
1790515907633141290|container|start|5e372e2b6c5a7ca093d5ad71cf9e6bb5e80addbd8518430bccfef415b9352c66|fleetly-founder-default-ord2-bad.1.rxrxf0kxrky4vxemm5z8064um
1790515907680695261|container|exec_create: /bin/sh -c test -f /tmp/ready|11c3c634a5983a01e4329184a760f8798851f0edd55b51b8078f858e14b3cfe2|fleetly-founder-default-ord1-leaf.1.i7gcwnyt341219o3vkg9urol3
1790515907680766636|container|exec_start: /bin/sh -c test -f /tmp/ready|11c3c634a5983a01e4329184a760f8798851f0edd55b51b8078f858e14b3cfe2|fleetly-founder-default-ord1-leaf.1.i7gcwnyt341219o3vkg9urol3
1790515907705623734|container|exec_die|11c3c634a5983a01e4329184a760f8798851f0edd55b51b8078f858e14b3cfe2|fleetly-founder-default-ord1-leaf.1.i7gcwnyt341219o3vkg9urol3
1790515907919729767|container|exec_create: /bin/sh -c test -f /tmp/ready|dc7d1c20dca66adb84b830c8f09f7f31ad4f97919a9a168d1ab1acc4ae0f4171|fleetly-founder-default-ord1-base.1.u6vt6r13tkv2e8isjcjqde0pc
1790515907919840975|container|exec_start: /bin/sh -c test -f /tmp/ready|dc7d1c20dca66adb84b830c8f09f7f31ad4f97919a9a168d1ab1acc4ae0f4171|fleetly-founder-default-ord1-base.1.u6vt6r13tkv2e8isjcjqde0pc
1790515907923714965|container|exec_create: /bin/sh -c test -f /tmp/ready|66c9f26cb0de223015bf9e9983be6d75a187224d697f9f1e64923eda42cba08f|fleetly-founder-default-ord1-mid.1.21z8ywr4hdhdriq9plhda1ggw
1790515907923797596|container|exec_start: /bin/sh -c test -f /tmp/ready|66c9f26cb0de223015bf9e9983be6d75a187224d697f9f1e64923eda42cba08f|fleetly-founder-default-ord1-mid.1.21z8ywr4hdhdriq9plhda1ggw
1790515907929138465|network|disconnect|lbzs6ecdxeajav10hlf1lt6g8|fleetly-founder-default-ord2-net
1790515907945205085|container|exec_die|dc7d1c20dca66adb84b830c8f09f7f31ad4f97919a9a168d1ab1acc4ae0f4171|fleetly-founder-default-ord1-base.1.u6vt6r13tkv2e8isjcjqde0pc
1790515907953221237|container|exec_die|66c9f26cb0de223015bf9e9983be6d75a187224d697f9f1e64923eda42cba08f|fleetly-founder-default-ord1-mid.1.21z8ywr4hdhdriq9plhda1ggw
1790515907956131361|container|die|5e372e2b6c5a7ca093d5ad71cf9e6bb5e80addbd8518430bccfef415b9352c66|fleetly-founder-default-ord2-bad.1.rxrxf0kxrky4vxemm5z8064um
1790515908403141551|container|create|a74a2a60ea10a2bafca1205b6914f41abb34e8ef603365c27f77e784a70143dd|fleetly-founder-default-ord2-bad.1.bp1ovc4g3uh92lsyrbvv7dr4s
1790515908501757662|container|exec_create: /bin/sh -c test -f /tmp/ready|119b56188a2fa3ee47e7fc8a9dc56428be4075b7407c220ed8e94e9881280fee|fleetly-founder-default-ord2-good.1.wut2ukdnm3s8i4tq95lq9wsb1
1790515908501868564|container|exec_start: /bin/sh -c test -f /tmp/ready|119b56188a2fa3ee47e7fc8a9dc56428be4075b7407c220ed8e94e9881280fee|fleetly-founder-default-ord2-good.1.wut2ukdnm3s8i4tq95lq9wsb1
1790515908526890588|container|exec_die|119b56188a2fa3ee47e7fc8a9dc56428be4075b7407c220ed8e94e9881280fee|fleetly-founder-default-ord2-good.1.wut2ukdnm3s8i4tq95lq9wsb1
1790515908706802434|container|exec_create: /bin/sh -c test -f /tmp/ready|11c3c634a5983a01e4329184a760f8798851f0edd55b51b8078f858e14b3cfe2|fleetly-founder-default-ord1-leaf.1.i7gcwnyt341219o3vkg9urol3
1790515908706936238|container|exec_start: /bin/sh -c test -f /tmp/ready|11c3c634a5983a01e4329184a760f8798851f0edd55b51b8078f858e14b3cfe2|fleetly-founder-default-ord1-leaf.1.i7gcwnyt341219o3vkg9urol3
1790515908732335152|container|exec_die|11c3c634a5983a01e4329184a760f8798851f0edd55b51b8078f858e14b3cfe2|fleetly-founder-default-ord1-leaf.1.i7gcwnyt341219o3vkg9urol3
1790515908946576715|container|exec_create: /bin/sh -c test -f /tmp/ready|dc7d1c20dca66adb84b830c8f09f7f31ad4f97919a9a168d1ab1acc4ae0f4171|fleetly-founder-default-ord1-base.1.u6vt6r13tkv2e8isjcjqde0pc
1790515908946689007|container|exec_start: /bin/sh -c test -f /tmp/ready|dc7d1c20dca66adb84b830c8f09f7f31ad4f97919a9a168d1ab1acc4ae0f4171|fleetly-founder-default-ord1-base.1.u6vt6r13tkv2e8isjcjqde0pc
1790515908954408440|container|exec_create: /bin/sh -c test -f /tmp/ready|66c9f26cb0de223015bf9e9983be6d75a187224d697f9f1e64923eda42cba08f|fleetly-founder-default-ord1-mid.1.21z8ywr4hdhdriq9plhda1ggw
1790515908954478771|container|exec_start: /bin/sh -c test -f /tmp/ready|66c9f26cb0de223015bf9e9983be6d75a187224d697f9f1e64923eda42cba08f|fleetly-founder-default-ord1-mid.1.21z8ywr4hdhdriq9plhda1ggw
1790515908969254595|container|exec_die|dc7d1c20dca66adb84b830c8f09f7f31ad4f97919a9a168d1ab1acc4ae0f4171|fleetly-founder-default-ord1-base.1.u6vt6r13tkv2e8isjcjqde0pc
1790515908979264782|container|exec_die|66c9f26cb0de223015bf9e9983be6d75a187224d697f9f1e64923eda42cba08f|fleetly-founder-default-ord1-mid.1.21z8ywr4hdhdriq9plhda1ggw
1790515909528176404|container|exec_create: /bin/sh -c test -f /tmp/ready|119b56188a2fa3ee47e7fc8a9dc56428be4075b7407c220ed8e94e9881280fee|fleetly-founder-default-ord2-good.1.wut2ukdnm3s8i4tq95lq9wsb1
1790515909528291100|container|exec_start: /bin/sh -c test -f /tmp/ready|119b56188a2fa3ee47e7fc8a9dc56428be4075b7407c220ed8e94e9881280fee|fleetly-founder-default-ord2-good.1.wut2ukdnm3s8i4tq95lq9wsb1
1790515909574807588|container|exec_die|119b56188a2fa3ee47e7fc8a9dc56428be4075b7407c220ed8e94e9881280fee|fleetly-founder-default-ord2-good.1.wut2ukdnm3s8i4tq95lq9wsb1
1790515909733039107|container|exec_create: /bin/sh -c test -f /tmp/ready|11c3c634a5983a01e4329184a760f8798851f0edd55b51b8078f858e14b3cfe2|fleetly-founder-default-ord1-leaf.1.i7gcwnyt341219o3vkg9urol3
1790515909733138543|container|exec_start: /bin/sh -c test -f /tmp/ready|11c3c634a5983a01e4329184a760f8798851f0edd55b51b8078f858e14b3cfe2|fleetly-founder-default-ord1-leaf.1.i7gcwnyt341219o3vkg9urol3
1790515909806386190|container|exec_die|11c3c634a5983a01e4329184a760f8798851f0edd55b51b8078f858e14b3cfe2|fleetly-founder-default-ord1-leaf.1.i7gcwnyt341219o3vkg9urol3
1790515909970430578|container|exec_create: /bin/sh -c test -f /tmp/ready|dc7d1c20dca66adb84b830c8f09f7f31ad4f97919a9a168d1ab1acc4ae0f4171|fleetly-founder-default-ord1-base.1.u6vt6r13tkv2e8isjcjqde0pc
1790515909970559840|container|exec_start: /bin/sh -c test -f /tmp/ready|dc7d1c20dca66adb84b830c8f09f7f31ad4f97919a9a168d1ab1acc4ae0f4171|fleetly-founder-default-ord1-base.1.u6vt6r13tkv2e8isjcjqde0pc
1790515909980210437|container|exec_create: /bin/sh -c test -f /tmp/ready|66c9f26cb0de223015bf9e9983be6d75a187224d697f9f1e64923eda42cba08f|fleetly-founder-default-ord1-mid.1.21z8ywr4hdhdriq9plhda1ggw
1790515909980283569|container|exec_start: /bin/sh -c test -f /tmp/ready|66c9f26cb0de223015bf9e9983be6d75a187224d697f9f1e64923eda42cba08f|fleetly-founder-default-ord1-mid.1.21z8ywr4hdhdriq9plhda1ggw
1790515910002362708|container|exec_die|dc7d1c20dca66adb84b830c8f09f7f31ad4f97919a9a168d1ab1acc4ae0f4171|fleetly-founder-default-ord1-base.1.u6vt6r13tkv2e8isjcjqde0pc
1790515910006323328|container|exec_die|66c9f26cb0de223015bf9e9983be6d75a187224d697f9f1e64923eda42cba08f|fleetly-founder-default-ord1-mid.1.21z8ywr4hdhdriq9plhda1ggw
1790515910575660981|container|exec_create: /bin/sh -c test -f /tmp/ready|119b56188a2fa3ee47e7fc8a9dc56428be4075b7407c220ed8e94e9881280fee|fleetly-founder-default-ord2-good.1.wut2ukdnm3s8i4tq95lq9wsb1
1790515910575767132|container|exec_start: /bin/sh -c test -f /tmp/ready|119b56188a2fa3ee47e7fc8a9dc56428be4075b7407c220ed8e94e9881280fee|fleetly-founder-default-ord2-good.1.wut2ukdnm3s8i4tq95lq9wsb1
1790515910620873850|container|exec_die|119b56188a2fa3ee47e7fc8a9dc56428be4075b7407c220ed8e94e9881280fee|fleetly-founder-default-ord2-good.1.wut2ukdnm3s8i4tq95lq9wsb1
1790515910807254891|container|exec_create: /bin/sh -c test -f /tmp/ready|11c3c634a5983a01e4329184a760f8798851f0edd55b51b8078f858e14b3cfe2|fleetly-founder-default-ord1-leaf.1.i7gcwnyt341219o3vkg9urol3
1790515910807384534|container|exec_start: /bin/sh -c test -f /tmp/ready|11c3c634a5983a01e4329184a760f8798851f0edd55b51b8078f858e14b3cfe2|fleetly-founder-default-ord1-leaf.1.i7gcwnyt341219o3vkg9urol3
1790515910832962088|container|exec_die|11c3c634a5983a01e4329184a760f8798851f0edd55b51b8078f858e14b3cfe2|fleetly-founder-default-ord1-leaf.1.i7gcwnyt341219o3vkg9urol3
