{"level":"warn","ts":"2026-09-27T13:31:01.233Z","msg":"master key generated at /var/lib/fleetly/fleetly.key — store it safely and keep it separate from backups (platform env ciphertext cannot be decrypted if it is lost)","service.id":"s4","service.name":"fleetlyd","service.version":"v0.3.0-t20s4"}
{"level":"info","ts":"2026-09-27T13:31:01.238Z","msg":"bootstrap admin token generated and written to file (secret not printed; delete the file after the first successful login)","path":"/var/lib/fleetly/bootstrap-token","service.id":"s4","service.name":"fleetlyd","service.version":"v0.3.0-t20s4"}
{"level":"info","ts":"2026-09-27T13:31:01.241Z","msg":"initializing service","service.version":"v0.3.0-t20s4","service":"http","service.id":"s4","service.name":"fleetlyd"}
{"level":"info","ts":"2026-09-27T13:31:01.241Z","msg":"initialized service","service":"http","service.id":"s4","service.name":"fleetlyd","service.version":"v0.3.0-t20s4"}
{"level":"info","ts":"2026-09-27T13:31:01.241Z","msg":"initializing service","service":"grpc","service.id":"s4","service.name":"fleetlyd","service.version":"v0.3.0-t20s4"}
{"level":"info","ts":"2026-09-27T13:31:01.241Z","msg":"initialized service","service.id":"s4","service.name":"fleetlyd","service.version":"v0.3.0-t20s4","service":"grpc"}
{"level":"info","ts":"2026-09-27T13:31:01.241Z","msg":"initializing service","service.name":"fleetlyd","service.version":"v0.3.0-t20s4","service":"git.ssh","service.id":"s4"}
{"level":"info","ts":"2026-09-27T13:31:01.241Z","msg":"initialized service","service.version":"v0.3.0-t20s4","service":"git.ssh","service.id":"s4","service.name":"fleetlyd"}
{"level":"info","ts":"2026-09-27T13:31:01.241Z","msg":"initializing service","service.id":"s4","service.name":"fleetlyd","service.version":"v0.3.0-t20s4","service":"build.queue"}
{"level":"info","ts":"2026-09-27T13:31:01.241Z","msg":"initialized service","service.name":"fleetlyd","service.version":"v0.3.0-t20s4","service":"build.queue","service.id":"s4"}
{"level":"info","ts":"2026-09-27T13:31:01.241Z","msg":"initializing service","service.id":"s4","service.name":"fleetlyd","service.version":"v0.3.0-t20s4","service":"engine.release"}
{"level":"info","ts":"2026-09-27T13:31:01.241Z","msg":"initialized service","service.id":"s4","service.name":"fleetlyd","service.version":"v0.3.0-t20s4","service":"engine.release"}
{"level":"info","ts":"2026-09-27T13:31:01.241Z","msg":"initializing service","service.name":"fleetlyd","service.version":"v0.3.0-t20s4","service":"ingress.traefik","service.id":"s4"}
{"level":"info","ts":"2026-09-27T13:31:01.241Z","msg":"initialized service","service.id":"s4","service.name":"fleetlyd","service.version":"v0.3.0-t20s4","service":"ingress.traefik"}
{"level":"info","ts":"2026-09-27T13:31:01.241Z","msg":"initializing service","service":"logs.collector","service.id":"s4","service.name":"fleetlyd","service.version":"v0.3.0-t20s4"}
{"level":"info","ts":"2026-09-27T13:31:01.241Z","msg":"initialized service","service":"logs.collector","service.id":"s4","service.name":"fleetlyd","service.version":"v0.3.0-t20s4"}
{"level":"info","ts":"2026-09-27T13:31:01.241Z","msg":"initializing service","service":"notify.webhook","service.id":"s4","service.name":"fleetlyd","service.version":"v0.3.0-t20s4"}
{"level":"info","ts":"2026-09-27T13:31:01.241Z","msg":"initialized service","service.id":"s4","service.name":"fleetlyd","service.version":"v0.3.0-t20s4","service":"notify.webhook"}
{"level":"info","ts":"2026-09-27T13:31:01.241Z","msg":"initializing service","service":"state.identity","service.id":"s4","service.name":"fleetlyd","service.version":"v0.3.0-t20s4"}
{"level":"info","ts":"2026-09-27T13:31:01.242Z","msg":"platform node id created","service.id":"s4","service.name":"fleetlyd","service.version":"v0.3.0-t20s4","node_id":"n_01M3HGZNQS5NQVXJK43J3ANDBM"}
{"level":"info","ts":"2026-09-27T13:31:01.242Z","msg":"initialized service","service.id":"s4","service.name":"fleetlyd","service.version":"v0.3.0-t20s4","service":"state.identity"}
{"level":"info","ts":"2026-09-27T13:31:01.242Z","msg":"initializing service","service.id":"s4","service.name":"fleetlyd","service.version":"v0.3.0-t20s4","service":"state.observer"}
{"level":"info","ts":"2026-09-27T13:31:01.242Z","msg":"initialized service","service.id":"s4","service.name":"fleetlyd","service.version":"v0.3.0-t20s4","service":"state.observer"}
{"level":"info","ts":"2026-09-27T13:31:01.242Z","msg":"initializing service","service":"state.janitor","service.id":"s4","service.name":"fleetlyd","service.version":"v0.3.0-t20s4"}
{"level":"info","ts":"2026-09-27T13:31:01.242Z","msg":"initialized service","service.id":"s4","service.name":"fleetlyd","service.version":"v0.3.0-t20s4","service":"state.janitor"}
{"level":"info","ts":"2026-09-27T13:31:01.242Z","msg":"initializing service","service.version":"v0.3.0-t20s4","service":"state.backup","service.id":"s4","service.name":"fleetlyd"}
{"level":"info","ts":"2026-09-27T13:31:01.242Z","msg":"initialized service","service.name":"fleetlyd","service.version":"v0.3.0-t20s4","service":"state.backup","service.id":"s4"}
{"level":"info","ts":"2026-09-27T13:31:01.242Z","msg":"initializing service","service.version":"v0.3.0-t20s4","service":"objectstore.rustfs","service.id":"s4","service.name":"fleetlyd"}
{"level":"info","ts":"2026-09-27T13:31:01.242Z","msg":"initialized service","service.id":"s4","service.name":"fleetlyd","service.version":"v0.3.0-t20s4","service":"objectstore.rustfs"}
{"level":"info","ts":"2026-09-27T13:31:01.242Z","msg":"initializing service","service.id":"s4","service.name":"fleetlyd","service.version":"v0.3.0-t20s4","service":"logs.victorialogs"}
{"level":"info","ts":"2026-09-27T13:31:01.242Z","msg":"initialized service","service.name":"fleetlyd","service.version":"v0.3.0-t20s4","service":"logs.victorialogs","service.id":"s4"}
{"level":"info","ts":"2026-09-27T13:31:01.242Z","msg":"initializing service","service.id":"s4","service.name":"fleetlyd","service.version":"v0.3.0-t20s4","service":"metrics.stack"}
{"level":"info","ts":"2026-09-27T13:31:01.242Z","msg":"initialized service","service.name":"fleetlyd","service.version":"v0.3.0-t20s4","service":"metrics.stack","service.id":"s4"}
{"level":"info","ts":"2026-09-27T13:31:01.242Z","msg":"initializing service","service.id":"s4","service.name":"fleetlyd","service.version":"v0.3.0-t20s4","service":"database.converge"}
{"level":"info","ts":"2026-09-27T13:31:01.242Z","msg":"initialized service","service.name":"fleetlyd","service.version":"v0.3.0-t20s4","service":"database.converge","service.id":"s4"}
{"level":"info","ts":"2026-09-27T13:31:01.242Z","msg":"initializing service","service.name":"fleetlyd","service.version":"v0.3.0-t20s4","service":"execrelay","service.id":"s4"}
{"level":"info","ts":"2026-09-27T13:31:01.242Z","msg":"initialized service","service.id":"s4","service.name":"fleetlyd","service.version":"v0.3.0-t20s4","service":"execrelay"}
{"level":"info","ts":"2026-09-27T13:31:01.242Z","msg":"initializing service","service.name":"fleetlyd","service.version":"v0.3.0-t20s4","service":"cron.schedule","service.id":"s4"}
{"level":"info","ts":"2026-09-27T13:31:01.242Z","msg":"initialized service","service.name":"fleetlyd","service.version":"v0.3.0-t20s4","service":"cron.schedule","service.id":"s4"}
{"level":"info","ts":"2026-09-27T13:31:01.242Z","msg":"initializing service","service.id":"s4","service.name":"fleetlyd","service.version":"v0.3.0-t20s4","service":"state.secrets"}
{"level":"info","ts":"2026-09-27T13:31:01.242Z","msg":"initialized service","service":"state.secrets","service.id":"s4","service.name":"fleetlyd","service.version":"v0.3.0-t20s4"}
{"level":"info","ts":"2026-09-27T13:31:01.242Z","msg":"initializing service","service.version":"v0.3.0-t20s4","service":"state.store","service.id":"s4","service.name":"fleetlyd"}
{"level":"info","ts":"2026-09-27T13:31:01.242Z","msg":"initialized service","service.id":"s4","service.name":"fleetlyd","service.version":"v0.3.0-t20s4","service":"state.store"}
{"level":"info","ts":"2026-09-27T13:31:01.242Z","msg":"starting","service.name":"fleetlyd","service.version":"v0.3.0-t20s4","service.id":"s4"}
{"level":"info","ts":"2026-09-27T13:31:01.242Z","msg":"run on-pre-start hooks","service.id":"s4","service.name":"fleetlyd","service.version":"v0.3.0-t20s4"}
{"level":"info","ts":"2026-09-27T13:31:01.242Z","msg":"fleetlyd starting","service.version":"v0.3.0-t20s4","service.id":"s4","service.name":"fleetlyd"}
{"level":"info","ts":"2026-09-27T13:31:01.242Z","msg":"starting service","service.name":"fleetlyd","service.version":"v0.3.0-t20s4","service":"state.observer","service.id":"s4"}
{"level":"info","ts":"2026-09-27T13:31:01.242Z","msg":"starting service","service.version":"v0.3.0-t20s4","service":"state.identity","service.id":"s4","service.name":"fleetlyd"}
{"level":"info","ts":"2026-09-27T13:31:01.242Z","msg":"starting service","service.version":"v0.3.0-t20s4","service":"build.queue","service.id":"s4","service.name":"fleetlyd"}
{"level":"info","ts":"2026-09-27T13:31:01.242Z","msg":"starting service","service":"logs.collector","service.id":"s4","service.name":"fleetlyd","service.version":"v0.3.0-t20s4"}
{"level":"info","ts":"2026-09-27T13:31:01.242Z","msg":"starting service","service":"notify.webhook","service.id":"s4","service.name":"fleetlyd","service.version":"v0.3.0-t20s4"}
{"level":"info","ts":"2026-09-27T13:31:01.242Z","msg":"starting service","service.id":"s4","service.name":"fleetlyd","service.version":"v0.3.0-t20s4","service":"ingress.traefik"}
{"level":"info","ts":"2026-09-27T13:31:01.242Z","msg":"starting service","service.id":"s4","service.name":"fleetlyd","service.version":"v0.3.0-t20s4","service":"grpc"}
{"level":"info","ts":"2026-09-27T13:31:01.242Z","msg":"starting service","service.version":"v0.3.0-t20s4","service":"git.ssh","service.id":"s4","service.name":"fleetlyd"}
{"level":"info","ts":"2026-09-27T13:31:01.242Z","msg":"gitserver: ssh git endpoint disabled (git.enabled=false)","service.name":"fleetlyd","service.version":"v0.3.0-t20s4","service.id":"s4"}
{"level":"info","ts":"2026-09-27T13:31:01.242Z","msg":"starting service","service.name":"fleetlyd","service.version":"v0.3.0-t20s4","service":"state.secrets","service.id":"s4"}
{"level":"info","ts":"2026-09-27T13:31:01.242Z","msg":"starting service","service.name":"fleetlyd","service.version":"v0.3.0-t20s4","service":"execrelay","service.id":"s4"}
{"level":"info","ts":"2026-09-27T13:31:01.242Z","msg":"starting service","service":"database.converge","service.id":"s4","service.name":"fleetlyd","service.version":"v0.3.0-t20s4"}
{"level":"info","ts":"2026-09-27T13:31:01.242Z","msg":"starting service","service.name":"fleetlyd","service.version":"v0.3.0-t20s4","service":"http","service.id":"s4"}
{"level":"info","ts":"2026-09-27T13:31:01.242Z","msg":"starting service","service.id":"s4","service.name":"fleetlyd","service.version":"v0.3.0-t20s4","service":"objectstore.rustfs"}
{"level":"info","ts":"2026-09-27T13:31:01.243Z","msg":"starting service","service.version":"v0.3.0-t20s4","service":"logs.victorialogs","service.id":"s4","service.name":"fleetlyd"}
{"level":"info","ts":"2026-09-27T13:31:01.243Z","msg":"starting service","service.name":"fleetlyd","service.version":"v0.3.0-t20s4","service":"state.janitor","service.id":"s4"}
{"level":"info","ts":"2026-09-27T13:31:01.243Z","msg":"starting service","service.name":"fleetlyd","service.version":"v0.3.0-t20s4","service":"cron.schedule","service.id":"s4"}
{"level":"info","ts":"2026-09-27T13:31:01.243Z","msg":"starting service","service.id":"s4","service.name":"fleetlyd","service.version":"v0.3.0-t20s4","service":"metrics.stack"}
{"level":"info","ts":"2026-09-27T13:31:01.243Z","msg":"starting service","service.name":"fleetlyd","service.version":"v0.3.0-t20s4","service":"state.backup","service.id":"s4"}
{"level":"info","ts":"2026-09-27T13:31:01.243Z","msg":"starting service","service.version":"v0.3.0-t20s4","service":"state.store","service.id":"s4","service.name":"fleetlyd"}
{"level":"info","ts":"2026-09-27T13:31:01.243Z","msg":"starting service","service.name":"fleetlyd","service.version":"v0.3.0-t20s4","service":"engine.release","service.id":"s4"}
{"level":"info","ts":"2026-09-27T13:31:01.244Z","msg":"notify: delivery cursor initialized to the current max event seq (no historical replay)","service.id":"s4","service.name":"fleetlyd","service.version":"v0.3.0-t20s4","max_seq":0}
{"level":"info","ts":"2026-09-27T13:31:01.246Z","msg":"ingress: config endpoint listening","service.id":"s4","service.name":"fleetlyd","service.version":"v0.3.0-t20s4","addr":"[::]:8422"}
{"level":"info","ts":"2026-09-27T13:31:01.246Z","msg":"starting gRPC server, listening on 127.0.0.1:8421","service.name":"fleetlyd","service.version":"v0.3.0-t20s4","service.id":"s4"}
{"level":"info","ts":"2026-09-27T13:31:01.246Z","msg":"starting HTTP server, listening on [::]:8420","service.id":"s4","service.name":"fleetlyd","service.version":"v0.3.0-t20s4","logger":"http-requestlog"}
{"level":"info","ts":"2026-09-27T13:31:01.248Z","msg":"rustfs: quiesced (s3.mode != rustfs; no managed deployment owed)","service.id":"s4","service.name":"fleetlyd","service.version":"v0.3.0-t20s4"}
{"level":"info","ts":"2026-09-27T13:31:01.272Z","msg":"metrics: quiesced (metrics.mode != on; no managed deployment owed)","service.version":"v0.3.0-t20s4","service.id":"s4","service.name":"fleetlyd"}
{"level":"info","ts":"2026-09-27T13:31:01.273Z","msg":"backup: verified snapshot recorded","service.name":"fleetlyd","service.version":"v0.3.0-t20s4","id":"01M3HGZNQVJWXYVCR6M1HP50DH","kind":"daily","size_bytes":552960,"sha256":"c52b85bddeb1","schema_version":25,"service.id":"s4"}
{"level":"info","ts":"2026-09-27T13:31:01.273Z","msg":"backup: upload skipped (s3.mode=unset; upload track off)","service.version":"v0.3.0-t20s4","id":"01M3HGZNQVJWXYVCR6M1HP50DH","service.id":"s4","service.name":"fleetlyd"}
{"level":"info","ts":"2026-09-27T13:31:01.277Z","msg":"execrelay: cluster token provisioned (48B, stored as a swarm secret; the control plane keeps only its sha256 hash)","service.id":"s4","service.name":"fleetlyd","service.version":"v0.3.0-t20s4"}
{"level":"info","ts":"2026-09-27T13:31:01.281Z","msg":"platform node id anchored to swarm node","service.id":"s4","service.name":"fleetlyd","service.version":"v0.3.0-t20s4","node_id":"n_01M3HGZNQS5NQVXJK43J3ANDBM","swarm_node_id":"vymu60rwlrrauh30ysmelss19"}
{"level":"info","ts":"2026-09-27T13:31:01.285Z","msg":"ingress: traefik service created","service.version":"v0.3.0-t20s4","image":"traefik:v3.5","http_port":80,"https_port":443,"provider_endpoint":"http://10.242.0.10:8422","service.id":"s4","service.name":"fleetlyd"}
{"level":"info","ts":"2026-09-27T13:31:01.288Z","msg":"execrelay: service created","control_addr":"10.242.0.10:8420","tls":"ws (plaintext; control_plane.tls is off/manual)","service.id":"s4","service.name":"fleetlyd","service.version":"v0.3.0-t20s4","service":"fleetly-exec","image":"ghcr.io/fleetlyrun/fleetly-exec:v0.2.0-exec.1@sha256:4de40017c620b55b76048c3369f64b3a747c875a4f7bf21ac8c6f88bc4b0793b"}
{"level":"info","ts":"2026-09-27T13:31:01.288Z","msg":"execrelay: converged (managed exec relay deployed; global host-network task per node, reverse-dialing the control plane)","service.id":"s4","service.name":"fleetlyd","service.version":"v0.3.0-t20s4","service":"fleetly-exec"}
{"level":"info","ts":"2026-09-27T13:31:01.301Z","msg":"victorialogs: service created","service":"fleetly-victorialogs","image":"victoriametrics/victoria-logs:v1.52.0@sha256:47b820890d64c4575a2a0a46415dcd8a4fd59a0f1fcd6a377693d7aea639442e","listen":"-httpListenAddr=127.0.0.1:9428","constraint":"node.labels.fleetly.node-id == n_01M3HGZNQS5NQVXJK43J3ANDBM","service.id":"s4","service.name":"fleetlyd","service.version":"v0.3.0-t20s4"}
{"level":"info","ts":"2026-09-27T13:31:01.301Z","msg":"victorialogs: converged (managed VictoriaLogs deployed; loopback-only host publish, the data volume persists across backend switch)","service.id":"s4","service.name":"fleetlyd","service.version":"v0.3.0-t20s4","service":"fleetly-victorialogs","volume":"fleetly-victorialogs-data"}
{"level":"info","ts":"2026-09-27T13:31:02.446Z","msg":"gRPC request","service.id":"s4","service.name":"fleetlyd","service.version":"v0.3.0-t20s4","method":"/fleetly.server.v1.AuthService/Register"}
{"level":"info","ts":"2026-09-27T13:31:02.553Z","msg":"gRPC request completed","service.id":"s4","service.name":"fleetlyd","service.version":"v0.3.0-t20s4","method":"/fleetly.server.v1.AuthService/Register","duration":0.107068723}
{"level":"info","ts":"2026-09-27T13:31:02.801Z","msg":"gRPC request","service.version":"v0.3.0-t20s4","method":"/fleetly.server.v1.TokensService/CreateToken","service.id":"s4","service.name":"fleetlyd"}
{"level":"info","ts":"2026-09-27T13:31:02.803Z","msg":"gRPC request completed","duration":0.002017683,"service.id":"s4","service.name":"fleetlyd","service.version":"v0.3.0-t20s4","method":"/fleetly.server.v1.TokensService/CreateToken"}
{"level":"info","ts":"2026-09-27T13:31:04.219Z","msg":"gRPC request","service.version":"v0.3.0-t20s4","method":"/fleetly.server.v1.DeploymentsService/Deploy","service.id":"s4","service.name":"fleetlyd"}
{"level":"info","ts":"2026-09-27T13:31:04.227Z","msg":"gRPC request completed","service.id":"s4","service.name":"fleetlyd","service.version":"v0.3.0-t20s4","method":"/fleetly.server.v1.DeploymentsService/Deploy","duration":0.007920124}
{"level":"info","ts":"2026-09-27T13:31:04.227Z","msg":"gRPC request","service.name":"fleetlyd","service.version":"v0.3.0-t20s4","method":"/fleetly.server.v1.DeploymentsService/GetDeployment","service.id":"s4"}
{"level":"info","ts":"2026-09-27T13:31:04.227Z","msg":"gRPC request completed","service.name":"fleetlyd","service.version":"v0.3.0-t20s4","method":"/fleetly.server.v1.DeploymentsService/GetDeployment","duration":0.00026808,"service.id":"s4"}
{"level":"info","ts":"2026-09-27T13:31:05.228Z","msg":"gRPC request","method":"/fleetly.server.v1.DeploymentsService/GetDeployment","service.id":"s4","service.name":"fleetlyd","service.version":"v0.3.0-t20s4"}
{"level":"info","ts":"2026-09-27T13:31:05.228Z","msg":"gRPC request completed","method":"/fleetly.server.v1.DeploymentsService/GetDeployment","duration":0.000296992,"service.id":"s4","service.name":"fleetlyd","service.version":"v0.3.0-t20s4"}
{"level":"info","ts":"2026-09-27T13:31:06.229Z","msg":"gRPC request","service.id":"s4","service.name":"fleetlyd","service.version":"v0.3.0-t20s4","method":"/fleetly.server.v1.DeploymentsService/GetDeployment"}
{"level":"info","ts":"2026-09-27T13:31:06.229Z","msg":"gRPC request completed","service.id":"s4","service.name":"fleetlyd","service.version":"v0.3.0-t20s4","method":"/fleetly.server.v1.DeploymentsService/GetDeployment","duration":0.000322439}
{"level":"info","ts":"2026-09-27T13:31:07.230Z","msg":"gRPC request","service.id":"s4","service.name":"fleetlyd","service.version":"v0.3.0-t20s4","method":"/fleetly.server.v1.DeploymentsService/GetDeployment"}
{"level":"info","ts":"2026-09-27T13:31:07.230Z","msg":"gRPC request completed","duration":0.000325875,"service.id":"s4","service.name":"fleetlyd","service.version":"v0.3.0-t20s4","method":"/fleetly.server.v1.DeploymentsService/GetDeployment"}
{"level":"warn","ts":"2026-09-27T13:31:07.498Z","msg":"execrelay: relay connection rejected","service.id":"s4","service.name":"fleetlyd","service.version":"v0.3.0-t20s4","error":{"error":"execrelay: no running relay task matches hostname \"s4\" (membership discovery)","kind":"*errors.errorString","stack":null}}
{"level":"info","ts":"2026-09-27T13:31:08.232Z","msg":"gRPC request","service.name":"fleetlyd","service.version":"v0.3.0-t20s4","method":"/fleetly.server.v1.DeploymentsService/GetDeployment","service.id":"s4"}
{"level":"info","ts":"2026-09-27T13:31:08.232Z","msg":"gRPC request completed","service.name":"fleetlyd","service.version":"v0.3.0-t20s4","method":"/fleetly.server.v1.DeploymentsService/GetDeployment","duration":0.000323705,"service.id":"s4"}
{"level":"info","ts":"2026-09-27T13:31:08.501Z","msg":"execrelay: relay registered","node":"vymu60rwlrrauh30ysmelss19","hostname":"s4","replaced":false,"service.id":"s4","service.name":"fleetlyd","service.version":"v0.3.0-t20s4"}
{"level":"info","ts":"2026-09-27T13:31:09.232Z","msg":"gRPC request","method":"/fleetly.server.v1.DeploymentsService/GetDeployment","service.id":"s4","service.name":"fleetlyd","service.version":"v0.3.0-t20s4"}
{"level":"info","ts":"2026-09-27T13:31:09.233Z","msg":"gRPC request completed","service.name":"fleetlyd","service.version":"v0.3.0-t20s4","method":"/fleetly.server.v1.DeploymentsService/GetDeployment","duration":0.000300456,"service.id":"s4"}
{"level":"warn","ts":"2026-09-27T13:31:09.243Z","msg":"logs: ingest to the log backend degraded (streak entered; live tail unaffected)","service.id":"s4","service.name":"fleetlyd","service.version":"v0.3.0-t20s4","error":"victorialogs: bulk ingest: Post \"http://127.0.0.1:9428/insert/elasticsearch/_bulk?_stream_fields=app%2Cservice%2Csource\": dial tcp 127.0.0.1:9428: connect: connection refused"}
{"level":"info","ts":"2026-09-27T13:31:10.233Z","msg":"gRPC request","method":"/fleetly.server.v1.DeploymentsService/GetDeployment","service.id":"s4","service.name":"fleetlyd","service.version":"v0.3.0-t20s4"}
{"level":"info","ts":"2026-09-27T13:31:10.234Z","msg":"gRPC request completed","method":"/fleetly.server.v1.DeploymentsService/GetDeployment","duration":0.000302824,"service.id":"s4","service.name":"fleetlyd","service.version":"v0.3.0-t20s4"}
{"level":"info","ts":"2026-09-27T13:31:11.234Z","msg":"gRPC request","service.version":"v0.3.0-t20s4","method":"/fleetly.server.v1.DeploymentsService/GetDeployment","service.id":"s4","service.name":"fleetlyd"}
{"level":"info","ts":"2026-09-27T13:31:11.235Z","msg":"gRPC request completed","method":"/fleetly.server.v1.DeploymentsService/GetDeployment","duration":0.000295284,"service.id":"s4","service.name":"fleetlyd","service.version":"v0.3.0-t20s4"}
{"level":"info","ts":"2026-09-27T13:31:12.236Z","msg":"gRPC request","service.name":"fleetlyd","service.version":"v0.3.0-t20s4","method":"/fleetly.server.v1.DeploymentsService/GetDeployment","service.id":"s4"}
{"level":"info","ts":"2026-09-27T13:31:12.236Z","msg":"gRPC request completed","service.version":"v0.3.0-t20s4","method":"/fleetly.server.v1.DeploymentsService/GetDeployment","duration":0.000299363,"service.id":"s4","service.name":"fleetlyd"}
{"level":"info","ts":"2026-09-27T13:31:13.236Z","msg":"gRPC request","method":"/fleetly.server.v1.DeploymentsService/GetDeployment","service.id":"s4","service.name":"fleetlyd","service.version":"v0.3.0-t20s4"}
{"level":"info","ts":"2026-09-27T13:31:13.237Z","msg":"gRPC request completed","service.version":"v0.3.0-t20s4","method":"/fleetly.server.v1.DeploymentsService/GetDeployment","duration":0.000467731,"service.id":"s4","service.name":"fleetlyd"}
{"level":"info","ts":"2026-09-27T13:31:14.238Z","msg":"gRPC request","service.name":"fleetlyd","service.version":"v0.3.0-t20s4","method":"/fleetly.server.v1.DeploymentsService/GetDeployment","service.id":"s4"}
{"level":"info","ts":"2026-09-27T13:31:14.238Z","msg":"gRPC request completed","service.id":"s4","service.name":"fleetlyd","service.version":"v0.3.0-t20s4","method":"/fleetly.server.v1.DeploymentsService/GetDeployment","duration":0.000288155}
{"level":"info","ts":"2026-09-27T13:31:15.238Z","msg":"gRPC request","method":"/fleetly.server.v1.DeploymentsService/GetDeployment","service.id":"s4","service.name":"fleetlyd","service.version":"v0.3.0-t20s4"}
{"level":"info","ts":"2026-09-27T13:31:15.239Z","msg":"gRPC request completed","duration":0.000302409,"service.id":"s4","service.name":"fleetlyd","service.version":"v0.3.0-t20s4","method":"/fleetly.server.v1.DeploymentsService/GetDeployment"}
{"level":"info","ts":"2026-09-27T13:31:16.240Z","msg":"gRPC request","method":"/fleetly.server.v1.DeploymentsService/GetDeployment","service.id":"s4","service.name":"fleetlyd","service.version":"v0.3.0-t20s4"}
{"level":"info","ts":"2026-09-27T13:31:16.240Z","msg":"gRPC request completed","service.name":"fleetlyd","service.version":"v0.3.0-t20s4","method":"/fleetly.server.v1.DeploymentsService/GetDeployment","duration":0.000409899,"service.id":"s4"}
{"level":"info","ts":"2026-09-27T13:31:17.241Z","msg":"gRPC request","service.id":"s4","service.name":"fleetlyd","service.version":"v0.3.0-t20s4","method":"/fleetly.server.v1.DeploymentsService/GetDeployment"}
{"level":"info","ts":"2026-09-27T13:31:17.241Z","msg":"gRPC request completed","duration":0.000281134,"service.id":"s4","service.name":"fleetlyd","service.version":"v0.3.0-t20s4","method":"/fleetly.server.v1.DeploymentsService/GetDeployment"}
{"level":"info","ts":"2026-09-27T13:31:18.242Z","msg":"gRPC request","service.version":"v0.3.0-t20s4","method":"/fleetly.server.v1.DeploymentsService/GetDeployment","service.id":"s4","service.name":"fleetlyd"}
{"level":"info","ts":"2026-09-27T13:31:18.242Z","msg":"gRPC request completed","service.id":"s4","service.name":"fleetlyd","service.version":"v0.3.0-t20s4","method":"/fleetly.server.v1.DeploymentsService/GetDeployment","duration":0.000326139}
{"level":"info","ts":"2026-09-27T13:31:19.244Z","msg":"gRPC request","service.id":"s4","service.name":"fleetlyd","service.version":"v0.3.0-t20s4","method":"/fleetly.server.v1.DeploymentsService/GetDeployment"}
{"level":"info","ts":"2026-09-27T13:31:19.244Z","msg":"gRPC request completed","service.name":"fleetlyd","service.version":"v0.3.0-t20s4","method":"/fleetly.server.v1.DeploymentsService/GetDeployment","duration":0.000303953,"service.id":"s4"}
{"level":"info","ts":"2026-09-27T13:31:20.245Z","msg":"gRPC request","service.version":"v0.3.0-t20s4","method":"/fleetly.server.v1.DeploymentsService/GetDeployment","service.id":"s4","service.name":"fleetlyd"}
{"level":"info","ts":"2026-09-27T13:31:20.245Z","msg":"gRPC request completed","service.name":"fleetlyd","service.version":"v0.3.0-t20s4","method":"/fleetly.server.v1.DeploymentsService/GetDeployment","duration":0.000347109,"service.id":"s4"}
{"level":"info","ts":"2026-09-27T13:31:21.245Z","msg":"gRPC request","service.version":"v0.3.0-t20s4","method":"/fleetly.server.v1.DeploymentsService/GetDeployment","service.id":"s4","service.name":"fleetlyd"}
{"level":"info","ts":"2026-09-27T13:31:21.246Z","msg":"gRPC request completed","service.version":"v0.3.0-t20s4","method":"/fleetly.server.v1.DeploymentsService/GetDeployment","duration":0.000195392,"service.id":"s4","service.name":"fleetlyd"}
{"level":"info","ts":"2026-09-27T13:31:22.247Z","msg":"gRPC request","method":"/fleetly.server.v1.DeploymentsService/GetDeployment","service.id":"s4","service.name":"fleetlyd","service.version":"v0.3.0-t20s4"}
{"level":"info","ts":"2026-09-27T13:31:22.247Z","msg":"gRPC request completed","duration":0.00044146,"service.id":"s4","service.name":"fleetlyd","service.version":"v0.3.0-t20s4","method":"/fleetly.server.v1.DeploymentsService/GetDeployment"}
{"level":"info","ts":"2026-09-27T13:31:23.247Z","msg":"gRPC request","service.name":"fleetlyd","service.version":"v0.3.0-t20s4","method":"/fleetly.server.v1.DeploymentsService/GetDeployment","service.id":"s4"}
{"level":"info","ts":"2026-09-27T13:31:23.247Z","msg":"gRPC request completed","service.id":"s4","service.name":"fleetlyd","service.version":"v0.3.0-t20s4","method":"/fleetly.server.v1.DeploymentsService/GetDeployment","duration":0.000497824}
{"level":"info","ts":"2026-09-27T13:31:24.248Z","msg":"gRPC request","service.name":"fleetlyd","service.version":"v0.3.0-t20s4","method":"/fleetly.server.v1.DeploymentsService/GetDeployment","service.id":"s4"}
{"level":"info","ts":"2026-09-27T13:31:24.248Z","msg":"gRPC request completed","method":"/fleetly.server.v1.DeploymentsService/GetDeployment","duration":0.000309415,"service.id":"s4","service.name":"fleetlyd","service.version":"v0.3.0-t20s4"}
{"level":"info","ts":"2026-09-27T13:31:25.249Z","msg":"gRPC request","service.name":"fleetlyd","service.version":"v0.3.0-t20s4","method":"/fleetly.server.v1.DeploymentsService/GetDeployment","service.id":"s4"}
{"level":"info","ts":"2026-09-27T13:31:25.250Z","msg":"gRPC request completed","service.id":"s4","service.name":"fleetlyd","service.version":"v0.3.0-t20s4","method":"/fleetly.server.v1.DeploymentsService/GetDeployment","duration":0.000876118}
{"level":"info","ts":"2026-09-27T13:31:26.251Z","msg":"gRPC request","service.id":"s4","service.name":"fleetlyd","service.version":"v0.3.0-t20s4","method":"/fleetly.server.v1.DeploymentsService/GetDeployment"}
{"level":"info","ts":"2026-09-27T13:31:26.251Z","msg":"gRPC request completed","service.id":"s4","service.name":"fleetlyd","service.version":"v0.3.0-t20s4","method":"/fleetly.server.v1.DeploymentsService/GetDeployment","duration":0.000316125}
{"level":"info","ts":"2026-09-27T13:31:27.252Z","msg":"gRPC request","service.id":"s4","service.name":"fleetlyd","service.version":"v0.3.0-t20s4","method":"/fleetly.server.v1.DeploymentsService/GetDeployment"}
{"level":"info","ts":"2026-09-27T13:31:27.252Z","msg":"gRPC request completed","duration":0.000295887,"service.id":"s4","service.name":"fleetlyd","service.version":"v0.3.0-t20s4","method":"/fleetly.server.v1.DeploymentsService/GetDeployment"}
{"level":"info","ts":"2026-09-27T13:31:28.252Z","msg":"gRPC request","service.name":"fleetlyd","service.version":"v0.3.0-t20s4","method":"/fleetly.server.v1.DeploymentsService/GetDeployment","service.id":"s4"}
{"level":"info","ts":"2026-09-27T13:31:28.253Z","msg":"gRPC request completed","service.id":"s4","service.name":"fleetlyd","service.version":"v0.3.0-t20s4","method":"/fleetly.server.v1.DeploymentsService/GetDeployment","duration":0.000259523}
{"level":"info","ts":"2026-09-27T13:31:29.253Z","msg":"gRPC request","service.id":"s4","service.name":"fleetlyd","service.version":"v0.3.0-t20s4","method":"/fleetly.server.v1.DeploymentsService/GetDeployment"}
{"level":"info","ts":"2026-09-27T13:31:29.253Z","msg":"gRPC request completed","service.version":"v0.3.0-t20s4","method":"/fleetly.server.v1.DeploymentsService/GetDeployment","duration":0.000272154,"service.id":"s4","service.name":"fleetlyd"}
{"level":"info","ts":"2026-09-27T13:31:30.254Z","msg":"gRPC request","service.name":"fleetlyd","service.version":"v0.3.0-t20s4","method":"/fleetly.server.v1.DeploymentsService/GetDeployment","service.id":"s4"}
{"level":"info","ts":"2026-09-27T13:31:30.255Z","msg":"gRPC request completed","duration":0.000304291,"service.id":"s4","service.name":"fleetlyd","service.version":"v0.3.0-t20s4","method":"/fleetly.server.v1.DeploymentsService/GetDeployment"}
{"level":"info","ts":"2026-09-27T13:31:30.328Z","msg":"backup: verified snapshot recorded","size_bytes":552960,"sha256":"6f2bf6dcc51a","schema_version":25,"service.id":"s4","service.name":"fleetlyd","service.version":"v0.3.0-t20s4","id":"01M3HH0J3M5K5S648K2CTY6G7E","kind":"post_deploy"}
{"level":"info","ts":"2026-09-27T13:31:30.328Z","msg":"backup: upload skipped (s3.mode=unset; upload track off)","service.id":"s4","service.name":"fleetlyd","service.version":"v0.3.0-t20s4","id":"01M3HH0J3M5K5S648K2CTY6G7E"}
{"level":"info","ts":"2026-09-27T13:31:31.255Z","msg":"gRPC request","service.id":"s4","service.name":"fleetlyd","service.version":"v0.3.0-t20s4","method":"/fleetly.server.v1.DeploymentsService/GetDeployment"}
{"level":"info","ts":"2026-09-27T13:31:31.255Z","msg":"gRPC request completed","duration":0.000296562,"service.id":"s4","service.name":"fleetlyd","service.version":"v0.3.0-t20s4","method":"/fleetly.server.v1.DeploymentsService/GetDeployment"}
{"level":"info","ts":"2026-09-27T13:31:31.256Z","msg":"gRPC request","service.name":"fleetlyd","service.version":"v0.3.0-t20s4","method":"/fleetly.server.v1.AppsService/GetApp","service.id":"s4"}
{"level":"info","ts":"2026-09-27T13:31:31.257Z","msg":"gRPC request completed","service.id":"s4","service.name":"fleetlyd","service.version":"v0.3.0-t20s4","method":"/fleetly.server.v1.AppsService/GetApp","duration":0.000585942}
{"level":"info","ts":"2026-09-27T13:31:31.271Z","msg":"logs: ingest to the log backend recovered (streak exited)","service.id":"s4","service.name":"fleetlyd","service.version":"v0.3.0-t20s4"}
{"level":"info","ts":"2026-09-27T13:31:33.500Z","msg":"gRPC request","service.id":"s4","service.name":"fleetlyd","service.version":"v0.3.0-t20s4","method":"/fleetly.server.v1.AppsService/GetApp"}
{"level":"info","ts":"2026-09-27T13:31:33.500Z","msg":"gRPC request completed","service.id":"s4","service.name":"fleetlyd","service.version":"v0.3.0-t20s4","method":"/fleetly.server.v1.AppsService/GetApp","duration":0.000549545}
{"level":"info","ts":"2026-09-27T13:31:33.501Z","msg":"gRPC request","service.id":"s4","service.name":"fleetlyd","service.version":"v0.3.0-t20s4","method":"/fleetly.server.v1.DeploymentsService/ListDeployments"}
{"level":"info","ts":"2026-09-27T13:31:33.501Z","msg":"gRPC request completed","method":"/fleetly.server.v1.DeploymentsService/ListDeployments","duration":0.000487293,"service.id":"s4","service.name":"fleetlyd","service.version":"v0.3.0-t20s4"}
{"level":"info","ts":"2026-09-27T13:31:34.567Z","msg":"gRPC request","service.id":"s4","service.name":"fleetlyd","service.version":"v0.3.0-t20s4","method":"/fleetly.server.v1.DeploymentsService/Deploy"}
{"level":"info","ts":"2026-09-27T13:31:34.569Z","msg":"gRPC request completed","method":"/fleetly.server.v1.DeploymentsService/Deploy","duration":0.00168385,"service.id":"s4","service.name":"fleetlyd","service.version":"v0.3.0-t20s4"}
{"level":"info","ts":"2026-09-27T13:31:34.569Z","msg":"gRPC request","method":"/fleetly.server.v1.DeploymentsService/GetDeployment","service.id":"s4","service.name":"fleetlyd","service.version":"v0.3.0-t20s4"}
{"level":"info","ts":"2026-09-27T13:31:34.569Z","msg":"gRPC request completed","method":"/fleetly.server.v1.DeploymentsService/GetDeployment","duration":0.000193786,"service.id":"s4","service.name":"fleetlyd","service.version":"v0.3.0-t20s4"}
{"level":"info","ts":"2026-09-27T13:31:35.570Z","msg":"gRPC request","service.version":"v0.3.0-t20s4","method":"/fleetly.server.v1.DeploymentsService/GetDeployment","service.id":"s4","service.name":"fleetlyd"}
{"level":"info","ts":"2026-09-27T13:31:35.571Z","msg":"gRPC request completed","method":"/fleetly.server.v1.DeploymentsService/GetDeployment","duration":0.000294799,"service.id":"s4","service.name":"fleetlyd","service.version":"v0.3.0-t20s4"}
{"level":"info","ts":"2026-09-27T13:31:36.571Z","msg":"gRPC request","service.name":"fleetlyd","service.version":"v0.3.0-t20s4","method":"/fleetly.server.v1.DeploymentsService/GetDeployment","service.id":"s4"}
{"level":"info","ts":"2026-09-27T13:31:36.571Z","msg":"gRPC request completed","service.version":"v0.3.0-t20s4","method":"/fleetly.server.v1.DeploymentsService/GetDeployment","duration":0.000346395,"service.id":"s4","service.name":"fleetlyd"}
{"level":"info","ts":"2026-09-27T13:31:37.572Z","msg":"gRPC request","service.id":"s4","service.name":"fleetlyd","service.version":"v0.3.0-t20s4","method":"/fleetly.server.v1.DeploymentsService/GetDeployment"}
{"level":"info","ts":"2026-09-27T13:31:37.572Z","msg":"gRPC request completed","service.version":"v0.3.0-t20s4","method":"/fleetly.server.v1.DeploymentsService/GetDeployment","duration":0.000328025,"service.id":"s4","service.name":"fleetlyd"}
{"level":"info","ts":"2026-09-27T13:31:38.573Z","msg":"gRPC request","service.id":"s4","service.name":"fleetlyd","service.version":"v0.3.0-t20s4","method":"/fleetly.server.v1.DeploymentsService/GetDeployment"}
{"level":"info","ts":"2026-09-27T13:31:38.573Z","msg":"gRPC request completed","duration":0.000311213,"service.id":"s4","service.name":"fleetlyd","service.version":"v0.3.0-t20s4","method":"/fleetly.server.v1.DeploymentsService/GetDeployment"}
{"level":"info","ts":"2026-09-27T13:31:39.574Z","msg":"gRPC request","service.name":"fleetlyd","service.version":"v0.3.0-t20s4","method":"/fleetly.server.v1.DeploymentsService/GetDeployment","service.id":"s4"}
{"level":"info","ts":"2026-09-27T13:31:39.574Z","msg":"gRPC request completed","duration":0.000309593,"service.id":"s4","service.name":"fleetlyd","service.version":"v0.3.0-t20s4","method":"/fleetly.server.v1.DeploymentsService/GetDeployment"}
{"level":"info","ts":"2026-09-27T13:31:40.574Z","msg":"gRPC request","method":"/fleetly.server.v1.DeploymentsService/GetDeployment","service.id":"s4","service.name":"fleetlyd","service.version":"v0.3.0-t20s4"}
{"level":"info","ts":"2026-09-27T13:31:40.575Z","msg":"gRPC request completed","service.id":"s4","service.name":"fleetlyd","service.version":"v0.3.0-t20s4","method":"/fleetly.server.v1.DeploymentsService/GetDeployment","duration":0.000294883}
{"level":"info","ts":"2026-09-27T13:31:41.575Z","msg":"gRPC request","method":"/fleetly.server.v1.DeploymentsService/GetDeployment","service.id":"s4","service.name":"fleetlyd","service.version":"v0.3.0-t20s4"}
{"level":"info","ts":"2026-09-27T13:31:41.576Z","msg":"gRPC request completed","method":"/fleetly.server.v1.DeploymentsService/GetDeployment","duration":0.000303977,"service.id":"s4","service.name":"fleetlyd","service.version":"v0.3.0-t20s4"}
{"level":"info","ts":"2026-09-27T13:31:42.576Z","msg":"gRPC request","service.id":"s4","service.name":"fleetlyd","service.version":"v0.3.0-t20s4","method":"/fleetly.server.v1.DeploymentsService/GetDeployment"}
{"level":"info","ts":"2026-09-27T13:31:42.576Z","msg":"gRPC request completed","service.id":"s4","service.name":"fleetlyd","service.version":"v0.3.0-t20s4","method":"/fleetly.server.v1.DeploymentsService/GetDeployment","duration":0.000296637}
{"level":"info","ts":"2026-09-27T13:31:43.577Z","msg":"gRPC request","service.version":"v0.3.0-t20s4","method":"/fleetly.server.v1.DeploymentsService/GetDeployment","service.id":"s4","service.name":"fleetlyd"}
{"level":"info","ts":"2026-09-27T13:31:43.578Z","msg":"gRPC request completed","service.name":"fleetlyd","service.version":"v0.3.0-t20s4","method":"/fleetly.server.v1.DeploymentsService/GetDeployment","duration":0.000290272,"service.id":"s4"}
{"level":"info","ts":"2026-09-27T13:31:44.578Z","msg":"gRPC request","service.id":"s4","service.name":"fleetlyd","service.version":"v0.3.0-t20s4","method":"/fleetly.server.v1.DeploymentsService/GetDeployment"}
{"level":"info","ts":"2026-09-27T13:31:44.579Z","msg":"gRPC request completed","duration":0.000302057,"service.id":"s4","service.name":"fleetlyd","service.version":"v0.3.0-t20s4","method":"/fleetly.server.v1.DeploymentsService/GetDeployment"}
{"level":"info","ts":"2026-09-27T13:31:45.579Z","msg":"gRPC request","service.version":"v0.3.0-t20s4","method":"/fleetly.server.v1.DeploymentsService/GetDeployment","service.id":"s4","service.name":"fleetlyd"}
{"level":"info","ts":"2026-09-27T13:31:45.579Z","msg":"gRPC request completed","service.id":"s4","service.name":"fleetlyd","service.version":"v0.3.0-t20s4","method":"/fleetly.server.v1.DeploymentsService/GetDeployment","duration":0.000314188}
{"level":"info","ts":"2026-09-27T13:31:46.580Z","msg":"gRPC request","service.version":"v0.3.0-t20s4","method":"/fleetly.server.v1.DeploymentsService/GetDeployment","service.id":"s4","service.name":"fleetlyd"}
{"level":"info","ts":"2026-09-27T13:31:46.580Z","msg":"gRPC request completed","service.version":"v0.3.0-t20s4","method":"/fleetly.server.v1.DeploymentsService/GetDeployment","duration":0.000315969,"service.id":"s4","service.name":"fleetlyd"}
{"level":"info","ts":"2026-09-27T13:31:47.581Z","msg":"gRPC request","service.id":"s4","service.name":"fleetlyd","service.version":"v0.3.0-t20s4","method":"/fleetly.server.v1.DeploymentsService/GetDeployment"}
{"level":"info","ts":"2026-09-27T13:31:47.581Z","msg":"gRPC request completed","service.version":"v0.3.0-t20s4","method":"/fleetly.server.v1.DeploymentsService/GetDeployment","duration":0.00032139,"service.id":"s4","service.name":"fleetlyd"}
{"level":"info","ts":"2026-09-27T13:31:48.582Z","msg":"gRPC request","service.id":"s4","service.name":"fleetlyd","service.version":"v0.3.0-t20s4","method":"/fleetly.server.v1.DeploymentsService/GetDeployment"}
{"level":"info","ts":"2026-09-27T13:31:48.583Z","msg":"gRPC request completed","service.id":"s4","service.name":"fleetlyd","service.version":"v0.3.0-t20s4","method":"/fleetly.server.v1.DeploymentsService/GetDeployment","duration":0.000320423}
{"level":"info","ts":"2026-09-27T13:31:48.584Z","msg":"gRPC request","service.version":"v0.3.0-t20s4","method":"/fleetly.server.v1.AppsService/GetApp","service.id":"s4","service.name":"fleetlyd"}
{"level":"info","ts":"2026-09-27T13:31:48.584Z","msg":"gRPC request completed","service.version":"v0.3.0-t20s4","method":"/fleetly.server.v1.AppsService/GetApp","duration":0.000673493,"service.id":"s4","service.name":"fleetlyd"}
{"level":"info","ts":"2026-09-27T13:31:50.982Z","msg":"gRPC request","method":"/fleetly.server.v1.AppsService/GetApp","service.id":"s4","service.name":"fleetlyd","service.version":"v0.3.0-t20s4"}
{"level":"info","ts":"2026-09-27T13:31:50.983Z","msg":"gRPC request completed","service.id":"s4","service.name":"fleetlyd","service.version":"v0.3.0-t20s4","method":"/fleetly.server.v1.AppsService/GetApp","duration":0.000707102}
{"level":"info","ts":"2026-09-27T13:31:50.983Z","msg":"gRPC request","service.name":"fleetlyd","service.version":"v0.3.0-t20s4","method":"/fleetly.server.v1.DeploymentsService/ListDeployments","service.id":"s4"}
{"level":"info","ts":"2026-09-27T13:31:50.984Z","msg":"gRPC request completed","service.name":"fleetlyd","service.version":"v0.3.0-t20s4","method":"/fleetly.server.v1.DeploymentsService/ListDeployments","duration":0.000292076,"service.id":"s4"}
{"level":"info","ts":"2026-09-27T13:31:51.026Z","msg":"gRPC stream request","service.id":"s4","service.name":"fleetlyd","service.version":"v0.3.0-t20s4","method":"/fleetly.server.v1.EventsService/WatchEvents"}
{"level":"info","ts":"2026-09-27T13:31:54.016Z","msg":"gRPC stream request completed","duration":2.991966653,"service.id":"s4","service.name":"fleetlyd","service.version":"v0.3.0-t20s4","method":"/fleetly.server.v1.EventsService/WatchEvents"}
