INNER_ENGINE=29.8.1
N=30 STOP_GRACE=2s
SWARM_INIT=ok
EVENTS_PID=475
=== ARM A: swarm service lifecycle ===
A cycle_done=1 rm_wall_ms=4
A cycle_done=2 rm_wall_ms=4
A cycle_done=3 rm_wall_ms=4
A cycle_done=4 rm_wall_ms=4
A cycle_done=5 rm_wall_ms=4
A cycle_done=6 rm_wall_ms=4
A cycle_done=7 rm_wall_ms=4
A cycle_done=8 rm_wall_ms=4
A cycle_done=9 rm_wall_ms=4
A cycle_done=10 rm_wall_ms=4
A cycle_done=11 rm_wall_ms=4
A cycle_done=12 rm_wall_ms=4
A cycle_done=13 rm_wall_ms=4
A cycle_done=14 rm_wall_ms=4
A cycle_done=15 rm_wall_ms=4
A cycle_done=16 rm_wall_ms=4
A cycle_done=17 rm_wall_ms=5
A cycle_done=18 rm_wall_ms=4
A cycle_done=19 rm_wall_ms=4
A cycle_done=20 rm_wall_ms=4
A cycle_done=21 rm_wall_ms=4
A cycle_done=22 rm_wall_ms=4
A cycle_done=23 rm_wall_ms=4
A cycle_done=24 rm_wall_ms=4
A cycle_done=25 rm_wall_ms=4
A cycle_done=26 rm_wall_ms=4
A cycle_done=27 rm_wall_ms=4
A cycle_done=28 rm_wall_ms=4
A cycle_done=29 rm_wall_ms=4
A cycle_done=30 rm_wall_ms=4
=== ARM B: docker run/stop baseline ===
B cycle_done=1
B cycle_done=2
B cycle_done=3
B cycle_done=4
B cycle_done=5
B cycle_done=6
B cycle_done=7
B cycle_done=8
B cycle_done=9
B cycle_done=10
B cycle_done=11
B cycle_done=12
B cycle_done=13
B cycle_done=14
B cycle_done=15
B cycle_done=16
B cycle_done=17
B cycle_done=18
B cycle_done=19
B cycle_done=20
B cycle_done=21
B cycle_done=22
B cycle_done=23
B cycle_done=24
B cycle_done=25
B cycle_done=26
B cycle_done=27
B cycle_done=28
B cycle_done=29
B cycle_done=30
METRICS_FILE=/tmp/t20-s3-metrics.txt
--- ARM A per-cycle metrics (ms) ---
A create_to_running_ms=439 svc=t20-lat-svc-1
A create_to_healthy_ms=1463 svc=t20-lat-svc-1
A update_to_running_ms=3657 svc=t20-lat-svc-1
A update_to_healthy_ms=4685 svc=t20-lat-svc-1
A rm_to_destroy_ms=3785 svc=t20-lat-svc-1
A rm_to_die_ms=3302 svc=t20-lat-svc-1
A create_to_running_ms=418 svc=t20-lat-svc-2
A create_to_healthy_ms=1445 svc=t20-lat-svc-2
A update_to_running_ms=3684 svc=t20-lat-svc-2
A update_to_healthy_ms=4710 svc=t20-lat-svc-2
A rm_to_destroy_ms=3714 svc=t20-lat-svc-2
A rm_to_die_ms=3291 svc=t20-lat-svc-2
A create_to_running_ms=385 svc=t20-lat-svc-3
A create_to_healthy_ms=1410 svc=t20-lat-svc-3
A update_to_running_ms=3687 svc=t20-lat-svc-3
A update_to_healthy_ms=4713 svc=t20-lat-svc-3
A rm_to_destroy_ms=3722 svc=t20-lat-svc-3
A rm_to_die_ms=3298 svc=t20-lat-svc-3
A create_to_running_ms=400 svc=t20-lat-svc-4
A create_to_healthy_ms=1426 svc=t20-lat-svc-4
A update_to_running_ms=3606 svc=t20-lat-svc-4
A update_to_healthy_ms=4631 svc=t20-lat-svc-4
A rm_to_destroy_ms=3741 svc=t20-lat-svc-4
A rm_to_die_ms=3305 svc=t20-lat-svc-4
A create_to_running_ms=389 svc=t20-lat-svc-5
A create_to_healthy_ms=1414 svc=t20-lat-svc-5
A update_to_running_ms=3626 svc=t20-lat-svc-5
A update_to_healthy_ms=4651 svc=t20-lat-svc-5
A rm_to_destroy_ms=3758 svc=t20-lat-svc-5
A rm_to_die_ms=3294 svc=t20-lat-svc-5
A create_to_running_ms=380 svc=t20-lat-svc-6
A create_to_healthy_ms=1404 svc=t20-lat-svc-6
A update_to_running_ms=3638 svc=t20-lat-svc-6
A update_to_healthy_ms=4664 svc=t20-lat-svc-6
A rm_to_destroy_ms=3751 svc=t20-lat-svc-6
A rm_to_die_ms=3294 svc=t20-lat-svc-6
A create_to_running_ms=391 svc=t20-lat-svc-7
A create_to_healthy_ms=1417 svc=t20-lat-svc-7
A update_to_running_ms=3660 svc=t20-lat-svc-7
A update_to_healthy_ms=4686 svc=t20-lat-svc-7
A rm_to_destroy_ms=3787 svc=t20-lat-svc-7
A rm_to_die_ms=3318 svc=t20-lat-svc-7
A create_to_running_ms=443 svc=t20-lat-svc-8
A create_to_healthy_ms=1471 svc=t20-lat-svc-8
A update_to_running_ms=3696 svc=t20-lat-svc-8
A update_to_healthy_ms=4723 svc=t20-lat-svc-8
A rm_to_destroy_ms=3734 svc=t20-lat-svc-8
A rm_to_die_ms=3284 svc=t20-lat-svc-8
A create_to_running_ms=398 svc=t20-lat-svc-9
A create_to_healthy_ms=1424 svc=t20-lat-svc-9
A update_to_running_ms=3645 svc=t20-lat-svc-9
A update_to_healthy_ms=4671 svc=t20-lat-svc-9
A rm_to_destroy_ms=3753 svc=t20-lat-svc-9
A rm_to_die_ms=3309 svc=t20-lat-svc-9
A create_to_running_ms=397 svc=t20-lat-svc-10
A create_to_healthy_ms=1422 svc=t20-lat-svc-10
A update_to_running_ms=3729 svc=t20-lat-svc-10
A update_to_healthy_ms=4755 svc=t20-lat-svc-10
A rm_to_destroy_ms=3759 svc=t20-lat-svc-10
A rm_to_die_ms=3317 svc=t20-lat-svc-10
A create_to_running_ms=386 svc=t20-lat-svc-11
A create_to_healthy_ms=1412 svc=t20-lat-svc-11
A update_to_running_ms=3660 svc=t20-lat-svc-11
A update_to_healthy_ms=4685 svc=t20-lat-svc-11
A rm_to_destroy_ms=3760 svc=t20-lat-svc-11
A rm_to_die_ms=3314 svc=t20-lat-svc-11
A create_to_running_ms=391 svc=t20-lat-svc-12
A create_to_healthy_ms=1417 svc=t20-lat-svc-12
A update_to_running_ms=3638 svc=t20-lat-svc-12
A update_to_healthy_ms=4665 svc=t20-lat-svc-12
A rm_to_destroy_ms=3776 svc=t20-lat-svc-12
A rm_to_die_ms=3313 svc=t20-lat-svc-12
A create_to_running_ms=409 svc=t20-lat-svc-13
A create_to_healthy_ms=1436 svc=t20-lat-svc-13
A update_to_running_ms=3715 svc=t20-lat-svc-13
A update_to_healthy_ms=4742 svc=t20-lat-svc-13
A rm_to_destroy_ms=3733 svc=t20-lat-svc-13
A rm_to_die_ms=3322 svc=t20-lat-svc-13
A create_to_running_ms=398 svc=t20-lat-svc-14
A create_to_healthy_ms=1425 svc=t20-lat-svc-14
A update_to_running_ms=3675 svc=t20-lat-svc-14
A update_to_healthy_ms=4700 svc=t20-lat-svc-14
A rm_to_destroy_ms=3718 svc=t20-lat-svc-14
A rm_to_die_ms=3293 svc=t20-lat-svc-14
A create_to_running_ms=395 svc=t20-lat-svc-15
A create_to_healthy_ms=1423 svc=t20-lat-svc-15
A update_to_running_ms=3697 svc=t20-lat-svc-15
A update_to_healthy_ms=4721 svc=t20-lat-svc-15
A rm_to_destroy_ms=3749 svc=t20-lat-svc-15
A rm_to_die_ms=3320 svc=t20-lat-svc-15
A create_to_running_ms=393 svc=t20-lat-svc-16
A create_to_healthy_ms=1420 svc=t20-lat-svc-16
A update_to_running_ms=3740 svc=t20-lat-svc-16
A update_to_healthy_ms=4767 svc=t20-lat-svc-16
A rm_to_destroy_ms=3760 svc=t20-lat-svc-16
A rm_to_die_ms=3331 svc=t20-lat-svc-16
A create_to_running_ms=416 svc=t20-lat-svc-17
A create_to_healthy_ms=1442 svc=t20-lat-svc-17
A update_to_running_ms=3659 svc=t20-lat-svc-17
A update_to_healthy_ms=4684 svc=t20-lat-svc-17
A rm_to_destroy_ms=3790 svc=t20-lat-svc-17
A rm_to_die_ms=3327 svc=t20-lat-svc-17
A create_to_running_ms=407 svc=t20-lat-svc-18
A create_to_healthy_ms=1434 svc=t20-lat-svc-18
A update_to_running_ms=3711 svc=t20-lat-svc-18
A update_to_healthy_ms=4738 svc=t20-lat-svc-18
A rm_to_destroy_ms=3742 svc=t20-lat-svc-18
A rm_to_die_ms=3324 svc=t20-lat-svc-18
A create_to_running_ms=406 svc=t20-lat-svc-19
A create_to_healthy_ms=1432 svc=t20-lat-svc-19
A update_to_running_ms=3721 svc=t20-lat-svc-19
A update_to_healthy_ms=4747 svc=t20-lat-svc-19
A rm_to_destroy_ms=3757 svc=t20-lat-svc-19
A rm_to_die_ms=3301 svc=t20-lat-svc-19
A create_to_running_ms=399 svc=t20-lat-svc-20
A create_to_healthy_ms=1426 svc=t20-lat-svc-20
A update_to_running_ms=3613 svc=t20-lat-svc-20
A update_to_healthy_ms=4639 svc=t20-lat-svc-20
A rm_to_destroy_ms=3742 svc=t20-lat-svc-20
A rm_to_die_ms=3305 svc=t20-lat-svc-20
A create_to_running_ms=399 svc=t20-lat-svc-21
A create_to_healthy_ms=1425 svc=t20-lat-svc-21
A update_to_running_ms=3731 svc=t20-lat-svc-21
A update_to_healthy_ms=4757 svc=t20-lat-svc-21
A rm_to_destroy_ms=3748 svc=t20-lat-svc-21
A rm_to_die_ms=3310 svc=t20-lat-svc-21
A create_to_running_ms=411 svc=t20-lat-svc-22
A create_to_healthy_ms=1436 svc=t20-lat-svc-22
A update_to_running_ms=3706 svc=t20-lat-svc-22
A update_to_healthy_ms=4733 svc=t20-lat-svc-22
A rm_to_destroy_ms=3749 svc=t20-lat-svc-22
A rm_to_die_ms=3295 svc=t20-lat-svc-22
A create_to_running_ms=396 svc=t20-lat-svc-23
A create_to_healthy_ms=1422 svc=t20-lat-svc-23
A update_to_running_ms=3649 svc=t20-lat-svc-23
A update_to_healthy_ms=4675 svc=t20-lat-svc-23
A rm_to_destroy_ms=3790 svc=t20-lat-svc-23
A rm_to_die_ms=3330 svc=t20-lat-svc-23
A create_to_running_ms=416 svc=t20-lat-svc-24
A create_to_healthy_ms=1442 svc=t20-lat-svc-24
A update_to_running_ms=3708 svc=t20-lat-svc-24
A update_to_healthy_ms=4734 svc=t20-lat-svc-24
A rm_to_destroy_ms=3735 svc=t20-lat-svc-24
A rm_to_die_ms=3289 svc=t20-lat-svc-24
A create_to_running_ms=432 svc=t20-lat-svc-25
A create_to_healthy_ms=1458 svc=t20-lat-svc-25
A update_to_running_ms=3651 svc=t20-lat-svc-25
A update_to_healthy_ms=4678 svc=t20-lat-svc-25
A rm_to_destroy_ms=3781 svc=t20-lat-svc-25
A rm_to_die_ms=3287 svc=t20-lat-svc-25
A create_to_running_ms=426 svc=t20-lat-svc-26
A create_to_healthy_ms=1454 svc=t20-lat-svc-26
A update_to_running_ms=3672 svc=t20-lat-svc-26
A update_to_healthy_ms=4698 svc=t20-lat-svc-26
A rm_to_destroy_ms=3802 svc=t20-lat-svc-26
A rm_to_die_ms=3320 svc=t20-lat-svc-26
A create_to_running_ms=402 svc=t20-lat-svc-27
A create_to_healthy_ms=1429 svc=t20-lat-svc-27
A update_to_running_ms=3606 svc=t20-lat-svc-27
A update_to_healthy_ms=4631 svc=t20-lat-svc-27
A rm_to_destroy_ms=3755 svc=t20-lat-svc-27
A rm_to_die_ms=3295 svc=t20-lat-svc-27
A create_to_running_ms=394 svc=t20-lat-svc-28
A create_to_healthy_ms=1421 svc=t20-lat-svc-28
A update_to_running_ms=3618 svc=t20-lat-svc-28
A update_to_healthy_ms=4645 svc=t20-lat-svc-28
A rm_to_destroy_ms=3751 svc=t20-lat-svc-28
A rm_to_die_ms=3296 svc=t20-lat-svc-28
A create_to_running_ms=393 svc=t20-lat-svc-29
A create_to_healthy_ms=1421 svc=t20-lat-svc-29
A update_to_running_ms=3671 svc=t20-lat-svc-29
A update_to_healthy_ms=4696 svc=t20-lat-svc-29
A rm_to_destroy_ms=3714 svc=t20-lat-svc-29
A rm_to_die_ms=3276 svc=t20-lat-svc-29
A create_to_running_ms=402 svc=t20-lat-svc-30
A create_to_healthy_ms=1428 svc=t20-lat-svc-30
A update_to_running_ms=3633 svc=t20-lat-svc-30
A update_to_healthy_ms=4658 svc=t20-lat-svc-30
A rm_to_destroy_ms=3787 svc=t20-lat-svc-30
A rm_to_die_ms=3312 svc=t20-lat-svc-30
--- ARM B per-cycle metrics (ms) ---
B create_to_running_ms=141 ctr=t20-lat-ctr-1
B create_to_healthy_ms=1168 ctr=t20-lat-ctr-1
B run_to_die_ms=4360 ctr=t20-lat-ctr-1
B start_to_die_ms=4218 ctr=t20-lat-ctr-1
B create_to_running_ms=152 ctr=t20-lat-ctr-2
B create_to_healthy_ms=1179 ctr=t20-lat-ctr-2
B run_to_die_ms=4388 ctr=t20-lat-ctr-2
B start_to_die_ms=4235 ctr=t20-lat-ctr-2
B create_to_running_ms=134 ctr=t20-lat-ctr-3
B create_to_healthy_ms=1160 ctr=t20-lat-ctr-3
B run_to_die_ms=4351 ctr=t20-lat-ctr-3
B start_to_die_ms=4217 ctr=t20-lat-ctr-3
B create_to_running_ms=156 ctr=t20-lat-ctr-4
B create_to_healthy_ms=1182 ctr=t20-lat-ctr-4
B run_to_die_ms=4416 ctr=t20-lat-ctr-4
B start_to_die_ms=4259 ctr=t20-lat-ctr-4
B create_to_running_ms=144 ctr=t20-lat-ctr-5
B create_to_healthy_ms=1170 ctr=t20-lat-ctr-5
B run_to_die_ms=4377 ctr=t20-lat-ctr-5
B start_to_die_ms=4233 ctr=t20-lat-ctr-5
B create_to_running_ms=136 ctr=t20-lat-ctr-6
B create_to_healthy_ms=1163 ctr=t20-lat-ctr-6
B run_to_die_ms=4373 ctr=t20-lat-ctr-6
B start_to_die_ms=4236 ctr=t20-lat-ctr-6
B create_to_running_ms=145 ctr=t20-lat-ctr-7
B create_to_healthy_ms=1170 ctr=t20-lat-ctr-7
B run_to_die_ms=4387 ctr=t20-lat-ctr-7
B start_to_die_ms=4242 ctr=t20-lat-ctr-7
B create_to_running_ms=142 ctr=t20-lat-ctr-10
B create_to_healthy_ms=1169 ctr=t20-lat-ctr-10
B run_to_die_ms=4379 ctr=t20-lat-ctr-10
B start_to_die_ms=4237 ctr=t20-lat-ctr-10
B create_to_running_ms=145 ctr=t20-lat-ctr-8
B create_to_healthy_ms=1171 ctr=t20-lat-ctr-8
B run_to_die_ms=4382 ctr=t20-lat-ctr-8
B start_to_die_ms=4237 ctr=t20-lat-ctr-8
B create_to_running_ms=143 ctr=t20-lat-ctr-11
B create_to_healthy_ms=1169 ctr=t20-lat-ctr-11
B run_to_die_ms=4342 ctr=t20-lat-ctr-11
B start_to_die_ms=4199 ctr=t20-lat-ctr-11
B create_to_running_ms=145 ctr=t20-lat-ctr-9
B create_to_healthy_ms=1172 ctr=t20-lat-ctr-9
B run_to_die_ms=4381 ctr=t20-lat-ctr-9
B start_to_die_ms=4235 ctr=t20-lat-ctr-9
B create_to_running_ms=141 ctr=t20-lat-ctr-20
B create_to_healthy_ms=1168 ctr=t20-lat-ctr-20
B run_to_die_ms=4395 ctr=t20-lat-ctr-20
B start_to_die_ms=4254 ctr=t20-lat-ctr-20
B create_to_running_ms=150 ctr=t20-lat-ctr-12
B create_to_healthy_ms=1177 ctr=t20-lat-ctr-12
B run_to_die_ms=4398 ctr=t20-lat-ctr-12
B start_to_die_ms=4248 ctr=t20-lat-ctr-12
B create_to_running_ms=142 ctr=t20-lat-ctr-21
B create_to_healthy_ms=1167 ctr=t20-lat-ctr-21
B run_to_die_ms=3359 ctr=t20-lat-ctr-21
B start_to_die_ms=3217 ctr=t20-lat-ctr-21
B create_to_running_ms=133 ctr=t20-lat-ctr-13
B create_to_healthy_ms=1159 ctr=t20-lat-ctr-13
B run_to_die_ms=4359 ctr=t20-lat-ctr-13
B start_to_die_ms=4225 ctr=t20-lat-ctr-13
B create_to_running_ms=171 ctr=t20-lat-ctr-30
B create_to_healthy_ms=1196 ctr=t20-lat-ctr-30
B run_to_die_ms=4413 ctr=t20-lat-ctr-30
B start_to_die_ms=4241 ctr=t20-lat-ctr-30
B create_to_running_ms=132 ctr=t20-lat-ctr-22
B create_to_healthy_ms=1159 ctr=t20-lat-ctr-22
B run_to_die_ms=4379 ctr=t20-lat-ctr-22
B start_to_die_ms=4246 ctr=t20-lat-ctr-22
B create_to_running_ms=131 ctr=t20-lat-ctr-14
B create_to_healthy_ms=1157 ctr=t20-lat-ctr-14
B run_to_die_ms=4372 ctr=t20-lat-ctr-14
B start_to_die_ms=4241 ctr=t20-lat-ctr-14
B create_to_running_ms=125 ctr=t20-lat-ctr-23
B create_to_healthy_ms=1152 ctr=t20-lat-ctr-23
B run_to_die_ms=4380 ctr=t20-lat-ctr-23
B start_to_die_ms=4254 ctr=t20-lat-ctr-23
B create_to_running_ms=130 ctr=t20-lat-ctr-15
B create_to_healthy_ms=1156 ctr=t20-lat-ctr-15
B run_to_die_ms=4359 ctr=t20-lat-ctr-15
B start_to_die_ms=4229 ctr=t20-lat-ctr-15
B create_to_running_ms=143 ctr=t20-lat-ctr-24
B create_to_healthy_ms=1169 ctr=t20-lat-ctr-24
B run_to_die_ms=4358 ctr=t20-lat-ctr-24
B start_to_die_ms=4215 ctr=t20-lat-ctr-24
B create_to_running_ms=153 ctr=t20-lat-ctr-16
B create_to_healthy_ms=1178 ctr=t20-lat-ctr-16
B run_to_die_ms=4388 ctr=t20-lat-ctr-16
B start_to_die_ms=4235 ctr=t20-lat-ctr-16
B create_to_running_ms=149 ctr=t20-lat-ctr-25
B create_to_healthy_ms=1174 ctr=t20-lat-ctr-25
B run_to_die_ms=4388 ctr=t20-lat-ctr-25
B start_to_die_ms=4238 ctr=t20-lat-ctr-25
B create_to_running_ms=133 ctr=t20-lat-ctr-17
B create_to_healthy_ms=1159 ctr=t20-lat-ctr-17
B run_to_die_ms=4359 ctr=t20-lat-ctr-17
B start_to_die_ms=4225 ctr=t20-lat-ctr-17
B create_to_running_ms=131 ctr=t20-lat-ctr-26
B create_to_healthy_ms=1157 ctr=t20-lat-ctr-26
B run_to_die_ms=4362 ctr=t20-lat-ctr-26
B start_to_die_ms=4231 ctr=t20-lat-ctr-26
B create_to_running_ms=170 ctr=t20-lat-ctr-18
B create_to_healthy_ms=1195 ctr=t20-lat-ctr-18
B run_to_die_ms=4428 ctr=t20-lat-ctr-18
B start_to_die_ms=4258 ctr=t20-lat-ctr-18
B create_to_running_ms=152 ctr=t20-lat-ctr-27
B create_to_healthy_ms=1178 ctr=t20-lat-ctr-27
B run_to_die_ms=4392 ctr=t20-lat-ctr-27
B start_to_die_ms=4240 ctr=t20-lat-ctr-27
B create_to_running_ms=157 ctr=t20-lat-ctr-19
B create_to_healthy_ms=1183 ctr=t20-lat-ctr-19
B run_to_die_ms=4411 ctr=t20-lat-ctr-19
B start_to_die_ms=4254 ctr=t20-lat-ctr-19
B create_to_running_ms=154 ctr=t20-lat-ctr-28
B create_to_healthy_ms=1179 ctr=t20-lat-ctr-28
B run_to_die_ms=4429 ctr=t20-lat-ctr-28
B start_to_die_ms=4275 ctr=t20-lat-ctr-28
B create_to_running_ms=150 ctr=t20-lat-ctr-29
B create_to_healthy_ms=1176 ctr=t20-lat-ctr-29
B run_to_die_ms=4378 ctr=t20-lat-ctr-29
B start_to_die_ms=4228 ctr=t20-lat-ctr-29
INNER_DONE
