1790514857723239203|network|create|u7zom7ejm1pl8c8t0jawqjazi|fleetly-founder-default-ord1-net
1790514857727902086|network|update|u7zom7ejm1pl8c8t0jawqjazi|fleetly-founder-default-ord1-net
1790514857730903086|service|create|qzpfigjtf939wyt78v0v9gyof|fleetly-founder-default-ord1-base
1790514857735848759|service|update|qzpfigjtf939wyt78v0v9gyof|fleetly-founder-default-ord1-base
1790514857738790132|service|create|usk5wavyokgy2a9ic342inmma|fleetly-founder-default-ord1-leaf
1790514857748853161|service|create|pj2wki1tvs38d2nqw2d5tska1|fleetly-founder-default-ord1-mid
1790514857750737714|service|update|usk5wavyokgy2a9ic342inmma|fleetly-founder-default-ord1-leaf
1790514857760913087|service|update|pj2wki1tvs38d2nqw2d5tska1|fleetly-founder-default-ord1-mid
1790514857821884672|node|update|z2gwuj5qk2dmubnl69q06q3qc|s4
1790514858067820429|network|create|u7zom7ejm1pl8c8t0jawqjazi|fleetly-founder-default-ord1-net
1790514858343086611|container|create|caa8c00a2289ef99aa654702276159500a44fcda9bf42f89015b0e6039ef3638|fleetly-founder-default-ord1-leaf.1.qfmef4i50l5y1bcjep0lu3q3w
1790514858344788088|container|create|72d85cddcbbae1126a1a262e4bbf25b26b9618603554823a4eb5f0c1920e4102|fleetly-founder-default-ord1-mid.1.x107f1vzolox18uvjirg8utec
1790514858360922042|container|create|294b5c2a6ea8538cb70336da0ce8b6d0f9b1527f00cf8c890bad5957af4cd0d4|fleetly-founder-default-ord1-base.1.7mt9lzqfpukj5au1v1daz2zhb
1790514858787906938|network|connect|u7zom7ejm1pl8c8t0jawqjazi|fleetly-founder-default-ord1-net
1790514858805759112|container|start|caa8c00a2289ef99aa654702276159500a44fcda9bf42f89015b0e6039ef3638|fleetly-founder-default-ord1-leaf.1.qfmef4i50l5y1bcjep0lu3q3w
1790514858865842268|network|connect|u7zom7ejm1pl8c8t0jawqjazi|fleetly-founder-default-ord1-net
1790514858883829654|container|start|294b5c2a6ea8538cb70336da0ce8b6d0f9b1527f00cf8c890bad5957af4cd0d4|fleetly-founder-default-ord1-base.1.7mt9lzqfpukj5au1v1daz2zhb
1790514858980841334|network|connect|u7zom7ejm1pl8c8t0jawqjazi|fleetly-founder-default-ord1-net
1790514859002883438|container|start|72d85cddcbbae1126a1a262e4bbf25b26b9618603554823a4eb5f0c1920e4102|fleetly-founder-default-ord1-mid.1.x107f1vzolox18uvjirg8utec
1790514859147822613|network|disconnect|u7zom7ejm1pl8c8t0jawqjazi|fleetly-founder-default-ord1-net
1790514859167924075|container|die|caa8c00a2289ef99aa654702276159500a44fcda9bf42f89015b0e6039ef3638|fleetly-founder-default-ord1-leaf.1.qfmef4i50l5y1bcjep0lu3q3w
1790514859261941383|network|disconnect|u7zom7ejm1pl8c8t0jawqjazi|fleetly-founder-default-ord1-net
1790514859275891917|container|die|72d85cddcbbae1126a1a262e4bbf25b26b9618603554823a4eb5f0c1920e4102|fleetly-founder-default-ord1-mid.1.x107f1vzolox18uvjirg8utec
1790514859604826927|container|create|05eb4b303dfdbf1645b2846985ff10e578f12c9c23c96c31775b736e9981707e|fleetly-founder-default-ord1-mid.1.rzf8jbd9hylki7it5a3ct0xbn
1790514859619783397|container|create|cc426ba178ea0fb21a3c3e6230583d362ba9cebc5179eecbc30437a5d48ddb65|fleetly-founder-default-ord1-leaf.1.7r7xv4zm6g190blelx3myej0d
1790514859884076723|container|exec_create: /bin/sh -c test -f /tmp/ready|294b5c2a6ea8538cb70336da0ce8b6d0f9b1527f00cf8c890bad5957af4cd0d4|fleetly-founder-default-ord1-base.1.7mt9lzqfpukj5au1v1daz2zhb
1790514859884239286|container|exec_start: /bin/sh -c test -f /tmp/ready|294b5c2a6ea8538cb70336da0ce8b6d0f9b1527f00cf8c890bad5957af4cd0d4|fleetly-founder-default-ord1-base.1.7mt9lzqfpukj5au1v1daz2zhb
1790514859913299129|container|exec_die|294b5c2a6ea8538cb70336da0ce8b6d0f9b1527f00cf8c890bad5957af4cd0d4|fleetly-founder-default-ord1-base.1.7mt9lzqfpukj5au1v1daz2zhb
1790514860355111929|image|pull|ghcr.io/fleetlyrun/fleetly-exec:v0.2.0-exec.1@sha256:4de40017c620b55b76048c3369f64b3a747c875a4f7bf21ac8c6f88bc4b0793b|ghcr.io/fleetlyrun/fleetly-exec
1790514860476880000|container|create|418eef7b03805332a843e308487ccdea95a313a420914f790050e41cc814075b|fleetly-exec.z2gwuj5qk2dmubnl69q06q3qc.v94k4jh618ms43xvbreb5qzao
1790514860622564710|network|connect|5197f6ec06ba2c88710da28ea50026c22ce2ed2b85f626745f7f150e802d48b1|host
1790514860653053817|container|start|418eef7b03805332a843e308487ccdea95a313a420914f790050e41cc814075b|fleetly-exec.z2gwuj5qk2dmubnl69q06q3qc.v94k4jh618ms43xvbreb5qzao
1790514860914099881|container|exec_create: /bin/sh -c test -f /tmp/ready|294b5c2a6ea8538cb70336da0ce8b6d0f9b1527f00cf8c890bad5957af4cd0d4|fleetly-founder-default-ord1-base.1.7mt9lzqfpukj5au1v1daz2zhb
1790514860914153499|container|exec_start: /bin/sh -c test -f /tmp/ready|294b5c2a6ea8538cb70336da0ce8b6d0f9b1527f00cf8c890bad5957af4cd0d4|fleetly-founder-default-ord1-base.1.7mt9lzqfpukj5au1v1daz2zhb
1790514860944026384|container|exec_die|294b5c2a6ea8538cb70336da0ce8b6d0f9b1527f00cf8c890bad5957af4cd0d4|fleetly-founder-default-ord1-base.1.7mt9lzqfpukj5au1v1daz2zhb
1790514861944614388|container|exec_create: /bin/sh -c test -f /tmp/ready|294b5c2a6ea8538cb70336da0ce8b6d0f9b1527f00cf8c890bad5957af4cd0d4|fleetly-founder-default-ord1-base.1.7mt9lzqfpukj5au1v1daz2zhb
1790514861944711734|container|exec_start: /bin/sh -c test -f /tmp/ready|294b5c2a6ea8538cb70336da0ce8b6d0f9b1527f00cf8c890bad5957af4cd0d4|fleetly-founder-default-ord1-base.1.7mt9lzqfpukj5au1v1daz2zhb
1790514861971177122|container|exec_die|294b5c2a6ea8538cb70336da0ce8b6d0f9b1527f00cf8c890bad5957af4cd0d4|fleetly-founder-default-ord1-base.1.7mt9lzqfpukj5au1v1daz2zhb
1790514862969975852|container|exec_create: /bin/sh -c test -f /tmp/ready|294b5c2a6ea8538cb70336da0ce8b6d0f9b1527f00cf8c890bad5957af4cd0d4|fleetly-founder-default-ord1-base.1.7mt9lzqfpukj5au1v1daz2zhb
1790514862970035613|container|exec_start: /bin/sh -c test -f /tmp/ready|294b5c2a6ea8538cb70336da0ce8b6d0f9b1527f00cf8c890bad5957af4cd0d4|fleetly-founder-default-ord1-base.1.7mt9lzqfpukj5au1v1daz2zhb
1790514862996236859|container|exec_die|294b5c2a6ea8538cb70336da0ce8b6d0f9b1527f00cf8c890bad5957af4cd0d4|fleetly-founder-default-ord1-base.1.7mt9lzqfpukj5au1v1daz2zhb
1790514863996981384|container|exec_create: /bin/sh -c test -f /tmp/ready|294b5c2a6ea8538cb70336da0ce8b6d0f9b1527f00cf8c890bad5957af4cd0d4|fleetly-founder-default-ord1-base.1.7mt9lzqfpukj5au1v1daz2zhb
1790514863997080123|container|exec_start: /bin/sh -c test -f /tmp/ready|294b5c2a6ea8538cb70336da0ce8b6d0f9b1527f00cf8c890bad5957af4cd0d4|fleetly-founder-default-ord1-base.1.7mt9lzqfpukj5au1v1daz2zhb
1790514864024682857|container|exec_die|294b5c2a6ea8538cb70336da0ce8b6d0f9b1527f00cf8c890bad5957af4cd0d4|fleetly-founder-default-ord1-base.1.7mt9lzqfpukj5au1v1daz2zhb
1790514864536488906|network|connect|u7zom7ejm1pl8c8t0jawqjazi|fleetly-founder-default-ord1-net
1790514864563508548|container|start|cc426ba178ea0fb21a3c3e6230583d362ba9cebc5179eecbc30437a5d48ddb65|fleetly-founder-default-ord1-leaf.1.7r7xv4zm6g190blelx3myej0d
1790514864818406322|network|disconnect|u7zom7ejm1pl8c8t0jawqjazi|fleetly-founder-default-ord1-net
1790514864839523481|container|die|cc426ba178ea0fb21a3c3e6230583d362ba9cebc5179eecbc30437a5d48ddb65|fleetly-founder-default-ord1-leaf.1.7r7xv4zm6g190blelx3myej0d
1790514864864631514|network|connect|u7zom7ejm1pl8c8t0jawqjazi|fleetly-founder-default-ord1-net
1790514864886508313|container|start|05eb4b303dfdbf1645b2846985ff10e578f12c9c23c96c31775b736e9981707e|fleetly-founder-default-ord1-mid.1.rzf8jbd9hylki7it5a3ct0xbn
1790514865025149528|container|exec_create: /bin/sh -c test -f /tmp/ready|294b5c2a6ea8538cb70336da0ce8b6d0f9b1527f00cf8c890bad5957af4cd0d4|fleetly-founder-default-ord1-base.1.7mt9lzqfpukj5au1v1daz2zhb
1790514865025199282|container|exec_start: /bin/sh -c test -f /tmp/ready|294b5c2a6ea8538cb70336da0ce8b6d0f9b1527f00cf8c890bad5957af4cd0d4|fleetly-founder-default-ord1-base.1.7mt9lzqfpukj5au1v1daz2zhb
1790514865051714319|container|exec_die|294b5c2a6ea8538cb70336da0ce8b6d0f9b1527f00cf8c890bad5957af4cd0d4|fleetly-founder-default-ord1-base.1.7mt9lzqfpukj5au1v1daz2zhb
1790514865102432553|network|disconnect|u7zom7ejm1pl8c8t0jawqjazi|fleetly-founder-default-ord1-net
1790514865136587390|container|die|05eb4b303dfdbf1645b2846985ff10e578f12c9c23c96c31775b736e9981707e|fleetly-founder-default-ord1-mid.1.rzf8jbd9hylki7it5a3ct0xbn
1790514865236517727|container|create|b8e7efaa709fa61dad8b6cebbe60a0a9364d5e412505a2a73d905319d96d32a7|fleetly-founder-default-ord1-leaf.1.unmbdrb9isuo4d1d5h67ykw37
1790514865475584002|container|create|3276846192cc59d8f25d723ddb2affeb78e70e15a6818489b5b137b962905638|fleetly-founder-default-ord1-mid.1.kkt4ias5124ugxs39vcdigyf9
1790514866052131980|container|exec_create: /bin/sh -c test -f /tmp/ready|294b5c2a6ea8538cb70336da0ce8b6d0f9b1527f00cf8c890bad5957af4cd0d4|fleetly-founder-default-ord1-base.1.7mt9lzqfpukj5au1v1daz2zhb
1790514866052328514|container|exec_start: /bin/sh -c test -f /tmp/ready|294b5c2a6ea8538cb70336da0ce8b6d0f9b1527f00cf8c890bad5957af4cd0d4|fleetly-founder-default-ord1-base.1.7mt9lzqfpukj5au1v1daz2zhb
1790514866077978236|container|exec_die|294b5c2a6ea8538cb70336da0ce8b6d0f9b1527f00cf8c890bad5957af4cd0d4|fleetly-founder-default-ord1-base.1.7mt9lzqfpukj5au1v1daz2zhb
1790514867078475626|container|exec_create: /bin/sh -c test -f /tmp/ready|294b5c2a6ea8538cb70336da0ce8b6d0f9b1527f00cf8c890bad5957af4cd0d4|fleetly-founder-default-ord1-base.1.7mt9lzqfpukj5au1v1daz2zhb
1790514867078534450|container|exec_start: /bin/sh -c test -f /tmp/ready|294b5c2a6ea8538cb70336da0ce8b6d0f9b1527f00cf8c890bad5957af4cd0d4|fleetly-founder-default-ord1-base.1.7mt9lzqfpukj5au1v1daz2zhb
1790514867109547454|container|exec_die|294b5c2a6ea8538cb70336da0ce8b6d0f9b1527f00cf8c890bad5957af4cd0d4|fleetly-founder-default-ord1-base.1.7mt9lzqfpukj5au1v1daz2zhb
1790514867109797049|container|health_status: healthy|294b5c2a6ea8538cb70336da0ce8b6d0f9b1527f00cf8c890bad5957af4cd0d4|fleetly-founder-default-ord1-base.1.7mt9lzqfpukj5au1v1daz2zhb
1790514868109920419|container|exec_create: /bin/sh -c test -f /tmp/ready|294b5c2a6ea8538cb70336da0ce8b6d0f9b1527f00cf8c890bad5957af4cd0d4|fleetly-founder-default-ord1-base.1.7mt9lzqfpukj5au1v1daz2zhb
1790514868109978573|container|exec_start: /bin/sh -c test -f /tmp/ready|294b5c2a6ea8538cb70336da0ce8b6d0f9b1527f00cf8c890bad5957af4cd0d4|fleetly-founder-default-ord1-base.1.7mt9lzqfpukj5au1v1daz2zhb
1790514868136895429|container|exec_die|294b5c2a6ea8538cb70336da0ce8b6d0f9b1527f00cf8c890bad5957af4cd0d4|fleetly-founder-default-ord1-base.1.7mt9lzqfpukj5au1v1daz2zhb
1790514869137317831|container|exec_create: /bin/sh -c test -f /tmp/ready|294b5c2a6ea8538cb70336da0ce8b6d0f9b1527f00cf8c890bad5957af4cd0d4|fleetly-founder-default-ord1-base.1.7mt9lzqfpukj5au1v1daz2zhb
1790514869137545713|container|exec_start: /bin/sh -c test -f /tmp/ready|294b5c2a6ea8538cb70336da0ce8b6d0f9b1527f00cf8c890bad5957af4cd0d4|fleetly-founder-default-ord1-base.1.7mt9lzqfpukj5au1v1daz2zhb
1790514869168573369|container|exec_die|294b5c2a6ea8538cb70336da0ce8b6d0f9b1527f00cf8c890bad5957af4cd0d4|fleetly-founder-default-ord1-base.1.7mt9lzqfpukj5au1v1daz2zhb
1790514870169040950|container|exec_create: /bin/sh -c test -f /tmp/ready|294b5c2a6ea8538cb70336da0ce8b6d0f9b1527f00cf8c890bad5957af4cd0d4|fleetly-founder-default-ord1-base.1.7mt9lzqfpukj5au1v1daz2zhb
1790514870169192157|container|exec_start: /bin/sh -c test -f /tmp/ready|294b5c2a6ea8538cb70336da0ce8b6d0f9b1527f00cf8c890bad5957af4cd0d4|fleetly-founder-default-ord1-base.1.7mt9lzqfpukj5au1v1daz2zhb
1790514870195765776|container|exec_die|294b5c2a6ea8538cb70336da0ce8b6d0f9b1527f00cf8c890bad5957af4cd0d4|fleetly-founder-default-ord1-base.1.7mt9lzqfpukj5au1v1daz2zhb
1790514870309780799|network|connect|u7zom7ejm1pl8c8t0jawqjazi|fleetly-founder-default-ord1-net
1790514870328833382|container|start|b8e7efaa709fa61dad8b6cebbe60a0a9364d5e412505a2a73d905319d96d32a7|fleetly-founder-default-ord1-leaf.1.unmbdrb9isuo4d1d5h67ykw37
1790514870550659768|network|disconnect|u7zom7ejm1pl8c8t0jawqjazi|fleetly-founder-default-ord1-net
1790514870618835302|container|die|b8e7efaa709fa61dad8b6cebbe60a0a9364d5e412505a2a73d905319d96d32a7|fleetly-founder-default-ord1-leaf.1.unmbdrb9isuo4d1d5h67ykw37
1790514870655841883|network|connect|u7zom7ejm1pl8c8t0jawqjazi|fleetly-founder-default-ord1-net
1790514870676851871|container|start|3276846192cc59d8f25d723ddb2affeb78e70e15a6818489b5b137b962905638|fleetly-founder-default-ord1-mid.1.kkt4ias5124ugxs39vcdigyf9
1790514870976784434|container|create|2c7e77cd64c4c3a267b991cf7444fff6aa42ec5e3e46d68fc590dbb324a07173|fleetly-founder-default-ord1-leaf.1.udtpu6pim4po9wq2ja077v8y1
1790514871196150217|container|exec_create: /bin/sh -c test -f /tmp/ready|294b5c2a6ea8538cb70336da0ce8b6d0f9b1527f00cf8c890bad5957af4cd0d4|fleetly-founder-default-ord1-base.1.7mt9lzqfpukj5au1v1daz2zhb
1790514871196343570|container|exec_start: /bin/sh -c test -f /tmp/ready|294b5c2a6ea8538cb70336da0ce8b6d0f9b1527f00cf8c890bad5957af4cd0d4|fleetly-founder-default-ord1-base.1.7mt9lzqfpukj5au1v1daz2zhb
1790514871224082593|container|exec_die|294b5c2a6ea8538cb70336da0ce8b6d0f9b1527f00cf8c890bad5957af4cd0d4|fleetly-founder-default-ord1-base.1.7mt9lzqfpukj5au1v1daz2zhb
1790514871677375772|container|exec_create: /bin/sh -c test -f /tmp/ready|3276846192cc59d8f25d723ddb2affeb78e70e15a6818489b5b137b962905638|fleetly-founder-default-ord1-mid.1.kkt4ias5124ugxs39vcdigyf9
1790514871677493256|container|exec_start: /bin/sh -c test -f /tmp/ready|3276846192cc59d8f25d723ddb2affeb78e70e15a6818489b5b137b962905638|fleetly-founder-default-ord1-mid.1.kkt4ias5124ugxs39vcdigyf9
1790514871706834827|container|exec_die|3276846192cc59d8f25d723ddb2affeb78e70e15a6818489b5b137b962905638|fleetly-founder-default-ord1-mid.1.kkt4ias5124ugxs39vcdigyf9
1790514871707072971|container|health_status: healthy|3276846192cc59d8f25d723ddb2affeb78e70e15a6818489b5b137b962905638|fleetly-founder-default-ord1-mid.1.kkt4ias5124ugxs39vcdigyf9
1790514871833402272|image|pull|moby/buildkit:v0.32.2|moby/buildkit
1790514872199820189|container|create|4725f791129911ad7e3654f3e69e0ce25917f78a79b325ca08193340fbc20850|fleetly-buildkit
1790514872211978721|volume|mount|fleetly-buildkit-cache|<no value>
1790514872224489210|container|exec_create: /bin/sh -c test -f /tmp/ready|294b5c2a6ea8538cb70336da0ce8b6d0f9b1527f00cf8c890bad5957af4cd0d4|fleetly-founder-default-ord1-base.1.7mt9lzqfpukj5au1v1daz2zhb
1790514872224550398|container|exec_start: /bin/sh -c test -f /tmp/ready|294b5c2a6ea8538cb70336da0ce8b6d0f9b1527f00cf8c890bad5957af4cd0d4|fleetly-founder-default-ord1-base.1.7mt9lzqfpukj5au1v1daz2zhb
1790514872256550265|container|exec_die|294b5c2a6ea8538cb70336da0ce8b6d0f9b1527f00cf8c890bad5957af4cd0d4|fleetly-founder-default-ord1-base.1.7mt9lzqfpukj5au1v1daz2zhb
1790514872330752854|network|connect|e67f7d6802e847667fd4b4bc48897626f401224d4a1779a06afaf912ea6926fc|bridge
1790514872352041985|container|start|4725f791129911ad7e3654f3e69e0ce25917f78a79b325ca08193340fbc20850|fleetly-buildkit
1790514872367309261|container|exec_create: buildctl dial-stdio|4725f791129911ad7e3654f3e69e0ce25917f78a79b325ca08193340fbc20850|fleetly-buildkit
1790514872368018856|container|exec_start: buildctl dial-stdio|4725f791129911ad7e3654f3e69e0ce25917f78a79b325ca08193340fbc20850|fleetly-buildkit
1790514872385781862|container|exec_die|4725f791129911ad7e3654f3e69e0ce25917f78a79b325ca08193340fbc20850|fleetly-buildkit
1790514872707211014|container|exec_create: /bin/sh -c test -f /tmp/ready|3276846192cc59d8f25d723ddb2affeb78e70e15a6818489b5b137b962905638|fleetly-founder-default-ord1-mid.1.kkt4ias5124ugxs39vcdigyf9
1790514872707279273|container|exec_start: /bin/sh -c test -f /tmp/ready|3276846192cc59d8f25d723ddb2affeb78e70e15a6818489b5b137b962905638|fleetly-founder-default-ord1-mid.1.kkt4ias5124ugxs39vcdigyf9
1790514872737297406|container|exec_die|3276846192cc59d8f25d723ddb2affeb78e70e15a6818489b5b137b962905638|fleetly-founder-default-ord1-mid.1.kkt4ias5124ugxs39vcdigyf9
1790514873257009545|container|exec_create: /bin/sh -c test -f /tmp/ready|294b5c2a6ea8538cb70336da0ce8b6d0f9b1527f00cf8c890bad5957af4cd0d4|fleetly-founder-default-ord1-base.1.7mt9lzqfpukj5au1v1daz2zhb
1790514873257103685|container|exec_start: /bin/sh -c test -f /tmp/ready|294b5c2a6ea8538cb70336da0ce8b6d0f9b1527f00cf8c890bad5957af4cd0d4|fleetly-founder-default-ord1-base.1.7mt9lzqfpukj5au1v1daz2zhb
1790514873283330062|container|exec_die|294b5c2a6ea8538cb70336da0ce8b6d0f9b1527f00cf8c890bad5957af4cd0d4|fleetly-founder-default-ord1-base.1.7mt9lzqfpukj5au1v1daz2zhb
1790514873737978784|container|exec_create: /bin/sh -c test -f /tmp/ready|3276846192cc59d8f25d723ddb2affeb78e70e15a6818489b5b137b962905638|fleetly-founder-default-ord1-mid.1.kkt4ias5124ugxs39vcdigyf9
1790514873738053182|container|exec_start: /bin/sh -c test -f /tmp/ready|3276846192cc59d8f25d723ddb2affeb78e70e15a6818489b5b137b962905638|fleetly-founder-default-ord1-mid.1.kkt4ias5124ugxs39vcdigyf9
1790514873765969996|container|exec_die|3276846192cc59d8f25d723ddb2affeb78e70e15a6818489b5b137b962905638|fleetly-founder-default-ord1-mid.1.kkt4ias5124ugxs39vcdigyf9
1790514874283664561|container|exec_create: /bin/sh -c test -f /tmp/ready|294b5c2a6ea8538cb70336da0ce8b6d0f9b1527f00cf8c890bad5957af4cd0d4|fleetly-founder-default-ord1-base.1.7mt9lzqfpukj5au1v1daz2zhb
1790514874283713152|container|exec_start: /bin/sh -c test -f /tmp/ready|294b5c2a6ea8538cb70336da0ce8b6d0f9b1527f00cf8c890bad5957af4cd0d4|fleetly-founder-default-ord1-base.1.7mt9lzqfpukj5au1v1daz2zhb
1790514874313336723|container|exec_die|294b5c2a6ea8538cb70336da0ce8b6d0f9b1527f00cf8c890bad5957af4cd0d4|fleetly-founder-default-ord1-base.1.7mt9lzqfpukj5au1v1daz2zhb
1790514874403046659|container|exec_create: buildctl dial-stdio|4725f791129911ad7e3654f3e69e0ce25917f78a79b325ca08193340fbc20850|fleetly-buildkit
1790514874403459957|container|exec_start: buildctl dial-stdio|4725f791129911ad7e3654f3e69e0ce25917f78a79b325ca08193340fbc20850|fleetly-buildkit
1790514874455555604|container|exec_die|4725f791129911ad7e3654f3e69e0ce25917f78a79b325ca08193340fbc20850|fleetly-buildkit
1790514874766519085|container|exec_create: /bin/sh -c test -f /tmp/ready|3276846192cc59d8f25d723ddb2affeb78e70e15a6818489b5b137b962905638|fleetly-founder-default-ord1-mid.1.kkt4ias5124ugxs39vcdigyf9
1790514874766589299|container|exec_start: /bin/sh -c test -f /tmp/ready|3276846192cc59d8f25d723ddb2affeb78e70e15a6818489b5b137b962905638|fleetly-founder-default-ord1-mid.1.kkt4ias5124ugxs39vcdigyf9
1790514874791909966|container|exec_die|3276846192cc59d8f25d723ddb2affeb78e70e15a6818489b5b137b962905638|fleetly-founder-default-ord1-mid.1.kkt4ias5124ugxs39vcdigyf9
1790514875313939306|container|exec_create: /bin/sh -c test -f /tmp/ready|294b5c2a6ea8538cb70336da0ce8b6d0f9b1527f00cf8c890bad5957af4cd0d4|fleetly-founder-default-ord1-base.1.7mt9lzqfpukj5au1v1daz2zhb
1790514875314023749|container|exec_start: /bin/sh -c test -f /tmp/ready|294b5c2a6ea8538cb70336da0ce8b6d0f9b1527f00cf8c890bad5957af4cd0d4|fleetly-founder-default-ord1-base.1.7mt9lzqfpukj5au1v1daz2zhb
1790514875338889308|container|exec_die|294b5c2a6ea8538cb70336da0ce8b6d0f9b1527f00cf8c890bad5957af4cd0d4|fleetly-founder-default-ord1-base.1.7mt9lzqfpukj5au1v1daz2zhb
1790514875792995219|container|exec_create: /bin/sh -c test -f /tmp/ready|3276846192cc59d8f25d723ddb2affeb78e70e15a6818489b5b137b962905638|fleetly-founder-default-ord1-mid.1.kkt4ias5124ugxs39vcdigyf9
1790514875793061558|container|exec_start: /bin/sh -c test -f /tmp/ready|3276846192cc59d8f25d723ddb2affeb78e70e15a6818489b5b137b962905638|fleetly-founder-default-ord1-mid.1.kkt4ias5124ugxs39vcdigyf9
1790514875824175008|container|exec_die|3276846192cc59d8f25d723ddb2affeb78e70e15a6818489b5b137b962905638|fleetly-founder-default-ord1-mid.1.kkt4ias5124ugxs39vcdigyf9
1790514876097033983|network|connect|u7zom7ejm1pl8c8t0jawqjazi|fleetly-founder-default-ord1-net
1790514876122893457|container|start|2c7e77cd64c4c3a267b991cf7444fff6aa42ec5e3e46d68fc590dbb324a07173|fleetly-founder-default-ord1-leaf.1.udtpu6pim4po9wq2ja077v8y1
1790514876339685466|container|exec_create: /bin/sh -c test -f /tmp/ready|294b5c2a6ea8538cb70336da0ce8b6d0f9b1527f00cf8c890bad5957af4cd0d4|fleetly-founder-default-ord1-base.1.7mt9lzqfpukj5au1v1daz2zhb
1790514876339731741|container|exec_start: /bin/sh -c test -f /tmp/ready|294b5c2a6ea8538cb70336da0ce8b6d0f9b1527f00cf8c890bad5957af4cd0d4|fleetly-founder-default-ord1-base.1.7mt9lzqfpukj5au1v1daz2zhb
1790514876367874482|container|exec_die|294b5c2a6ea8538cb70336da0ce8b6d0f9b1527f00cf8c890bad5957af4cd0d4|fleetly-founder-default-ord1-base.1.7mt9lzqfpukj5au1v1daz2zhb
1790514876824790290|container|exec_create: /bin/sh -c test -f /tmp/ready|3276846192cc59d8f25d723ddb2affeb78e70e15a6818489b5b137b962905638|fleetly-founder-default-ord1-mid.1.kkt4ias5124ugxs39vcdigyf9
1790514876824886028|container|exec_start: /bin/sh -c test -f /tmp/ready|3276846192cc59d8f25d723ddb2affeb78e70e15a6818489b5b137b962905638|fleetly-founder-default-ord1-mid.1.kkt4ias5124ugxs39vcdigyf9
1790514876849034089|container|exec_die|3276846192cc59d8f25d723ddb2affeb78e70e15a6818489b5b137b962905638|fleetly-founder-default-ord1-mid.1.kkt4ias5124ugxs39vcdigyf9
1790514877123956741|container|exec_create: /bin/sh -c test -f /tmp/ready|2c7e77cd64c4c3a267b991cf7444fff6aa42ec5e3e46d68fc590dbb324a07173|fleetly-founder-default-ord1-leaf.1.udtpu6pim4po9wq2ja077v8y1
1790514877124037538|container|exec_start: /bin/sh -c test -f /tmp/ready|2c7e77cd64c4c3a267b991cf7444fff6aa42ec5e3e46d68fc590dbb324a07173|fleetly-founder-default-ord1-leaf.1.udtpu6pim4po9wq2ja077v8y1
1790514877148094180|container|exec_die|2c7e77cd64c4c3a267b991cf7444fff6aa42ec5e3e46d68fc590dbb324a07173|fleetly-founder-default-ord1-leaf.1.udtpu6pim4po9wq2ja077v8y1
1790514877148370542|container|health_status: healthy|2c7e77cd64c4c3a267b991cf7444fff6aa42ec5e3e46d68fc590dbb324a07173|fleetly-founder-default-ord1-leaf.1.udtpu6pim4po9wq2ja077v8y1
1790514877369271674|container|exec_create: /bin/sh -c test -f /tmp/ready|294b5c2a6ea8538cb70336da0ce8b6d0f9b1527f00cf8c890bad5957af4cd0d4|fleetly-founder-default-ord1-base.1.7mt9lzqfpukj5au1v1daz2zhb
1790514877369359486|container|exec_start: /bin/sh -c test -f /tmp/ready|294b5c2a6ea8538cb70336da0ce8b6d0f9b1527f00cf8c890bad5957af4cd0d4|fleetly-founder-default-ord1-base.1.7mt9lzqfpukj5au1v1daz2zhb
1790514877395590808|container|exec_die|294b5c2a6ea8538cb70336da0ce8b6d0f9b1527f00cf8c890bad5957af4cd0d4|fleetly-founder-default-ord1-base.1.7mt9lzqfpukj5au1v1daz2zhb
1790514877849397333|container|exec_create: /bin/sh -c test -f /tmp/ready|3276846192cc59d8f25d723ddb2affeb78e70e15a6818489b5b137b962905638|fleetly-founder-default-ord1-mid.1.kkt4ias5124ugxs39vcdigyf9
1790514877849518178|container|exec_start: /bin/sh -c test -f /tmp/ready|3276846192cc59d8f25d723ddb2affeb78e70e15a6818489b5b137b962905638|fleetly-founder-default-ord1-mid.1.kkt4ias5124ugxs39vcdigyf9
1790514877878251682|container|exec_die|3276846192cc59d8f25d723ddb2affeb78e70e15a6818489b5b137b962905638|fleetly-founder-default-ord1-mid.1.kkt4ias5124ugxs39vcdigyf9
1790514878148498794|container|exec_create: /bin/sh -c test -f /tmp/ready|2c7e77cd64c4c3a267b991cf7444fff6aa42ec5e3e46d68fc590dbb324a07173|fleetly-founder-default-ord1-leaf.1.udtpu6pim4po9wq2ja077v8y1
1790514878148559967|container|exec_start: /bin/sh -c test -f /tmp/ready|2c7e77cd64c4c3a267b991cf7444fff6aa42ec5e3e46d68fc590dbb324a07173|fleetly-founder-default-ord1-leaf.1.udtpu6pim4po9wq2ja077v8y1
1790514878174353860|container|exec_die|2c7e77cd64c4c3a267b991cf7444fff6aa42ec5e3e46d68fc590dbb324a07173|fleetly-founder-default-ord1-leaf.1.udtpu6pim4po9wq2ja077v8y1
1790514878396606232|container|exec_create: /bin/sh -c test -f /tmp/ready|294b5c2a6ea8538cb70336da0ce8b6d0f9b1527f00cf8c890bad5957af4cd0d4|fleetly-founder-default-ord1-base.1.7mt9lzqfpukj5au1v1daz2zhb
1790514878396689730|container|exec_start: /bin/sh -c test -f /tmp/ready|294b5c2a6ea8538cb70336da0ce8b6d0f9b1527f00cf8c890bad5957af4cd0d4|fleetly-founder-default-ord1-base.1.7mt9lzqfpukj5au1v1daz2zhb
1790514878426864879|container|exec_die|294b5c2a6ea8538cb70336da0ce8b6d0f9b1527f00cf8c890bad5957af4cd0d4|fleetly-founder-default-ord1-base.1.7mt9lzqfpukj5au1v1daz2zhb
1790514878619773550|image|pull|victoriametrics/victoria-logs:v1.52.0@sha256:47b820890d64c4575a2a0a46415dcd8a4fd59a0f1fcd6a377693d7aea639442e|victoriametrics/victoria-logs
1790514878803111276|container|create|cb8a82921d47e0e53b147810b2f6c65513ac2d63255f4d3f6403ecc79238b2b9|fleetly-victorialogs.1.cuxh63lix170tewnb4eiq42wf
1790514878822159499|volume|mount|fleetly-victorialogs-data|<no value>
1790514878879208665|container|exec_create: /bin/sh -c test -f /tmp/ready|3276846192cc59d8f25d723ddb2affeb78e70e15a6818489b5b137b962905638|fleetly-founder-default-ord1-mid.1.kkt4ias5124ugxs39vcdigyf9
1790514878879311530|container|exec_start: /bin/sh -c test -f /tmp/ready|3276846192cc59d8f25d723ddb2affeb78e70e15a6818489b5b137b962905638|fleetly-founder-default-ord1-mid.1.kkt4ias5124ugxs39vcdigyf9
1790514878904764264|container|exec_die|3276846192cc59d8f25d723ddb2affeb78e70e15a6818489b5b137b962905638|fleetly-founder-default-ord1-mid.1.kkt4ias5124ugxs39vcdigyf9
1790514878923033047|network|connect|5197f6ec06ba2c88710da28ea50026c22ce2ed2b85f626745f7f150e802d48b1|host
1790514878946148885|container|start|cb8a82921d47e0e53b147810b2f6c65513ac2d63255f4d3f6403ecc79238b2b9|fleetly-victorialogs.1.cuxh63lix170tewnb4eiq42wf
1790514879174669629|container|exec_create: /bin/sh -c test -f /tmp/ready|2c7e77cd64c4c3a267b991cf7444fff6aa42ec5e3e46d68fc590dbb324a07173|fleetly-founder-default-ord1-leaf.1.udtpu6pim4po9wq2ja077v8y1
1790514879174750807|container|exec_start: /bin/sh -c test -f /tmp/ready|2c7e77cd64c4c3a267b991cf7444fff6aa42ec5e3e46d68fc590dbb324a07173|fleetly-founder-default-ord1-leaf.1.udtpu6pim4po9wq2ja077v8y1
1790514879199159568|container|exec_die|2c7e77cd64c4c3a267b991cf7444fff6aa42ec5e3e46d68fc590dbb324a07173|fleetly-founder-default-ord1-leaf.1.udtpu6pim4po9wq2ja077v8y1
1790514879427472681|container|exec_create: /bin/sh -c test -f /tmp/ready|294b5c2a6ea8538cb70336da0ce8b6d0f9b1527f00cf8c890bad5957af4cd0d4|fleetly-founder-default-ord1-base.1.7mt9lzqfpukj5au1v1daz2zhb
1790514879427618745|container|exec_start: /bin/sh -c test -f /tmp/ready|294b5c2a6ea8538cb70336da0ce8b6d0f9b1527f00cf8c890bad5957af4cd0d4|fleetly-founder-default-ord1-base.1.7mt9lzqfpukj5au1v1daz2zhb
1790514879453524215|container|exec_die|294b5c2a6ea8538cb70336da0ce8b6d0f9b1527f00cf8c890bad5957af4cd0d4|fleetly-founder-default-ord1-base.1.7mt9lzqfpukj5au1v1daz2zhb
1790514879905786007|container|exec_create: /bin/sh -c test -f /tmp/ready|3276846192cc59d8f25d723ddb2affeb78e70e15a6818489b5b137b962905638|fleetly-founder-default-ord1-mid.1.kkt4ias5124ugxs39vcdigyf9
1790514879905908782|container|exec_start: /bin/sh -c test -f /tmp/ready|3276846192cc59d8f25d723ddb2affeb78e70e15a6818489b5b137b962905638|fleetly-founder-default-ord1-mid.1.kkt4ias5124ugxs39vcdigyf9
1790514879931029839|container|exec_die|3276846192cc59d8f25d723ddb2affeb78e70e15a6818489b5b137b962905638|fleetly-founder-default-ord1-mid.1.kkt4ias5124ugxs39vcdigyf9
1790514880200595747|container|exec_create: /bin/sh -c test -f /tmp/ready|2c7e77cd64c4c3a267b991cf7444fff6aa42ec5e3e46d68fc590dbb324a07173|fleetly-founder-default-ord1-leaf.1.udtpu6pim4po9wq2ja077v8y1
1790514880200652628|container|exec_start: /bin/sh -c test -f /tmp/ready|2c7e77cd64c4c3a267b991cf7444fff6aa42ec5e3e46d68fc590dbb324a07173|fleetly-founder-default-ord1-leaf.1.udtpu6pim4po9wq2ja077v8y1
1790514880225140818|container|exec_die|2c7e77cd64c4c3a267b991cf7444fff6aa42ec5e3e46d68fc590dbb324a07173|fleetly-founder-default-ord1-leaf.1.udtpu6pim4po9wq2ja077v8y1
1790514880454230282|container|exec_create: /bin/sh -c test -f /tmp/ready|294b5c2a6ea8538cb70336da0ce8b6d0f9b1527f00cf8c890bad5957af4cd0d4|fleetly-founder-default-ord1-base.1.7mt9lzqfpukj5au1v1daz2zhb
1790514880454310432|container|exec_start: /bin/sh -c test -f /tmp/ready|294b5c2a6ea8538cb70336da0ce8b6d0f9b1527f00cf8c890bad5957af4cd0d4|fleetly-founder-default-ord1-base.1.7mt9lzqfpukj5au1v1daz2zhb
1790514880478226042|container|exec_die|294b5c2a6ea8538cb70336da0ce8b6d0f9b1527f00cf8c890bad5957af4cd0d4|fleetly-founder-default-ord1-base.1.7mt9lzqfpukj5au1v1daz2zhb
1790514880638339409|image|pull|traefik:v3.5|traefik
1790514880775129757|container|create|10f729bd3ecbe5d3b5bdca74a1a044b77292be9a58bfadfded0ed1001b265a80|fleetly-ingress.z2gwuj5qk2dmubnl69q06q3qc.x8xfprupx3rld4okk2mvocb92
1790514880932338455|container|exec_create: /bin/sh -c test -f /tmp/ready|3276846192cc59d8f25d723ddb2affeb78e70e15a6818489b5b137b962905638|fleetly-founder-default-ord1-mid.1.kkt4ias5124ugxs39vcdigyf9
1790514880932427429|container|exec_start: /bin/sh -c test -f /tmp/ready|3276846192cc59d8f25d723ddb2affeb78e70e15a6818489b5b137b962905638|fleetly-founder-default-ord1-mid.1.kkt4ias5124ugxs39vcdigyf9
1790514880943129974|network|connect|e67f7d6802e847667fd4b4bc48897626f401224d4a1779a06afaf912ea6926fc|bridge
1790514880957461102|container|exec_die|3276846192cc59d8f25d723ddb2affeb78e70e15a6818489b5b137b962905638|fleetly-founder-default-ord1-mid.1.kkt4ias5124ugxs39vcdigyf9
1790514880965197781|container|start|10f729bd3ecbe5d3b5bdca74a1a044b77292be9a58bfadfded0ed1001b265a80|fleetly-ingress.z2gwuj5qk2dmubnl69q06q3qc.x8xfprupx3rld4okk2mvocb92
1790514881226541563|container|exec_create: /bin/sh -c test -f /tmp/ready|2c7e77cd64c4c3a267b991cf7444fff6aa42ec5e3e46d68fc590dbb324a07173|fleetly-founder-default-ord1-leaf.1.udtpu6pim4po9wq2ja077v8y1
1790514881226603414|container|exec_start: /bin/sh -c test -f /tmp/ready|2c7e77cd64c4c3a267b991cf7444fff6aa42ec5e3e46d68fc590dbb324a07173|fleetly-founder-default-ord1-leaf.1.udtpu6pim4po9wq2ja077v8y1
1790514881251322469|container|exec_die|2c7e77cd64c4c3a267b991cf7444fff6aa42ec5e3e46d68fc590dbb324a07173|fleetly-founder-default-ord1-leaf.1.udtpu6pim4po9wq2ja077v8y1
1790514881478939542|container|exec_create: /bin/sh -c test -f /tmp/ready|294b5c2a6ea8538cb70336da0ce8b6d0f9b1527f00cf8c890bad5957af4cd0d4|fleetly-founder-default-ord1-base.1.7mt9lzqfpukj5au1v1daz2zhb
1790514881479007680|container|exec_start: /bin/sh -c test -f /tmp/ready|294b5c2a6ea8538cb70336da0ce8b6d0f9b1527f00cf8c890bad5957af4cd0d4|fleetly-founder-default-ord1-base.1.7mt9lzqfpukj5au1v1daz2zhb
1790514881503312556|container|exec_die|294b5c2a6ea8538cb70336da0ce8b6d0f9b1527f00cf8c890bad5957af4cd0d4|fleetly-founder-default-ord1-base.1.7mt9lzqfpukj5au1v1daz2zhb
1790514881958772091|container|exec_create: /bin/sh -c test -f /tmp/ready|3276846192cc59d8f25d723ddb2affeb78e70e15a6818489b5b137b962905638|fleetly-founder-default-ord1-mid.1.kkt4ias5124ugxs39vcdigyf9
1790514881958879278|container|exec_start: /bin/sh -c test -f /tmp/ready|3276846192cc59d8f25d723ddb2affeb78e70e15a6818489b5b137b962905638|fleetly-founder-default-ord1-mid.1.kkt4ias5124ugxs39vcdigyf9
1790514881983293697|container|exec_die|3276846192cc59d8f25d723ddb2affeb78e70e15a6818489b5b137b962905638|fleetly-founder-default-ord1-mid.1.kkt4ias5124ugxs39vcdigyf9
1790514882252069119|container|exec_create: /bin/sh -c test -f /tmp/ready|2c7e77cd64c4c3a267b991cf7444fff6aa42ec5e3e46d68fc590dbb324a07173|fleetly-founder-default-ord1-leaf.1.udtpu6pim4po9wq2ja077v8y1
1790514882252169111|container|exec_start: /bin/sh -c test -f /tmp/ready|2c7e77cd64c4c3a267b991cf7444fff6aa42ec5e3e46d68fc590dbb324a07173|fleetly-founder-default-ord1-leaf.1.udtpu6pim4po9wq2ja077v8y1
1790514882276577829|container|exec_die|2c7e77cd64c4c3a267b991cf7444fff6aa42ec5e3e46d68fc590dbb324a07173|fleetly-founder-default-ord1-leaf.1.udtpu6pim4po9wq2ja077v8y1
1790514882504045028|container|exec_create: /bin/sh -c test -f /tmp/ready|294b5c2a6ea8538cb70336da0ce8b6d0f9b1527f00cf8c890bad5957af4cd0d4|fleetly-founder-default-ord1-base.1.7mt9lzqfpukj5au1v1daz2zhb
1790514882504178125|container|exec_start: /bin/sh -c test -f /tmp/ready|294b5c2a6ea8538cb70336da0ce8b6d0f9b1527f00cf8c890bad5957af4cd0d4|fleetly-founder-default-ord1-base.1.7mt9lzqfpukj5au1v1daz2zhb
1790514882528333523|container|exec_die|294b5c2a6ea8538cb70336da0ce8b6d0f9b1527f00cf8c890bad5957af4cd0d4|fleetly-founder-default-ord1-base.1.7mt9lzqfpukj5au1v1daz2zhb
1790514882984109830|container|exec_create: /bin/sh -c test -f /tmp/ready|3276846192cc59d8f25d723ddb2affeb78e70e15a6818489b5b137b962905638|fleetly-founder-default-ord1-mid.1.kkt4ias5124ugxs39vcdigyf9
1790514882984232509|container|exec_start: /bin/sh -c test -f /tmp/ready|3276846192cc59d8f25d723ddb2affeb78e70e15a6818489b5b137b962905638|fleetly-founder-default-ord1-mid.1.kkt4ias5124ugxs39vcdigyf9
1790514883009657638|container|exec_die|3276846192cc59d8f25d723ddb2affeb78e70e15a6818489b5b137b962905638|fleetly-founder-default-ord1-mid.1.kkt4ias5124ugxs39vcdigyf9
1790514883277593751|container|exec_create: /bin/sh -c test -f /tmp/ready|2c7e77cd64c4c3a267b991cf7444fff6aa42ec5e3e46d68fc590dbb324a07173|fleetly-founder-default-ord1-leaf.1.udtpu6pim4po9wq2ja077v8y1
1790514883277727982|container|exec_start: /bin/sh -c test -f /tmp/ready|2c7e77cd64c4c3a267b991cf7444fff6aa42ec5e3e46d68fc590dbb324a07173|fleetly-founder-default-ord1-leaf.1.udtpu6pim4po9wq2ja077v8y1
1790514883302559405|container|exec_die|2c7e77cd64c4c3a267b991cf7444fff6aa42ec5e3e46d68fc590dbb324a07173|fleetly-founder-default-ord1-leaf.1.udtpu6pim4po9wq2ja077v8y1
1790514883529305108|container|exec_create: /bin/sh -c test -f /tmp/ready|294b5c2a6ea8538cb70336da0ce8b6d0f9b1527f00cf8c890bad5957af4cd0d4|fleetly-founder-default-ord1-base.1.7mt9lzqfpukj5au1v1daz2zhb
1790514883529389469|container|exec_start: /bin/sh -c test -f /tmp/ready|294b5c2a6ea8538cb70336da0ce8b6d0f9b1527f00cf8c890bad5957af4cd0d4|fleetly-founder-default-ord1-base.1.7mt9lzqfpukj5au1v1daz2zhb
1790514883554328204|container|exec_die|294b5c2a6ea8538cb70336da0ce8b6d0f9b1527f00cf8c890bad5957af4cd0d4|fleetly-founder-default-ord1-base.1.7mt9lzqfpukj5au1v1daz2zhb
1790514884010487902|container|exec_create: /bin/sh -c test -f /tmp/ready|3276846192cc59d8f25d723ddb2affeb78e70e15a6818489b5b137b962905638|fleetly-founder-default-ord1-mid.1.kkt4ias5124ugxs39vcdigyf9
1790514884010601875|container|exec_start: /bin/sh -c test -f /tmp/ready|3276846192cc59d8f25d723ddb2affeb78e70e15a6818489b5b137b962905638|fleetly-founder-default-ord1-mid.1.kkt4ias5124ugxs39vcdigyf9
1790514884036411821|container|exec_die|3276846192cc59d8f25d723ddb2affeb78e70e15a6818489b5b137b962905638|fleetly-founder-default-ord1-mid.1.kkt4ias5124ugxs39vcdigyf9
1790514884303624477|container|exec_create: /bin/sh -c test -f /tmp/ready|2c7e77cd64c4c3a267b991cf7444fff6aa42ec5e3e46d68fc590dbb324a07173|fleetly-founder-default-ord1-leaf.1.udtpu6pim4po9wq2ja077v8y1
1790514884303791844|container|exec_start: /bin/sh -c test -f /tmp/ready|2c7e77cd64c4c3a267b991cf7444fff6aa42ec5e3e46d68fc590dbb324a07173|fleetly-founder-default-ord1-leaf.1.udtpu6pim4po9wq2ja077v8y1
1790514884329602657|container|exec_die|2c7e77cd64c4c3a267b991cf7444fff6aa42ec5e3e46d68fc590dbb324a07173|fleetly-founder-default-ord1-leaf.1.udtpu6pim4po9wq2ja077v8y1
1790514884555622912|container|exec_create: /bin/sh -c test -f /tmp/ready|294b5c2a6ea8538cb70336da0ce8b6d0f9b1527f00cf8c890bad5957af4cd0d4|fleetly-founder-default-ord1-base.1.7mt9lzqfpukj5au1v1daz2zhb
1790514884555715957|container|exec_start: /bin/sh -c test -f /tmp/ready|294b5c2a6ea8538cb70336da0ce8b6d0f9b1527f00cf8c890bad5957af4cd0d4|fleetly-founder-default-ord1-base.1.7mt9lzqfpukj5au1v1daz2zhb
1790514884580377537|container|exec_die|294b5c2a6ea8538cb70336da0ce8b6d0f9b1527f00cf8c890bad5957af4cd0d4|fleetly-founder-default-ord1-base.1.7mt9lzqfpukj5au1v1daz2zhb
1790514885037778202|container|exec_create: /bin/sh -c test -f /tmp/ready|3276846192cc59d8f25d723ddb2affeb78e70e15a6818489b5b137b962905638|fleetly-founder-default-ord1-mid.1.kkt4ias5124ugxs39vcdigyf9
1790514885037866024|container|exec_start: /bin/sh -c test -f /tmp/ready|3276846192cc59d8f25d723ddb2affeb78e70e15a6818489b5b137b962905638|fleetly-founder-default-ord1-mid.1.kkt4ias5124ugxs39vcdigyf9
1790514885062516846|container|exec_die|3276846192cc59d8f25d723ddb2affeb78e70e15a6818489b5b137b962905638|fleetly-founder-default-ord1-mid.1.kkt4ias5124ugxs39vcdigyf9
1790514885330074738|container|exec_create: /bin/sh -c test -f /tmp/ready|2c7e77cd64c4c3a267b991cf7444fff6aa42ec5e3e46d68fc590dbb324a07173|fleetly-founder-default-ord1-leaf.1.udtpu6pim4po9wq2ja077v8y1
1790514885330177833|container|exec_start: /bin/sh -c test -f /tmp/ready|2c7e77cd64c4c3a267b991cf7444fff6aa42ec5e3e46d68fc590dbb324a07173|fleetly-founder-default-ord1-leaf.1.udtpu6pim4po9wq2ja077v8y1
1790514885356616517|container|exec_die|2c7e77cd64c4c3a267b991cf7444fff6aa42ec5e3e46d68fc590dbb324a07173|fleetly-founder-default-ord1-leaf.1.udtpu6pim4po9wq2ja077v8y1
1790514885581690889|container|exec_create: /bin/sh -c test -f /tmp/ready|294b5c2a6ea8538cb70336da0ce8b6d0f9b1527f00cf8c890bad5957af4cd0d4|fleetly-founder-default-ord1-base.1.7mt9lzqfpukj5au1v1daz2zhb
1790514885581794014|container|exec_start: /bin/sh -c test -f /tmp/ready|294b5c2a6ea8538cb70336da0ce8b6d0f9b1527f00cf8c890bad5957af4cd0d4|fleetly-founder-default-ord1-base.1.7mt9lzqfpukj5au1v1daz2zhb
1790514885606472810|container|exec_die|294b5c2a6ea8538cb70336da0ce8b6d0f9b1527f00cf8c890bad5957af4cd0d4|fleetly-founder-default-ord1-base.1.7mt9lzqfpukj5au1v1daz2zhb
1790514885809382774|container|exec_create: traefik healthcheck --ping|10f729bd3ecbe5d3b5bdca74a1a044b77292be9a58bfadfded0ed1001b265a80|fleetly-ingress.z2gwuj5qk2dmubnl69q06q3qc.x8xfprupx3rld4okk2mvocb92
1790514885809527141|container|exec_start: traefik healthcheck --ping|10f729bd3ecbe5d3b5bdca74a1a044b77292be9a58bfadfded0ed1001b265a80|fleetly-ingress.z2gwuj5qk2dmubnl69q06q3qc.x8xfprupx3rld4okk2mvocb92
1790514885846425843|container|exec_die|10f729bd3ecbe5d3b5bdca74a1a044b77292be9a58bfadfded0ed1001b265a80|fleetly-ingress.z2gwuj5qk2dmubnl69q06q3qc.x8xfprupx3rld4okk2mvocb92
1790514885846693804|container|health_status: healthy|10f729bd3ecbe5d3b5bdca74a1a044b77292be9a58bfadfded0ed1001b265a80|fleetly-ingress.z2gwuj5qk2dmubnl69q06q3qc.x8xfprupx3rld4okk2mvocb92
1790514886063376470|container|exec_create: /bin/sh -c test -f /tmp/ready|3276846192cc59d8f25d723ddb2affeb78e70e15a6818489b5b137b962905638|fleetly-founder-default-ord1-mid.1.kkt4ias5124ugxs39vcdigyf9
1790514886063459947|container|exec_start: /bin/sh -c test -f /tmp/ready|3276846192cc59d8f25d723ddb2affeb78e70e15a6818489b5b137b962905638|fleetly-founder-default-ord1-mid.1.kkt4ias5124ugxs39vcdigyf9
1790514886087750862|container|exec_die|3276846192cc59d8f25d723ddb2affeb78e70e15a6818489b5b137b962905638|fleetly-founder-default-ord1-mid.1.kkt4ias5124ugxs39vcdigyf9
1790514886358041885|container|exec_create: /bin/sh -c test -f /tmp/ready|2c7e77cd64c4c3a267b991cf7444fff6aa42ec5e3e46d68fc590dbb324a07173|fleetly-founder-default-ord1-leaf.1.udtpu6pim4po9wq2ja077v8y1
1790514886358155367|container|exec_start: /bin/sh -c test -f /tmp/ready|2c7e77cd64c4c3a267b991cf7444fff6aa42ec5e3e46d68fc590dbb324a07173|fleetly-founder-default-ord1-leaf.1.udtpu6pim4po9wq2ja077v8y1
1790514886382733796|container|exec_die|2c7e77cd64c4c3a267b991cf7444fff6aa42ec5e3e46d68fc590dbb324a07173|fleetly-founder-default-ord1-leaf.1.udtpu6pim4po9wq2ja077v8y1
1790514886607748719|container|exec_create: /bin/sh -c test -f /tmp/ready|294b5c2a6ea8538cb70336da0ce8b6d0f9b1527f00cf8c890bad5957af4cd0d4|fleetly-founder-default-ord1-base.1.7mt9lzqfpukj5au1v1daz2zhb
1790514886607890337|container|exec_start: /bin/sh -c test -f /tmp/ready|294b5c2a6ea8538cb70336da0ce8b6d0f9b1527f00cf8c890bad5957af4cd0d4|fleetly-founder-default-ord1-base.1.7mt9lzqfpukj5au1v1daz2zhb
1790514886632574940|container|exec_die|294b5c2a6ea8538cb70336da0ce8b6d0f9b1527f00cf8c890bad5957af4cd0d4|fleetly-founder-default-ord1-base.1.7mt9lzqfpukj5au1v1daz2zhb
