{"level":"warn","ts":"2026-09-27T13:14:14.639Z","msg":"master key generated at /var/lib/fleetly/fleetly.key — store it safely and keep it separate from backups (platform env ciphertext cannot be decrypted if it is lost)","service.name":"fleetlyd","service.version":"v0.3.0-t20s4","service.id":"s4"}
{"level":"info","ts":"2026-09-27T13:14:14.645Z","msg":"bootstrap admin token generated and written to file (secret not printed; delete the file after the first successful login)","service.name":"fleetlyd","service.version":"v0.3.0-t20s4","path":"/var/lib/fleetly/bootstrap-token","service.id":"s4"}
{"level":"info","ts":"2026-09-27T13:14:14.648Z","msg":"initializing service","service.name":"fleetlyd","service.version":"v0.3.0-t20s4","service":"http","service.id":"s4"}
{"level":"info","ts":"2026-09-27T13:14:14.648Z","msg":"initialized service","service":"http","service.id":"s4","service.name":"fleetlyd","service.version":"v0.3.0-t20s4"}
{"level":"info","ts":"2026-09-27T13:14:14.648Z","msg":"initializing service","service.name":"fleetlyd","service.version":"v0.3.0-t20s4","service":"grpc","service.id":"s4"}
{"level":"info","ts":"2026-09-27T13:14:14.648Z","msg":"initialized service","service.version":"v0.3.0-t20s4","service":"grpc","service.id":"s4","service.name":"fleetlyd"}
{"level":"info","ts":"2026-09-27T13:14:14.648Z","msg":"initializing service","service.id":"s4","service.name":"fleetlyd","service.version":"v0.3.0-t20s4","service":"git.ssh"}
{"level":"info","ts":"2026-09-27T13:14:14.648Z","msg":"initialized service","service":"git.ssh","service.id":"s4","service.name":"fleetlyd","service.version":"v0.3.0-t20s4"}
{"level":"info","ts":"2026-09-27T13:14:14.648Z","msg":"initializing service","service.version":"v0.3.0-t20s4","service":"build.queue","service.id":"s4","service.name":"fleetlyd"}
{"level":"info","ts":"2026-09-27T13:14:14.648Z","msg":"initialized service","service.id":"s4","service.name":"fleetlyd","service.version":"v0.3.0-t20s4","service":"build.queue"}
{"level":"info","ts":"2026-09-27T13:14:14.648Z","msg":"initializing service","service.version":"v0.3.0-t20s4","service":"engine.release","service.id":"s4","service.name":"fleetlyd"}
{"level":"info","ts":"2026-09-27T13:14:14.648Z","msg":"initialized service","service.name":"fleetlyd","service.version":"v0.3.0-t20s4","service":"engine.release","service.id":"s4"}
{"level":"info","ts":"2026-09-27T13:14:14.648Z","msg":"initializing service","service.id":"s4","service.name":"fleetlyd","service.version":"v0.3.0-t20s4","service":"ingress.traefik"}
{"level":"info","ts":"2026-09-27T13:14:14.648Z","msg":"initialized service","service.id":"s4","service.name":"fleetlyd","service.version":"v0.3.0-t20s4","service":"ingress.traefik"}
{"level":"info","ts":"2026-09-27T13:14:14.648Z","msg":"initializing service","service.id":"s4","service.name":"fleetlyd","service.version":"v0.3.0-t20s4","service":"logs.collector"}
{"level":"info","ts":"2026-09-27T13:14:14.648Z","msg":"initialized service","service.version":"v0.3.0-t20s4","service":"logs.collector","service.id":"s4","service.name":"fleetlyd"}
{"level":"info","ts":"2026-09-27T13:14:14.648Z","msg":"initializing service","service.id":"s4","service.name":"fleetlyd","service.version":"v0.3.0-t20s4","service":"notify.webhook"}
{"level":"info","ts":"2026-09-27T13:14:14.648Z","msg":"initialized service","service.name":"fleetlyd","service.version":"v0.3.0-t20s4","service":"notify.webhook","service.id":"s4"}
{"level":"info","ts":"2026-09-27T13:14:14.648Z","msg":"initializing service","service.name":"fleetlyd","service.version":"v0.3.0-t20s4","service":"state.identity","service.id":"s4"}
{"level":"info","ts":"2026-09-27T13:14:14.648Z","msg":"platform node id created","service.id":"s4","service.name":"fleetlyd","service.version":"v0.3.0-t20s4","node_id":"n_01M3HG0YQRDKW2ANMV4QSEFYHH"}
{"level":"info","ts":"2026-09-27T13:14:14.648Z","msg":"initialized service","service":"state.identity","service.id":"s4","service.name":"fleetlyd","service.version":"v0.3.0-t20s4"}
{"level":"info","ts":"2026-09-27T13:14:14.648Z","msg":"initializing service","service.id":"s4","service.name":"fleetlyd","service.version":"v0.3.0-t20s4","service":"state.observer"}
{"level":"info","ts":"2026-09-27T13:14:14.648Z","msg":"initialized service","service.id":"s4","service.name":"fleetlyd","service.version":"v0.3.0-t20s4","service":"state.observer"}
{"level":"info","ts":"2026-09-27T13:14:14.648Z","msg":"initializing service","service.id":"s4","service.name":"fleetlyd","service.version":"v0.3.0-t20s4","service":"state.janitor"}
{"level":"info","ts":"2026-09-27T13:14:14.648Z","msg":"initialized service","service.id":"s4","service.name":"fleetlyd","service.version":"v0.3.0-t20s4","service":"state.janitor"}
{"level":"info","ts":"2026-09-27T13:14:14.648Z","msg":"initializing service","service.id":"s4","service.name":"fleetlyd","service.version":"v0.3.0-t20s4","service":"state.backup"}
{"level":"info","ts":"2026-09-27T13:14:14.648Z","msg":"initialized service","service.id":"s4","service.name":"fleetlyd","service.version":"v0.3.0-t20s4","service":"state.backup"}
{"level":"info","ts":"2026-09-27T13:14:14.648Z","msg":"initializing service","service.id":"s4","service.name":"fleetlyd","service.version":"v0.3.0-t20s4","service":"objectstore.rustfs"}
{"level":"info","ts":"2026-09-27T13:14:14.648Z","msg":"initialized service","service":"objectstore.rustfs","service.id":"s4","service.name":"fleetlyd","service.version":"v0.3.0-t20s4"}
{"level":"info","ts":"2026-09-27T13:14:14.648Z","msg":"initializing service","service.version":"v0.3.0-t20s4","service":"logs.victorialogs","service.id":"s4","service.name":"fleetlyd"}
{"level":"info","ts":"2026-09-27T13:14:14.648Z","msg":"initialized service","service.id":"s4","service.name":"fleetlyd","service.version":"v0.3.0-t20s4","service":"logs.victorialogs"}
{"level":"info","ts":"2026-09-27T13:14:14.648Z","msg":"initializing service","service.version":"v0.3.0-t20s4","service":"metrics.stack","service.id":"s4","service.name":"fleetlyd"}
{"level":"info","ts":"2026-09-27T13:14:14.648Z","msg":"initialized service","service":"metrics.stack","service.id":"s4","service.name":"fleetlyd","service.version":"v0.3.0-t20s4"}
{"level":"info","ts":"2026-09-27T13:14:14.648Z","msg":"initializing service","service":"database.converge","service.id":"s4","service.name":"fleetlyd","service.version":"v0.3.0-t20s4"}
{"level":"info","ts":"2026-09-27T13:14:14.648Z","msg":"initialized service","service.name":"fleetlyd","service.version":"v0.3.0-t20s4","service":"database.converge","service.id":"s4"}
{"level":"info","ts":"2026-09-27T13:14:14.648Z","msg":"initializing service","service.name":"fleetlyd","service.version":"v0.3.0-t20s4","service":"execrelay","service.id":"s4"}
{"level":"info","ts":"2026-09-27T13:14:14.648Z","msg":"initialized service","service.version":"v0.3.0-t20s4","service":"execrelay","service.id":"s4","service.name":"fleetlyd"}
{"level":"info","ts":"2026-09-27T13:14:14.648Z","msg":"initializing service","service.version":"v0.3.0-t20s4","service":"cron.schedule","service.id":"s4","service.name":"fleetlyd"}
{"level":"info","ts":"2026-09-27T13:14:14.648Z","msg":"initialized service","service.version":"v0.3.0-t20s4","service":"cron.schedule","service.id":"s4","service.name":"fleetlyd"}
{"level":"info","ts":"2026-09-27T13:14:14.648Z","msg":"initializing service","service.id":"s4","service.name":"fleetlyd","service.version":"v0.3.0-t20s4","service":"state.secrets"}
{"level":"info","ts":"2026-09-27T13:14:14.648Z","msg":"initialized service","service.name":"fleetlyd","service.version":"v0.3.0-t20s4","service":"state.secrets","service.id":"s4"}
{"level":"info","ts":"2026-09-27T13:14:14.648Z","msg":"initializing service","service.id":"s4","service.name":"fleetlyd","service.version":"v0.3.0-t20s4","service":"state.store"}
{"level":"info","ts":"2026-09-27T13:14:14.648Z","msg":"initialized service","service.version":"v0.3.0-t20s4","service":"state.store","service.id":"s4","service.name":"fleetlyd"}
{"level":"info","ts":"2026-09-27T13:14:14.648Z","msg":"starting","service.id":"s4","service.name":"fleetlyd","service.version":"v0.3.0-t20s4"}
{"level":"info","ts":"2026-09-27T13:14:14.649Z","msg":"run on-pre-start hooks","service.id":"s4","service.name":"fleetlyd","service.version":"v0.3.0-t20s4"}
{"level":"info","ts":"2026-09-27T13:14:14.649Z","msg":"fleetlyd starting","service.version":"v0.3.0-t20s4","service.id":"s4","service.name":"fleetlyd"}
{"level":"info","ts":"2026-09-27T13:14:14.649Z","msg":"starting service","service.version":"v0.3.0-t20s4","service":"http","service.id":"s4","service.name":"fleetlyd"}
{"level":"info","ts":"2026-09-27T13:14:14.649Z","msg":"starting service","service.version":"v0.3.0-t20s4","service":"state.janitor","service.id":"s4","service.name":"fleetlyd"}
{"level":"info","ts":"2026-09-27T13:14:14.649Z","msg":"starting service","service.id":"s4","service.name":"fleetlyd","service.version":"v0.3.0-t20s4","service":"state.secrets"}
{"level":"info","ts":"2026-09-27T13:14:14.649Z","msg":"starting service","service.id":"s4","service.name":"fleetlyd","service.version":"v0.3.0-t20s4","service":"database.converge"}
{"level":"info","ts":"2026-09-27T13:14:14.649Z","msg":"starting service","service.id":"s4","service.name":"fleetlyd","service.version":"v0.3.0-t20s4","service":"cron.schedule"}
{"level":"info","ts":"2026-09-27T13:14:14.649Z","msg":"starting service","service.version":"v0.3.0-t20s4","service":"state.identity","service.id":"s4","service.name":"fleetlyd"}
{"level":"info","ts":"2026-09-27T13:14:14.649Z","msg":"starting service","service.version":"v0.3.0-t20s4","service":"ingress.traefik","service.id":"s4","service.name":"fleetlyd"}
{"level":"info","ts":"2026-09-27T13:14:14.649Z","msg":"starting service","service.id":"s4","service.name":"fleetlyd","service.version":"v0.3.0-t20s4","service":"state.backup"}
{"level":"info","ts":"2026-09-27T13:14:14.649Z","msg":"starting service","service":"notify.webhook","service.id":"s4","service.name":"fleetlyd","service.version":"v0.3.0-t20s4"}
{"level":"info","ts":"2026-09-27T13:14:14.649Z","msg":"starting service","service.name":"fleetlyd","service.version":"v0.3.0-t20s4","service":"execrelay","service.id":"s4"}
{"level":"info","ts":"2026-09-27T13:14:14.649Z","msg":"starting service","service.id":"s4","service.name":"fleetlyd","service.version":"v0.3.0-t20s4","service":"state.observer"}
{"level":"info","ts":"2026-09-27T13:14:14.649Z","msg":"starting service","service":"state.store","service.id":"s4","service.name":"fleetlyd","service.version":"v0.3.0-t20s4"}
{"level":"info","ts":"2026-09-27T13:14:14.649Z","msg":"starting service","service.name":"fleetlyd","service.version":"v0.3.0-t20s4","service":"git.ssh","service.id":"s4"}
{"level":"info","ts":"2026-09-27T13:14:14.649Z","msg":"gitserver: ssh git endpoint disabled (git.enabled=false)","service.id":"s4","service.name":"fleetlyd","service.version":"v0.3.0-t20s4"}
{"level":"info","ts":"2026-09-27T13:14:14.649Z","msg":"starting service","service.name":"fleetlyd","service.version":"v0.3.0-t20s4","service":"build.queue","service.id":"s4"}
{"level":"info","ts":"2026-09-27T13:14:14.649Z","msg":"starting service","service":"grpc","service.id":"s4","service.name":"fleetlyd","service.version":"v0.3.0-t20s4"}
{"level":"info","ts":"2026-09-27T13:14:14.649Z","msg":"starting service","service.version":"v0.3.0-t20s4","service":"engine.release","service.id":"s4","service.name":"fleetlyd"}
{"level":"info","ts":"2026-09-27T13:14:14.649Z","msg":"starting service","service":"metrics.stack","service.id":"s4","service.name":"fleetlyd","service.version":"v0.3.0-t20s4"}
{"level":"info","ts":"2026-09-27T13:14:14.649Z","msg":"starting service","service.name":"fleetlyd","service.version":"v0.3.0-t20s4","service":"logs.collector","service.id":"s4"}
{"level":"info","ts":"2026-09-27T13:14:14.649Z","msg":"starting service","service":"objectstore.rustfs","service.id":"s4","service.name":"fleetlyd","service.version":"v0.3.0-t20s4"}
{"level":"info","ts":"2026-09-27T13:14:14.649Z","msg":"starting service","service.id":"s4","service.name":"fleetlyd","service.version":"v0.3.0-t20s4","service":"logs.victorialogs"}
{"level":"info","ts":"2026-09-27T13:14:14.651Z","msg":"starting HTTP server, listening on [::]:8420","logger":"http-requestlog","service.id":"s4","service.name":"fleetlyd","service.version":"v0.3.0-t20s4"}
{"level":"info","ts":"2026-09-27T13:14:14.651Z","msg":"ingress: config endpoint listening","service.id":"s4","service.name":"fleetlyd","service.version":"v0.3.0-t20s4","addr":"[::]:8422"}
{"level":"info","ts":"2026-09-27T13:14:14.651Z","msg":"starting gRPC server, listening on 127.0.0.1:8421","service.id":"s4","service.name":"fleetlyd","service.version":"v0.3.0-t20s4"}
{"level":"info","ts":"2026-09-27T13:14:14.652Z","msg":"notify: delivery cursor initialized to the current max event seq (no historical replay)","service.version":"v0.3.0-t20s4","max_seq":0,"service.id":"s4","service.name":"fleetlyd"}
{"level":"info","ts":"2026-09-27T13:14:14.673Z","msg":"backup: verified snapshot recorded","service.version":"v0.3.0-t20s4","id":"01M3HG0YQS6HK4804PBM3YH8M1","kind":"daily","size_bytes":552960,"sha256":"c9d80bc58c1c","schema_version":25,"service.id":"s4","service.name":"fleetlyd"}
{"level":"info","ts":"2026-09-27T13:14:14.673Z","msg":"backup: upload skipped (s3.mode=unset; upload track off)","id":"01M3HG0YQS6HK4804PBM3YH8M1","service.id":"s4","service.name":"fleetlyd","service.version":"v0.3.0-t20s4"}
{"level":"info","ts":"2026-09-27T13:14:14.700Z","msg":"rustfs: quiesced (s3.mode != rustfs; no managed deployment owed)","service.version":"v0.3.0-t20s4","service.id":"s4","service.name":"fleetlyd"}
{"level":"info","ts":"2026-09-27T13:14:14.702Z","msg":"metrics: quiesced (metrics.mode != on; no managed deployment owed)","service.id":"s4","service.name":"fleetlyd","service.version":"v0.3.0-t20s4"}
{"level":"info","ts":"2026-09-27T13:14:14.708Z","msg":"execrelay: cluster token provisioned (48B, stored as a swarm secret; the control plane keeps only its sha256 hash)","service.name":"fleetlyd","service.version":"v0.3.0-t20s4","service.id":"s4"}
{"level":"info","ts":"2026-09-27T13:14:14.714Z","msg":"platform node id anchored to swarm node","service.name":"fleetlyd","service.version":"v0.3.0-t20s4","node_id":"n_01M3HG0YQRDKW2ANMV4QSEFYHH","swarm_node_id":"z2gwuj5qk2dmubnl69q06q3qc","service.id":"s4"}
{"level":"info","ts":"2026-09-27T13:14:14.717Z","msg":"ingress: traefik service created","service.name":"fleetlyd","service.version":"v0.3.0-t20s4","image":"traefik:v3.5","http_port":80,"https_port":443,"provider_endpoint":"http://10.242.0.10:8422","service.id":"s4"}
{"level":"info","ts":"2026-09-27T13:14:14.725Z","msg":"execrelay: service created","service.name":"fleetlyd","service.version":"v0.3.0-t20s4","service":"fleetly-exec","image":"ghcr.io/fleetlyrun/fleetly-exec:v0.2.0-exec.1@sha256:4de40017c620b55b76048c3369f64b3a747c875a4f7bf21ac8c6f88bc4b0793b","control_addr":"10.242.0.10:8420","tls":"ws (plaintext; control_plane.tls is off/manual)","service.id":"s4"}
{"level":"info","ts":"2026-09-27T13:14:14.725Z","msg":"execrelay: converged (managed exec relay deployed; global host-network task per node, reverse-dialing the control plane)","service.name":"fleetlyd","service.version":"v0.3.0-t20s4","service":"fleetly-exec","service.id":"s4"}
{"level":"info","ts":"2026-09-27T13:14:14.727Z","msg":"victorialogs: service created","service.name":"fleetlyd","service.version":"v0.3.0-t20s4","service":"fleetly-victorialogs","image":"victoriametrics/victoria-logs:v1.52.0@sha256:47b820890d64c4575a2a0a46415dcd8a4fd59a0f1fcd6a377693d7aea639442e","listen":"-httpListenAddr=127.0.0.1:9428","constraint":"node.labels.fleetly.node-id == n_01M3HG0YQRDKW2ANMV4QSEFYHH","service.id":"s4"}
{"level":"info","ts":"2026-09-27T13:14:14.727Z","msg":"victorialogs: converged (managed VictoriaLogs deployed; loopback-only host publish, the data volume persists across backend switch)","service.id":"s4","service.name":"fleetlyd","service.version":"v0.3.0-t20s4","service":"fleetly-victorialogs","volume":"fleetly-victorialogs-data"}
{"level":"info","ts":"2026-09-27T13:14:15.834Z","msg":"gRPC request","service.id":"s4","service.name":"fleetlyd","service.version":"v0.3.0-t20s4","method":"/fleetly.server.v1.AuthService/Register"}
{"level":"info","ts":"2026-09-27T13:14:15.966Z","msg":"gRPC request completed","method":"/fleetly.server.v1.AuthService/Register","duration":0.131752341,"service.id":"s4","service.name":"fleetlyd","service.version":"v0.3.0-t20s4"}
{"level":"info","ts":"2026-09-27T13:14:16.228Z","msg":"gRPC request","service.version":"v0.3.0-t20s4","method":"/fleetly.server.v1.TokensService/CreateToken","service.id":"s4","service.name":"fleetlyd"}
{"level":"info","ts":"2026-09-27T13:14:16.231Z","msg":"gRPC request completed","service.id":"s4","service.name":"fleetlyd","service.version":"v0.3.0-t20s4","method":"/fleetly.server.v1.TokensService/CreateToken","duration":0.002214433}
{"level":"info","ts":"2026-09-27T13:14:17.638Z","msg":"gRPC request","service.id":"s4","service.name":"fleetlyd","service.version":"v0.3.0-t20s4","method":"/fleetly.server.v1.DeploymentsService/Deploy"}
{"level":"info","ts":"2026-09-27T13:14:17.656Z","msg":"gRPC request completed","service.id":"s4","service.name":"fleetlyd","service.version":"v0.3.0-t20s4","method":"/fleetly.server.v1.DeploymentsService/Deploy","duration":0.017871444}
{"level":"info","ts":"2026-09-27T13:14:17.657Z","msg":"gRPC request","service.name":"fleetlyd","service.version":"v0.3.0-t20s4","method":"/fleetly.server.v1.DeploymentsService/GetDeployment","service.id":"s4"}
{"level":"info","ts":"2026-09-27T13:14:17.658Z","msg":"gRPC request completed","service.id":"s4","service.name":"fleetlyd","service.version":"v0.3.0-t20s4","method":"/fleetly.server.v1.DeploymentsService/GetDeployment","duration":0.000360206}
{"level":"info","ts":"2026-09-27T13:14:18.658Z","msg":"gRPC request","service.id":"s4","service.name":"fleetlyd","service.version":"v0.3.0-t20s4","method":"/fleetly.server.v1.DeploymentsService/GetDeployment"}
{"level":"info","ts":"2026-09-27T13:14:18.659Z","msg":"gRPC request completed","service.id":"s4","service.name":"fleetlyd","service.version":"v0.3.0-t20s4","method":"/fleetly.server.v1.DeploymentsService/GetDeployment","duration":0.000328102}
{"level":"info","ts":"2026-09-27T13:14:19.659Z","msg":"gRPC request","service.name":"fleetlyd","service.version":"v0.3.0-t20s4","method":"/fleetly.server.v1.DeploymentsService/GetDeployment","service.id":"s4"}
{"level":"info","ts":"2026-09-27T13:14:19.660Z","msg":"gRPC request completed","service.id":"s4","service.name":"fleetlyd","service.version":"v0.3.0-t20s4","method":"/fleetly.server.v1.DeploymentsService/GetDeployment","duration":0.000244906}
{"level":"warn","ts":"2026-09-27T13:14:20.641Z","msg":"execrelay: relay connection rejected","service.id":"s4","service.name":"fleetlyd","service.version":"v0.3.0-t20s4","error":{"error":"execrelay: no running relay task matches hostname \"s4\" (membership discovery)","kind":"*errors.errorString","stack":null}}
{"level":"info","ts":"2026-09-27T13:14:20.660Z","msg":"gRPC request","service.version":"v0.3.0-t20s4","method":"/fleetly.server.v1.DeploymentsService/GetDeployment","service.id":"s4","service.name":"fleetlyd"}
{"level":"info","ts":"2026-09-27T13:14:20.660Z","msg":"gRPC request completed","service.version":"v0.3.0-t20s4","method":"/fleetly.server.v1.DeploymentsService/GetDeployment","duration":0.000279384,"service.id":"s4","service.name":"fleetlyd"}
{"level":"info","ts":"2026-09-27T13:14:21.644Z","msg":"execrelay: relay registered","hostname":"s4","replaced":false,"service.id":"s4","service.name":"fleetlyd","service.version":"v0.3.0-t20s4","node":"z2gwuj5qk2dmubnl69q06q3qc"}
{"level":"info","ts":"2026-09-27T13:14:21.661Z","msg":"gRPC request","service.version":"v0.3.0-t20s4","method":"/fleetly.server.v1.DeploymentsService/GetDeployment","service.id":"s4","service.name":"fleetlyd"}
{"level":"info","ts":"2026-09-27T13:14:21.661Z","msg":"gRPC request completed","service.id":"s4","service.name":"fleetlyd","service.version":"v0.3.0-t20s4","method":"/fleetly.server.v1.DeploymentsService/GetDeployment","duration":0.000258008}
{"level":"warn","ts":"2026-09-27T13:14:22.649Z","msg":"logs: ingest to the log backend degraded (streak entered; live tail unaffected)","service.id":"s4","service.name":"fleetlyd","service.version":"v0.3.0-t20s4","error":"victorialogs: bulk ingest: Post \"http://127.0.0.1:9428/insert/elasticsearch/_bulk?_stream_fields=app%2Cservice%2Csource\": dial tcp 127.0.0.1:9428: connect: connection refused"}
{"level":"info","ts":"2026-09-27T13:14:22.660Z","msg":"gRPC request","service.id":"s4","service.name":"fleetlyd","service.version":"v0.3.0-t20s4","method":"/fleetly.server.v1.DeploymentsService/GetDeployment"}
{"level":"info","ts":"2026-09-27T13:14:22.661Z","msg":"gRPC request completed","method":"/fleetly.server.v1.DeploymentsService/GetDeployment","duration":0.000307334,"service.id":"s4","service.name":"fleetlyd","service.version":"v0.3.0-t20s4"}
{"level":"info","ts":"2026-09-27T13:14:23.661Z","msg":"gRPC request","service.name":"fleetlyd","service.version":"v0.3.0-t20s4","method":"/fleetly.server.v1.DeploymentsService/GetDeployment","service.id":"s4"}
{"level":"info","ts":"2026-09-27T13:14:23.662Z","msg":"gRPC request completed","service.name":"fleetlyd","service.version":"v0.3.0-t20s4","method":"/fleetly.server.v1.DeploymentsService/GetDeployment","duration":0.000302225,"service.id":"s4"}
{"level":"info","ts":"2026-09-27T13:14:24.662Z","msg":"gRPC request","service.name":"fleetlyd","service.version":"v0.3.0-t20s4","method":"/fleetly.server.v1.DeploymentsService/GetDeployment","service.id":"s4"}
{"level":"info","ts":"2026-09-27T13:14:24.663Z","msg":"gRPC request completed","service.version":"v0.3.0-t20s4","method":"/fleetly.server.v1.DeploymentsService/GetDeployment","duration":0.000267933,"service.id":"s4","service.name":"fleetlyd"}
{"level":"info","ts":"2026-09-27T13:14:25.663Z","msg":"gRPC request","service.name":"fleetlyd","service.version":"v0.3.0-t20s4","method":"/fleetly.server.v1.DeploymentsService/GetDeployment","service.id":"s4"}
{"level":"info","ts":"2026-09-27T13:14:25.664Z","msg":"gRPC request completed","service.version":"v0.3.0-t20s4","method":"/fleetly.server.v1.DeploymentsService/GetDeployment","duration":0.000286224,"service.id":"s4","service.name":"fleetlyd"}
{"level":"info","ts":"2026-09-27T13:14:26.664Z","msg":"gRPC request","service.id":"s4","service.name":"fleetlyd","service.version":"v0.3.0-t20s4","method":"/fleetly.server.v1.DeploymentsService/GetDeployment"}
{"level":"info","ts":"2026-09-27T13:14:26.664Z","msg":"gRPC request completed","service.version":"v0.3.0-t20s4","method":"/fleetly.server.v1.DeploymentsService/GetDeployment","duration":0.000284254,"service.id":"s4","service.name":"fleetlyd"}
{"level":"info","ts":"2026-09-27T13:14:27.665Z","msg":"gRPC request","service.id":"s4","service.name":"fleetlyd","service.version":"v0.3.0-t20s4","method":"/fleetly.server.v1.DeploymentsService/GetDeployment"}
{"level":"info","ts":"2026-09-27T13:14:27.666Z","msg":"gRPC request completed","service.name":"fleetlyd","service.version":"v0.3.0-t20s4","method":"/fleetly.server.v1.DeploymentsService/GetDeployment","duration":0.000317792,"service.id":"s4"}
{"level":"info","ts":"2026-09-27T13:14:28.666Z","msg":"gRPC request","service.id":"s4","service.name":"fleetlyd","service.version":"v0.3.0-t20s4","method":"/fleetly.server.v1.DeploymentsService/GetDeployment"}
{"level":"info","ts":"2026-09-27T13:14:28.667Z","msg":"gRPC request completed","method":"/fleetly.server.v1.DeploymentsService/GetDeployment","duration":0.000274764,"service.id":"s4","service.name":"fleetlyd","service.version":"v0.3.0-t20s4"}
{"level":"info","ts":"2026-09-27T13:14:29.667Z","msg":"gRPC request","service.name":"fleetlyd","service.version":"v0.3.0-t20s4","method":"/fleetly.server.v1.DeploymentsService/GetDeployment","service.id":"s4"}
{"level":"info","ts":"2026-09-27T13:14:29.668Z","msg":"gRPC request completed","method":"/fleetly.server.v1.DeploymentsService/GetDeployment","duration":0.000381219,"service.id":"s4","service.name":"fleetlyd","service.version":"v0.3.0-t20s4"}
{"level":"info","ts":"2026-09-27T13:14:30.668Z","msg":"gRPC request","method":"/fleetly.server.v1.DeploymentsService/GetDeployment","service.id":"s4","service.name":"fleetlyd","service.version":"v0.3.0-t20s4"}
{"level":"info","ts":"2026-09-27T13:14:30.669Z","msg":"gRPC request completed","method":"/fleetly.server.v1.DeploymentsService/GetDeployment","duration":0.000433891,"service.id":"s4","service.name":"fleetlyd","service.version":"v0.3.0-t20s4"}
{"level":"info","ts":"2026-09-27T13:14:31.670Z","msg":"gRPC request","method":"/fleetly.server.v1.DeploymentsService/GetDeployment","service.id":"s4","service.name":"fleetlyd","service.version":"v0.3.0-t20s4"}
{"level":"info","ts":"2026-09-27T13:14:31.670Z","msg":"gRPC request completed","method":"/fleetly.server.v1.DeploymentsService/GetDeployment","duration":0.00055119,"service.id":"s4","service.name":"fleetlyd","service.version":"v0.3.0-t20s4"}
{"level":"warn","ts":"2026-09-27T13:14:32.387Z","msg":"buildkitd probe not ready, waiting","service.version":"v0.3.0-t20s4","error":"build: probe buildkit at docker-container://fleetly-buildkit: failed to call info: Unavailable: connection error: desc = \"error reading server preface: command [docker exec -i fleetly-buildkit buildctl dial-stdio] has exited with exit status 1, make sure the URL is valid, and Docker 18.09 or later is installed on the remote host: stderr=error: dial unix /run/buildkit/buildkitd.sock: connect: no such file or directory\\n\"","service.id":"s4","service.name":"fleetlyd"}
{"level":"info","ts":"2026-09-27T13:14:32.671Z","msg":"gRPC request","method":"/fleetly.server.v1.DeploymentsService/GetDeployment","service.id":"s4","service.name":"fleetlyd","service.version":"v0.3.0-t20s4"}
{"level":"info","ts":"2026-09-27T13:14:32.671Z","msg":"gRPC request completed","method":"/fleetly.server.v1.DeploymentsService/GetDeployment","duration":0.000285881,"service.id":"s4","service.name":"fleetlyd","service.version":"v0.3.0-t20s4"}
{"level":"info","ts":"2026-09-27T13:14:33.672Z","msg":"gRPC request","service.id":"s4","service.name":"fleetlyd","service.version":"v0.3.0-t20s4","method":"/fleetly.server.v1.DeploymentsService/GetDeployment"}
{"level":"info","ts":"2026-09-27T13:14:33.672Z","msg":"gRPC request completed","service.id":"s4","service.name":"fleetlyd","service.version":"v0.3.0-t20s4","method":"/fleetly.server.v1.DeploymentsService/GetDeployment","duration":0.000306491}
{"level":"info","ts":"2026-09-27T13:14:34.673Z","msg":"gRPC request","service.version":"v0.3.0-t20s4","method":"/fleetly.server.v1.DeploymentsService/GetDeployment","service.id":"s4","service.name":"fleetlyd"}
{"level":"info","ts":"2026-09-27T13:14:34.673Z","msg":"gRPC request completed","service.version":"v0.3.0-t20s4","method":"/fleetly.server.v1.DeploymentsService/GetDeployment","duration":0.000291733,"service.id":"s4","service.name":"fleetlyd"}
{"level":"info","ts":"2026-09-27T13:14:35.674Z","msg":"gRPC request","service.name":"fleetlyd","service.version":"v0.3.0-t20s4","method":"/fleetly.server.v1.DeploymentsService/GetDeployment","service.id":"s4"}
{"level":"info","ts":"2026-09-27T13:14:35.675Z","msg":"gRPC request completed","service.version":"v0.3.0-t20s4","method":"/fleetly.server.v1.DeploymentsService/GetDeployment","duration":0.000334537,"service.id":"s4","service.name":"fleetlyd"}
{"level":"info","ts":"2026-09-27T13:14:36.675Z","msg":"gRPC request","method":"/fleetly.server.v1.DeploymentsService/GetDeployment","service.id":"s4","service.name":"fleetlyd","service.version":"v0.3.0-t20s4"}
{"level":"info","ts":"2026-09-27T13:14:36.675Z","msg":"gRPC request completed","service.version":"v0.3.0-t20s4","method":"/fleetly.server.v1.DeploymentsService/GetDeployment","duration":0.000256381,"service.id":"s4","service.name":"fleetlyd"}
{"level":"info","ts":"2026-09-27T13:14:37.676Z","msg":"gRPC request","service.name":"fleetlyd","service.version":"v0.3.0-t20s4","method":"/fleetly.server.v1.DeploymentsService/GetDeployment","service.id":"s4"}
{"level":"info","ts":"2026-09-27T13:14:37.676Z","msg":"gRPC request completed","service.name":"fleetlyd","service.version":"v0.3.0-t20s4","method":"/fleetly.server.v1.DeploymentsService/GetDeployment","duration":0.00028198,"service.id":"s4"}
{"level":"info","ts":"2026-09-27T13:14:38.677Z","msg":"gRPC request","service.id":"s4","service.name":"fleetlyd","service.version":"v0.3.0-t20s4","method":"/fleetly.server.v1.DeploymentsService/GetDeployment"}
{"level":"info","ts":"2026-09-27T13:14:38.677Z","msg":"gRPC request completed","service.id":"s4","service.name":"fleetlyd","service.version":"v0.3.0-t20s4","method":"/fleetly.server.v1.DeploymentsService/GetDeployment","duration":0.000296239}
{"level":"info","ts":"2026-09-27T13:14:39.678Z","msg":"gRPC request","service.id":"s4","service.name":"fleetlyd","service.version":"v0.3.0-t20s4","method":"/fleetly.server.v1.DeploymentsService/GetDeployment"}
{"level":"info","ts":"2026-09-27T13:14:39.679Z","msg":"gRPC request completed","service.version":"v0.3.0-t20s4","method":"/fleetly.server.v1.DeploymentsService/GetDeployment","duration":0.000283892,"service.id":"s4","service.name":"fleetlyd"}
{"level":"info","ts":"2026-09-27T13:14:40.679Z","msg":"gRPC request","service.id":"s4","service.name":"fleetlyd","service.version":"v0.3.0-t20s4","method":"/fleetly.server.v1.DeploymentsService/GetDeployment"}
{"level":"info","ts":"2026-09-27T13:14:40.679Z","msg":"gRPC request completed","service.id":"s4","service.name":"fleetlyd","service.version":"v0.3.0-t20s4","method":"/fleetly.server.v1.DeploymentsService/GetDeployment","duration":0.00026903}
{"level":"info","ts":"2026-09-27T13:14:40.734Z","msg":"logs: ingest to the log backend recovered (streak exited)","service.id":"s4","service.name":"fleetlyd","service.version":"v0.3.0-t20s4"}
{"level":"info","ts":"2026-09-27T13:14:41.680Z","msg":"gRPC request","service.version":"v0.3.0-t20s4","method":"/fleetly.server.v1.DeploymentsService/GetDeployment","service.id":"s4","service.name":"fleetlyd"}
{"level":"info","ts":"2026-09-27T13:14:41.680Z","msg":"gRPC request completed","service.name":"fleetlyd","service.version":"v0.3.0-t20s4","method":"/fleetly.server.v1.DeploymentsService/GetDeployment","duration":0.000270345,"service.id":"s4"}
{"level":"info","ts":"2026-09-27T13:14:42.681Z","msg":"gRPC request","service.name":"fleetlyd","service.version":"v0.3.0-t20s4","method":"/fleetly.server.v1.DeploymentsService/GetDeployment","service.id":"s4"}
{"level":"info","ts":"2026-09-27T13:14:42.681Z","msg":"gRPC request completed","service.id":"s4","service.name":"fleetlyd","service.version":"v0.3.0-t20s4","method":"/fleetly.server.v1.DeploymentsService/GetDeployment","duration":0.000294984}
{"level":"info","ts":"2026-09-27T13:14:43.682Z","msg":"gRPC request","method":"/fleetly.server.v1.DeploymentsService/GetDeployment","service.id":"s4","service.name":"fleetlyd","service.version":"v0.3.0-t20s4"}
{"level":"info","ts":"2026-09-27T13:14:43.682Z","msg":"gRPC request completed","service.id":"s4","service.name":"fleetlyd","service.version":"v0.3.0-t20s4","method":"/fleetly.server.v1.DeploymentsService/GetDeployment","duration":0.000285104}
{"level":"info","ts":"2026-09-27T13:14:43.729Z","msg":"backup: verified snapshot recorded","service.id":"s4","service.name":"fleetlyd","service.version":"v0.3.0-t20s4","id":"01M3HG1V40KWDRD4XZKWJJHWW6","kind":"post_deploy","size_bytes":552960,"sha256":"59ad16dc9a59","schema_version":25}
{"level":"info","ts":"2026-09-27T13:14:43.729Z","msg":"backup: upload skipped (s3.mode=unset; upload track off)","id":"01M3HG1V40KWDRD4XZKWJJHWW6","service.id":"s4","service.name":"fleetlyd","service.version":"v0.3.0-t20s4"}
{"level":"info","ts":"2026-09-27T13:14:44.683Z","msg":"gRPC request","service.name":"fleetlyd","service.version":"v0.3.0-t20s4","method":"/fleetly.server.v1.DeploymentsService/GetDeployment","service.id":"s4"}
{"level":"info","ts":"2026-09-27T13:14:44.683Z","msg":"gRPC request completed","duration":0.000349947,"service.id":"s4","service.name":"fleetlyd","service.version":"v0.3.0-t20s4","method":"/fleetly.server.v1.DeploymentsService/GetDeployment"}
{"level":"info","ts":"2026-09-27T13:14:44.683Z","msg":"gRPC request","service.name":"fleetlyd","service.version":"v0.3.0-t20s4","method":"/fleetly.server.v1.AppsService/GetApp","service.id":"s4"}
{"level":"info","ts":"2026-09-27T13:14:44.684Z","msg":"gRPC request completed","service.version":"v0.3.0-t20s4","method":"/fleetly.server.v1.AppsService/GetApp","duration":0.000619485,"service.id":"s4","service.name":"fleetlyd"}
{"level":"info","ts":"2026-09-27T13:14:46.924Z","msg":"gRPC request","service.id":"s4","service.name":"fleetlyd","service.version":"v0.3.0-t20s4","method":"/fleetly.server.v1.AppsService/GetApp"}
{"level":"info","ts":"2026-09-27T13:14:46.925Z","msg":"gRPC request completed","method":"/fleetly.server.v1.AppsService/GetApp","duration":0.00051885,"service.id":"s4","service.name":"fleetlyd","service.version":"v0.3.0-t20s4"}
{"level":"info","ts":"2026-09-27T13:14:46.925Z","msg":"gRPC request","service.id":"s4","service.name":"fleetlyd","service.version":"v0.3.0-t20s4","method":"/fleetly.server.v1.DeploymentsService/ListDeployments"}
{"level":"info","ts":"2026-09-27T13:14:46.926Z","msg":"gRPC request completed","service.name":"fleetlyd","service.version":"v0.3.0-t20s4","method":"/fleetly.server.v1.DeploymentsService/ListDeployments","duration":0.000432232,"service.id":"s4"}
{"level":"info","ts":"2026-09-27T13:14:47.988Z","msg":"gRPC request","method":"/fleetly.server.v1.DeploymentsService/Deploy","service.id":"s4","service.name":"fleetlyd","service.version":"v0.3.0-t20s4"}
{"level":"info","ts":"2026-09-27T13:14:47.990Z","msg":"gRPC request completed","method":"/fleetly.server.v1.DeploymentsService/Deploy","duration":0.001609121,"service.id":"s4","service.name":"fleetlyd","service.version":"v0.3.0-t20s4"}
{"level":"info","ts":"2026-09-27T13:14:47.990Z","msg":"gRPC request","service.id":"s4","service.name":"fleetlyd","service.version":"v0.3.0-t20s4","method":"/fleetly.server.v1.DeploymentsService/GetDeployment"}
{"level":"info","ts":"2026-09-27T13:14:47.991Z","msg":"gRPC request completed","service.name":"fleetlyd","service.version":"v0.3.0-t20s4","method":"/fleetly.server.v1.DeploymentsService/GetDeployment","duration":0.000232111,"service.id":"s4"}
{"level":"info","ts":"2026-09-27T13:14:48.991Z","msg":"gRPC request","method":"/fleetly.server.v1.DeploymentsService/GetDeployment","service.id":"s4","service.name":"fleetlyd","service.version":"v0.3.0-t20s4"}
{"level":"info","ts":"2026-09-27T13:14:48.991Z","msg":"gRPC request completed","service.id":"s4","service.name":"fleetlyd","service.version":"v0.3.0-t20s4","method":"/fleetly.server.v1.DeploymentsService/GetDeployment","duration":0.000292627}
{"level":"info","ts":"2026-09-27T13:14:49.992Z","msg":"gRPC request","service.version":"v0.3.0-t20s4","method":"/fleetly.server.v1.DeploymentsService/GetDeployment","service.id":"s4","service.name":"fleetlyd"}
{"level":"info","ts":"2026-09-27T13:14:49.992Z","msg":"gRPC request completed","duration":0.00031385,"service.id":"s4","service.name":"fleetlyd","service.version":"v0.3.0-t20s4","method":"/fleetly.server.v1.DeploymentsService/GetDeployment"}
{"level":"info","ts":"2026-09-27T13:14:50.993Z","msg":"gRPC request","service.id":"s4","service.name":"fleetlyd","service.version":"v0.3.0-t20s4","method":"/fleetly.server.v1.DeploymentsService/GetDeployment"}
{"level":"info","ts":"2026-09-27T13:14:50.993Z","msg":"gRPC request completed","method":"/fleetly.server.v1.DeploymentsService/GetDeployment","duration":0.000312809,"service.id":"s4","service.name":"fleetlyd","service.version":"v0.3.0-t20s4"}
{"level":"info","ts":"2026-09-27T13:14:51.994Z","msg":"gRPC request","service.id":"s4","service.name":"fleetlyd","service.version":"v0.3.0-t20s4","method":"/fleetly.server.v1.DeploymentsService/GetDeployment"}
{"level":"info","ts":"2026-09-27T13:14:51.994Z","msg":"gRPC request completed","service.name":"fleetlyd","service.version":"v0.3.0-t20s4","method":"/fleetly.server.v1.DeploymentsService/GetDeployment","duration":0.000342316,"service.id":"s4"}
{"level":"info","ts":"2026-09-27T13:14:52.993Z","msg":"gRPC request","service.name":"fleetlyd","service.version":"v0.3.0-t20s4","method":"/fleetly.server.v1.DeploymentsService/GetDeployment","service.id":"s4"}
{"level":"info","ts":"2026-09-27T13:14:52.994Z","msg":"gRPC request completed","service.id":"s4","service.name":"fleetlyd","service.version":"v0.3.0-t20s4","method":"/fleetly.server.v1.DeploymentsService/GetDeployment","duration":0.000307173}
{"level":"info","ts":"2026-09-27T13:14:53.994Z","msg":"gRPC request","service.id":"s4","service.name":"fleetlyd","service.version":"v0.3.0-t20s4","method":"/fleetly.server.v1.DeploymentsService/GetDeployment"}
{"level":"info","ts":"2026-09-27T13:14:53.995Z","msg":"gRPC request completed","service.name":"fleetlyd","service.version":"v0.3.0-t20s4","method":"/fleetly.server.v1.DeploymentsService/GetDeployment","duration":0.000293982,"service.id":"s4"}
{"level":"info","ts":"2026-09-27T13:14:54.995Z","msg":"gRPC request","service.id":"s4","service.name":"fleetlyd","service.version":"v0.3.0-t20s4","method":"/fleetly.server.v1.DeploymentsService/GetDeployment"}
{"level":"info","ts":"2026-09-27T13:14:54.996Z","msg":"gRPC request completed","service.name":"fleetlyd","service.version":"v0.3.0-t20s4","method":"/fleetly.server.v1.DeploymentsService/GetDeployment","duration":0.000343516,"service.id":"s4"}
{"level":"info","ts":"2026-09-27T13:14:55.996Z","msg":"gRPC request","service.name":"fleetlyd","service.version":"v0.3.0-t20s4","method":"/fleetly.server.v1.DeploymentsService/GetDeployment","service.id":"s4"}
{"level":"info","ts":"2026-09-27T13:14:55.996Z","msg":"gRPC request completed","service.id":"s4","service.name":"fleetlyd","service.version":"v0.3.0-t20s4","method":"/fleetly.server.v1.DeploymentsService/GetDeployment","duration":0.000279547}
{"level":"info","ts":"2026-09-27T13:14:56.997Z","msg":"gRPC request","service.name":"fleetlyd","service.version":"v0.3.0-t20s4","method":"/fleetly.server.v1.DeploymentsService/GetDeployment","service.id":"s4"}
{"level":"info","ts":"2026-09-27T13:14:56.997Z","msg":"gRPC request completed","service.name":"fleetlyd","service.version":"v0.3.0-t20s4","method":"/fleetly.server.v1.DeploymentsService/GetDeployment","duration":0.000275007,"service.id":"s4"}
{"level":"info","ts":"2026-09-27T13:14:57.998Z","msg":"gRPC request","service.name":"fleetlyd","service.version":"v0.3.0-t20s4","method":"/fleetly.server.v1.DeploymentsService/GetDeployment","service.id":"s4"}
{"level":"info","ts":"2026-09-27T13:14:57.998Z","msg":"gRPC request completed","service.id":"s4","service.name":"fleetlyd","service.version":"v0.3.0-t20s4","method":"/fleetly.server.v1.DeploymentsService/GetDeployment","duration":0.000311856}
{"level":"info","ts":"2026-09-27T13:14:58.999Z","msg":"gRPC request","service.id":"s4","service.name":"fleetlyd","service.version":"v0.3.0-t20s4","method":"/fleetly.server.v1.DeploymentsService/GetDeployment"}
{"level":"info","ts":"2026-09-27T13:14:58.999Z","msg":"gRPC request completed","service.id":"s4","service.name":"fleetlyd","service.version":"v0.3.0-t20s4","method":"/fleetly.server.v1.DeploymentsService/GetDeployment","duration":0.000296388}
{"level":"info","ts":"2026-09-27T13:15:00.000Z","msg":"gRPC request","service.version":"v0.3.0-t20s4","method":"/fleetly.server.v1.DeploymentsService/GetDeployment","service.id":"s4","service.name":"fleetlyd"}
{"level":"info","ts":"2026-09-27T13:15:00.000Z","msg":"gRPC request completed","service.id":"s4","service.name":"fleetlyd","service.version":"v0.3.0-t20s4","method":"/fleetly.server.v1.DeploymentsService/GetDeployment","duration":0.000286623}
{"level":"info","ts":"2026-09-27T13:15:01.001Z","msg":"gRPC request","service.id":"s4","service.name":"fleetlyd","service.version":"v0.3.0-t20s4","method":"/fleetly.server.v1.DeploymentsService/GetDeployment"}
{"level":"info","ts":"2026-09-27T13:15:01.001Z","msg":"gRPC request completed","service.name":"fleetlyd","service.version":"v0.3.0-t20s4","method":"/fleetly.server.v1.DeploymentsService/GetDeployment","duration":0.00026666,"service.id":"s4"}
{"level":"info","ts":"2026-09-27T13:15:02.002Z","msg":"gRPC request","service.id":"s4","service.name":"fleetlyd","service.version":"v0.3.0-t20s4","method":"/fleetly.server.v1.DeploymentsService/GetDeployment"}
{"level":"info","ts":"2026-09-27T13:15:02.002Z","msg":"gRPC request completed","service.id":"s4","service.name":"fleetlyd","service.version":"v0.3.0-t20s4","method":"/fleetly.server.v1.DeploymentsService/GetDeployment","duration":0.00028137}
{"level":"info","ts":"2026-09-27T13:15:03.003Z","msg":"gRPC request","service.version":"v0.3.0-t20s4","method":"/fleetly.server.v1.DeploymentsService/GetDeployment","service.id":"s4","service.name":"fleetlyd"}
{"level":"info","ts":"2026-09-27T13:15:03.003Z","msg":"gRPC request completed","service.version":"v0.3.0-t20s4","method":"/fleetly.server.v1.DeploymentsService/GetDeployment","duration":0.000289305,"service.id":"s4","service.name":"fleetlyd"}
{"level":"info","ts":"2026-09-27T13:15:04.003Z","msg":"gRPC request","method":"/fleetly.server.v1.DeploymentsService/GetDeployment","service.id":"s4","service.name":"fleetlyd","service.version":"v0.3.0-t20s4"}
{"level":"info","ts":"2026-09-27T13:15:04.004Z","msg":"gRPC request completed","method":"/fleetly.server.v1.DeploymentsService/GetDeployment","duration":0.000318148,"service.id":"s4","service.name":"fleetlyd","service.version":"v0.3.0-t20s4"}
{"level":"info","ts":"2026-09-27T13:15:05.004Z","msg":"gRPC request","service.id":"s4","service.name":"fleetlyd","service.version":"v0.3.0-t20s4","method":"/fleetly.server.v1.DeploymentsService/GetDeployment"}
{"level":"info","ts":"2026-09-27T13:15:05.004Z","msg":"gRPC request completed","service.name":"fleetlyd","service.version":"v0.3.0-t20s4","method":"/fleetly.server.v1.DeploymentsService/GetDeployment","duration":0.000293078,"service.id":"s4"}
{"level":"info","ts":"2026-09-27T13:15:06.005Z","msg":"gRPC request","method":"/fleetly.server.v1.DeploymentsService/GetDeployment","service.id":"s4","service.name":"fleetlyd","service.version":"v0.3.0-t20s4"}
{"level":"info","ts":"2026-09-27T13:15:06.005Z","msg":"gRPC request completed","service.id":"s4","service.name":"fleetlyd","service.version":"v0.3.0-t20s4","method":"/fleetly.server.v1.DeploymentsService/GetDeployment","duration":0.000282738}
{"level":"info","ts":"2026-09-27T13:15:07.006Z","msg":"gRPC request","service.version":"v0.3.0-t20s4","method":"/fleetly.server.v1.DeploymentsService/GetDeployment","service.id":"s4","service.name":"fleetlyd"}
{"level":"info","ts":"2026-09-27T13:15:07.006Z","msg":"gRPC request completed","service.name":"fleetlyd","service.version":"v0.3.0-t20s4","method":"/fleetly.server.v1.DeploymentsService/GetDeployment","duration":0.00028774,"service.id":"s4"}
{"level":"info","ts":"2026-09-27T13:15:08.007Z","msg":"gRPC request","service.name":"fleetlyd","service.version":"v0.3.0-t20s4","method":"/fleetly.server.v1.DeploymentsService/GetDeployment","service.id":"s4"}
{"level":"info","ts":"2026-09-27T13:15:08.007Z","msg":"gRPC request completed","method":"/fleetly.server.v1.DeploymentsService/GetDeployment","duration":0.000271015,"service.id":"s4","service.name":"fleetlyd","service.version":"v0.3.0-t20s4"}
{"level":"info","ts":"2026-09-27T13:15:09.008Z","msg":"gRPC request","service.id":"s4","service.name":"fleetlyd","service.version":"v0.3.0-t20s4","method":"/fleetly.server.v1.DeploymentsService/GetDeployment"}
{"level":"info","ts":"2026-09-27T13:15:09.008Z","msg":"gRPC request completed","service.id":"s4","service.name":"fleetlyd","service.version":"v0.3.0-t20s4","method":"/fleetly.server.v1.DeploymentsService/GetDeployment","duration":0.000271995}
{"level":"info","ts":"2026-09-27T13:15:10.009Z","msg":"gRPC request","service.id":"s4","service.name":"fleetlyd","service.version":"v0.3.0-t20s4","method":"/fleetly.server.v1.DeploymentsService/GetDeployment"}
{"level":"info","ts":"2026-09-27T13:15:10.009Z","msg":"gRPC request completed","service.name":"fleetlyd","service.version":"v0.3.0-t20s4","method":"/fleetly.server.v1.DeploymentsService/GetDeployment","duration":0.000285235,"service.id":"s4"}
{"level":"info","ts":"2026-09-27T13:15:11.011Z","msg":"gRPC request","service.name":"fleetlyd","service.version":"v0.3.0-t20s4","method":"/fleetly.server.v1.DeploymentsService/GetDeployment","service.id":"s4"}
{"level":"info","ts":"2026-09-27T13:15:11.011Z","msg":"gRPC request completed","service.id":"s4","service.name":"fleetlyd","service.version":"v0.3.0-t20s4","method":"/fleetly.server.v1.DeploymentsService/GetDeployment","duration":0.000256836}
{"level":"info","ts":"2026-09-27T13:15:12.012Z","msg":"gRPC request","service.version":"v0.3.0-t20s4","method":"/fleetly.server.v1.DeploymentsService/GetDeployment","service.id":"s4","service.name":"fleetlyd"}
{"level":"info","ts":"2026-09-27T13:15:12.012Z","msg":"gRPC request completed","duration":0.000273385,"service.id":"s4","service.name":"fleetlyd","service.version":"v0.3.0-t20s4","method":"/fleetly.server.v1.DeploymentsService/GetDeployment"}
{"level":"info","ts":"2026-09-27T13:15:13.012Z","msg":"gRPC request","method":"/fleetly.server.v1.DeploymentsService/GetDeployment","service.id":"s4","service.name":"fleetlyd","service.version":"v0.3.0-t20s4"}
{"level":"info","ts":"2026-09-27T13:15:13.013Z","msg":"gRPC request completed","service.id":"s4","service.name":"fleetlyd","service.version":"v0.3.0-t20s4","method":"/fleetly.server.v1.DeploymentsService/GetDeployment","duration":0.000272824}
{"level":"info","ts":"2026-09-27T13:15:14.013Z","msg":"gRPC request","method":"/fleetly.server.v1.DeploymentsService/GetDeployment","service.id":"s4","service.name":"fleetlyd","service.version":"v0.3.0-t20s4"}
{"level":"info","ts":"2026-09-27T13:15:14.014Z","msg":"gRPC request completed","service.id":"s4","service.name":"fleetlyd","service.version":"v0.3.0-t20s4","method":"/fleetly.server.v1.DeploymentsService/GetDeployment","duration":0.000300462}
{"level":"info","ts":"2026-09-27T13:15:15.014Z","msg":"gRPC request","service.id":"s4","service.name":"fleetlyd","service.version":"v0.3.0-t20s4","method":"/fleetly.server.v1.DeploymentsService/GetDeployment"}
{"level":"info","ts":"2026-09-27T13:15:15.014Z","msg":"gRPC request completed","service.version":"v0.3.0-t20s4","method":"/fleetly.server.v1.DeploymentsService/GetDeployment","duration":0.00032961,"service.id":"s4","service.name":"fleetlyd"}
{"level":"info","ts":"2026-09-27T13:15:16.015Z","msg":"gRPC request","service.id":"s4","service.name":"fleetlyd","service.version":"v0.3.0-t20s4","method":"/fleetly.server.v1.DeploymentsService/GetDeployment"}
{"level":"info","ts":"2026-09-27T13:15:16.015Z","msg":"gRPC request completed","service.name":"fleetlyd","service.version":"v0.3.0-t20s4","method":"/fleetly.server.v1.DeploymentsService/GetDeployment","duration":0.000311944,"service.id":"s4"}
{"level":"info","ts":"2026-09-27T13:15:17.016Z","msg":"gRPC request","service.name":"fleetlyd","service.version":"v0.3.0-t20s4","method":"/fleetly.server.v1.DeploymentsService/GetDeployment","service.id":"s4"}
{"level":"info","ts":"2026-09-27T13:15:17.016Z","msg":"gRPC request completed","method":"/fleetly.server.v1.DeploymentsService/GetDeployment","duration":0.000349207,"service.id":"s4","service.name":"fleetlyd","service.version":"v0.3.0-t20s4"}
{"level":"info","ts":"2026-09-27T13:15:18.017Z","msg":"gRPC request","service.id":"s4","service.name":"fleetlyd","service.version":"v0.3.0-t20s4","method":"/fleetly.server.v1.DeploymentsService/GetDeployment"}
{"level":"info","ts":"2026-09-27T13:15:18.017Z","msg":"gRPC request completed","service.name":"fleetlyd","service.version":"v0.3.0-t20s4","method":"/fleetly.server.v1.DeploymentsService/GetDeployment","duration":0.000369152,"service.id":"s4"}
{"level":"info","ts":"2026-09-27T13:15:19.018Z","msg":"gRPC request","service.name":"fleetlyd","service.version":"v0.3.0-t20s4","method":"/fleetly.server.v1.DeploymentsService/GetDeployment","service.id":"s4"}
{"level":"info","ts":"2026-09-27T13:15:19.018Z","msg":"gRPC request completed","service.id":"s4","service.name":"fleetlyd","service.version":"v0.3.0-t20s4","method":"/fleetly.server.v1.DeploymentsService/GetDeployment","duration":0.000297001}
{"level":"info","ts":"2026-09-27T13:15:20.019Z","msg":"gRPC request","service.id":"s4","service.name":"fleetlyd","service.version":"v0.3.0-t20s4","method":"/fleetly.server.v1.DeploymentsService/GetDeployment"}
{"level":"info","ts":"2026-09-27T13:15:20.019Z","msg":"gRPC request completed","service.id":"s4","service.name":"fleetlyd","service.version":"v0.3.0-t20s4","method":"/fleetly.server.v1.DeploymentsService/GetDeployment","duration":0.000286599}
{"level":"info","ts":"2026-09-27T13:15:21.019Z","msg":"gRPC request","service.id":"s4","service.name":"fleetlyd","service.version":"v0.3.0-t20s4","method":"/fleetly.server.v1.DeploymentsService/GetDeployment"}
{"level":"info","ts":"2026-09-27T13:15:21.020Z","msg":"gRPC request completed","service.version":"v0.3.0-t20s4","method":"/fleetly.server.v1.DeploymentsService/GetDeployment","duration":0.00027718,"service.id":"s4","service.name":"fleetlyd"}
{"level":"info","ts":"2026-09-27T13:15:22.020Z","msg":"gRPC request","service.version":"v0.3.0-t20s4","method":"/fleetly.server.v1.DeploymentsService/GetDeployment","service.id":"s4","service.name":"fleetlyd"}
{"level":"info","ts":"2026-09-27T13:15:22.021Z","msg":"gRPC request completed","duration":0.000295781,"service.id":"s4","service.name":"fleetlyd","service.version":"v0.3.0-t20s4","method":"/fleetly.server.v1.DeploymentsService/GetDeployment"}
{"level":"info","ts":"2026-09-27T13:15:23.019Z","msg":"gRPC request","method":"/fleetly.server.v1.DeploymentsService/GetDeployment","service.id":"s4","service.name":"fleetlyd","service.version":"v0.3.0-t20s4"}
{"level":"info","ts":"2026-09-27T13:15:23.019Z","msg":"gRPC request completed","duration":0.00030673,"service.id":"s4","service.name":"fleetlyd","service.version":"v0.3.0-t20s4","method":"/fleetly.server.v1.DeploymentsService/GetDeployment"}
{"level":"info","ts":"2026-09-27T13:15:24.020Z","msg":"gRPC request","service.version":"v0.3.0-t20s4","method":"/fleetly.server.v1.DeploymentsService/GetDeployment","service.id":"s4","service.name":"fleetlyd"}
{"level":"info","ts":"2026-09-27T13:15:24.020Z","msg":"gRPC request completed","duration":0.000315015,"service.id":"s4","service.name":"fleetlyd","service.version":"v0.3.0-t20s4","method":"/fleetly.server.v1.DeploymentsService/GetDeployment"}
{"level":"info","ts":"2026-09-27T13:15:25.020Z","msg":"gRPC request","service.id":"s4","service.name":"fleetlyd","service.version":"v0.3.0-t20s4","method":"/fleetly.server.v1.DeploymentsService/GetDeployment"}
{"level":"info","ts":"2026-09-27T13:15:25.021Z","msg":"gRPC request completed","service.name":"fleetlyd","service.version":"v0.3.0-t20s4","method":"/fleetly.server.v1.DeploymentsService/GetDeployment","duration":0.000282643,"service.id":"s4"}
{"level":"info","ts":"2026-09-27T13:15:26.021Z","msg":"gRPC request","service.name":"fleetlyd","service.version":"v0.3.0-t20s4","method":"/fleetly.server.v1.DeploymentsService/GetDeployment","service.id":"s4"}
{"level":"info","ts":"2026-09-27T13:15:26.022Z","msg":"gRPC request completed","service.id":"s4","service.name":"fleetlyd","service.version":"v0.3.0-t20s4","method":"/fleetly.server.v1.DeploymentsService/GetDeployment","duration":0.000305288}
{"level":"info","ts":"2026-09-27T13:15:27.023Z","msg":"gRPC request","service.id":"s4","service.name":"fleetlyd","service.version":"v0.3.0-t20s4","method":"/fleetly.server.v1.DeploymentsService/GetDeployment"}
{"level":"info","ts":"2026-09-27T13:15:27.023Z","msg":"gRPC request completed","service.version":"v0.3.0-t20s4","method":"/fleetly.server.v1.DeploymentsService/GetDeployment","duration":0.000271828,"service.id":"s4","service.name":"fleetlyd"}
{"level":"info","ts":"2026-09-27T13:15:28.024Z","msg":"gRPC request","service.id":"s4","service.name":"fleetlyd","service.version":"v0.3.0-t20s4","method":"/fleetly.server.v1.DeploymentsService/GetDeployment"}
{"level":"info","ts":"2026-09-27T13:15:28.024Z","msg":"gRPC request completed","duration":0.000277569,"service.id":"s4","service.name":"fleetlyd","service.version":"v0.3.0-t20s4","method":"/fleetly.server.v1.DeploymentsService/GetDeployment"}
{"level":"info","ts":"2026-09-27T13:15:29.024Z","msg":"gRPC request","service.version":"v0.3.0-t20s4","method":"/fleetly.server.v1.DeploymentsService/GetDeployment","service.id":"s4","service.name":"fleetlyd"}
{"level":"info","ts":"2026-09-27T13:15:29.025Z","msg":"gRPC request completed","service.id":"s4","service.name":"fleetlyd","service.version":"v0.3.0-t20s4","method":"/fleetly.server.v1.DeploymentsService/GetDeployment","duration":0.000283719}
{"level":"info","ts":"2026-09-27T13:15:30.025Z","msg":"gRPC request","service.name":"fleetlyd","service.version":"v0.3.0-t20s4","method":"/fleetly.server.v1.DeploymentsService/GetDeployment","service.id":"s4"}
{"level":"info","ts":"2026-09-27T13:15:30.026Z","msg":"gRPC request completed","duration":0.000285693,"service.id":"s4","service.name":"fleetlyd","service.version":"v0.3.0-t20s4","method":"/fleetly.server.v1.DeploymentsService/GetDeployment"}
{"level":"info","ts":"2026-09-27T13:15:31.026Z","msg":"gRPC request","service.id":"s4","service.name":"fleetlyd","service.version":"v0.3.0-t20s4","method":"/fleetly.server.v1.DeploymentsService/GetDeployment"}
{"level":"info","ts":"2026-09-27T13:15:31.026Z","msg":"gRPC request completed","duration":0.000276614,"service.id":"s4","service.name":"fleetlyd","service.version":"v0.3.0-t20s4","method":"/fleetly.server.v1.DeploymentsService/GetDeployment"}
{"level":"info","ts":"2026-09-27T13:15:32.027Z","msg":"gRPC request","service.id":"s4","service.name":"fleetlyd","service.version":"v0.3.0-t20s4","method":"/fleetly.server.v1.DeploymentsService/GetDeployment"}
{"level":"info","ts":"2026-09-27T13:15:32.027Z","msg":"gRPC request completed","service.version":"v0.3.0-t20s4","method":"/fleetly.server.v1.DeploymentsService/GetDeployment","duration":0.000274503,"service.id":"s4","service.name":"fleetlyd"}
{"level":"info","ts":"2026-09-27T13:15:33.028Z","msg":"gRPC request","service.version":"v0.3.0-t20s4","method":"/fleetly.server.v1.DeploymentsService/GetDeployment","service.id":"s4","service.name":"fleetlyd"}
{"level":"info","ts":"2026-09-27T13:15:33.028Z","msg":"gRPC request completed","service.id":"s4","service.name":"fleetlyd","service.version":"v0.3.0-t20s4","method":"/fleetly.server.v1.DeploymentsService/GetDeployment","duration":0.000302696}
{"level":"info","ts":"2026-09-27T13:15:34.029Z","msg":"gRPC request","method":"/fleetly.server.v1.DeploymentsService/GetDeployment","service.id":"s4","service.name":"fleetlyd","service.version":"v0.3.0-t20s4"}
{"level":"info","ts":"2026-09-27T13:15:34.029Z","msg":"gRPC request completed","service.id":"s4","service.name":"fleetlyd","service.version":"v0.3.0-t20s4","method":"/fleetly.server.v1.DeploymentsService/GetDeployment","duration":0.000288476}
{"level":"info","ts":"2026-09-27T13:15:35.030Z","msg":"gRPC request","method":"/fleetly.server.v1.DeploymentsService/GetDeployment","service.id":"s4","service.name":"fleetlyd","service.version":"v0.3.0-t20s4"}
{"level":"info","ts":"2026-09-27T13:15:35.030Z","msg":"gRPC request completed","service.version":"v0.3.0-t20s4","method":"/fleetly.server.v1.DeploymentsService/GetDeployment","duration":0.000273606,"service.id":"s4","service.name":"fleetlyd"}
{"level":"info","ts":"2026-09-27T13:15:36.031Z","msg":"gRPC request","service.name":"fleetlyd","service.version":"v0.3.0-t20s4","method":"/fleetly.server.v1.DeploymentsService/GetDeployment","service.id":"s4"}
{"level":"info","ts":"2026-09-27T13:15:36.031Z","msg":"gRPC request completed","service.version":"v0.3.0-t20s4","method":"/fleetly.server.v1.DeploymentsService/GetDeployment","duration":0.000273807,"service.id":"s4","service.name":"fleetlyd"}
{"level":"info","ts":"2026-09-27T13:15:37.031Z","msg":"gRPC request","service.id":"s4","service.name":"fleetlyd","service.version":"v0.3.0-t20s4","method":"/fleetly.server.v1.DeploymentsService/GetDeployment"}
{"level":"info","ts":"2026-09-27T13:15:37.032Z","msg":"gRPC request completed","service.id":"s4","service.name":"fleetlyd","service.version":"v0.3.0-t20s4","method":"/fleetly.server.v1.DeploymentsService/GetDeployment","duration":0.000278465}
{"level":"info","ts":"2026-09-27T13:15:38.032Z","msg":"gRPC request","service.id":"s4","service.name":"fleetlyd","service.version":"v0.3.0-t20s4","method":"/fleetly.server.v1.DeploymentsService/GetDeployment"}
{"level":"info","ts":"2026-09-27T13:15:38.033Z","msg":"gRPC request completed","duration":0.000276069,"service.id":"s4","service.name":"fleetlyd","service.version":"v0.3.0-t20s4","method":"/fleetly.server.v1.DeploymentsService/GetDeployment"}
{"level":"info","ts":"2026-09-27T13:15:39.033Z","msg":"gRPC request","service.id":"s4","service.name":"fleetlyd","service.version":"v0.3.0-t20s4","method":"/fleetly.server.v1.DeploymentsService/GetDeployment"}
{"level":"info","ts":"2026-09-27T13:15:39.033Z","msg":"gRPC request completed","service.name":"fleetlyd","service.version":"v0.3.0-t20s4","method":"/fleetly.server.v1.DeploymentsService/GetDeployment","duration":0.000317744,"service.id":"s4"}
{"level":"info","ts":"2026-09-27T13:15:40.035Z","msg":"gRPC request","service.id":"s4","service.name":"fleetlyd","service.version":"v0.3.0-t20s4","method":"/fleetly.server.v1.DeploymentsService/GetDeployment"}
{"level":"info","ts":"2026-09-27T13:15:40.035Z","msg":"gRPC request completed","service.name":"fleetlyd","service.version":"v0.3.0-t20s4","method":"/fleetly.server.v1.DeploymentsService/GetDeployment","duration":0.000267963,"service.id":"s4"}
{"level":"info","ts":"2026-09-27T13:15:41.035Z","msg":"gRPC request","service.name":"fleetlyd","service.version":"v0.3.0-t20s4","method":"/fleetly.server.v1.DeploymentsService/GetDeployment","service.id":"s4"}
{"level":"info","ts":"2026-09-27T13:15:41.036Z","msg":"gRPC request completed","method":"/fleetly.server.v1.DeploymentsService/GetDeployment","duration":0.000276064,"service.id":"s4","service.name":"fleetlyd","service.version":"v0.3.0-t20s4"}
{"level":"info","ts":"2026-09-27T13:15:42.036Z","msg":"gRPC request","service.id":"s4","service.name":"fleetlyd","service.version":"v0.3.0-t20s4","method":"/fleetly.server.v1.DeploymentsService/GetDeployment"}
{"level":"info","ts":"2026-09-27T13:15:42.037Z","msg":"gRPC request completed","method":"/fleetly.server.v1.DeploymentsService/GetDeployment","duration":0.000272562,"service.id":"s4","service.name":"fleetlyd","service.version":"v0.3.0-t20s4"}
{"level":"info","ts":"2026-09-27T13:15:43.037Z","msg":"gRPC request","service.id":"s4","service.name":"fleetlyd","service.version":"v0.3.0-t20s4","method":"/fleetly.server.v1.DeploymentsService/GetDeployment"}
{"level":"info","ts":"2026-09-27T13:15:43.037Z","msg":"gRPC request completed","method":"/fleetly.server.v1.DeploymentsService/GetDeployment","duration":0.000298304,"service.id":"s4","service.name":"fleetlyd","service.version":"v0.3.0-t20s4"}
{"level":"info","ts":"2026-09-27T13:15:44.038Z","msg":"gRPC request","service.id":"s4","service.name":"fleetlyd","service.version":"v0.3.0-t20s4","method":"/fleetly.server.v1.DeploymentsService/GetDeployment"}
{"level":"info","ts":"2026-09-27T13:15:44.038Z","msg":"gRPC request completed","service.version":"v0.3.0-t20s4","method":"/fleetly.server.v1.DeploymentsService/GetDeployment","duration":0.000304374,"service.id":"s4","service.name":"fleetlyd"}
{"level":"info","ts":"2026-09-27T13:15:45.039Z","msg":"gRPC request","service.name":"fleetlyd","service.version":"v0.3.0-t20s4","method":"/fleetly.server.v1.DeploymentsService/GetDeployment","service.id":"s4"}
{"level":"info","ts":"2026-09-27T13:15:45.039Z","msg":"gRPC request completed","service.id":"s4","service.name":"fleetlyd","service.version":"v0.3.0-t20s4","method":"/fleetly.server.v1.DeploymentsService/GetDeployment","duration":0.000283047}
{"level":"info","ts":"2026-09-27T13:15:46.040Z","msg":"gRPC request","service.id":"s4","service.name":"fleetlyd","service.version":"v0.3.0-t20s4","method":"/fleetly.server.v1.DeploymentsService/GetDeployment"}
{"level":"info","ts":"2026-09-27T13:15:46.040Z","msg":"gRPC request completed","method":"/fleetly.server.v1.DeploymentsService/GetDeployment","duration":0.000278658,"service.id":"s4","service.name":"fleetlyd","service.version":"v0.3.0-t20s4"}
{"level":"info","ts":"2026-09-27T13:15:47.040Z","msg":"gRPC request","service.name":"fleetlyd","service.version":"v0.3.0-t20s4","method":"/fleetly.server.v1.DeploymentsService/GetDeployment","service.id":"s4"}
{"level":"info","ts":"2026-09-27T13:15:47.041Z","msg":"gRPC request completed","service.id":"s4","service.name":"fleetlyd","service.version":"v0.3.0-t20s4","method":"/fleetly.server.v1.DeploymentsService/GetDeployment","duration":0.000315027}
{"level":"info","ts":"2026-09-27T13:15:48.041Z","msg":"gRPC request","service.name":"fleetlyd","service.version":"v0.3.0-t20s4","method":"/fleetly.server.v1.DeploymentsService/GetDeployment","service.id":"s4"}
{"level":"info","ts":"2026-09-27T13:15:48.042Z","msg":"gRPC request completed","duration":0.000304094,"service.id":"s4","service.name":"fleetlyd","service.version":"v0.3.0-t20s4","method":"/fleetly.server.v1.DeploymentsService/GetDeployment"}
{"level":"info","ts":"2026-09-27T13:15:49.043Z","msg":"gRPC request","service.id":"s4","service.name":"fleetlyd","service.version":"v0.3.0-t20s4","method":"/fleetly.server.v1.DeploymentsService/GetDeployment"}
{"level":"info","ts":"2026-09-27T13:15:49.043Z","msg":"gRPC request completed","service.name":"fleetlyd","service.version":"v0.3.0-t20s4","method":"/fleetly.server.v1.DeploymentsService/GetDeployment","duration":0.000269536,"service.id":"s4"}
{"level":"info","ts":"2026-09-27T13:15:50.043Z","msg":"gRPC request","service.version":"v0.3.0-t20s4","method":"/fleetly.server.v1.DeploymentsService/GetDeployment","service.id":"s4","service.name":"fleetlyd"}
{"level":"info","ts":"2026-09-27T13:15:50.044Z","msg":"gRPC request completed","method":"/fleetly.server.v1.DeploymentsService/GetDeployment","duration":0.000326401,"service.id":"s4","service.name":"fleetlyd","service.version":"v0.3.0-t20s4"}
{"level":"info","ts":"2026-09-27T13:15:51.044Z","msg":"gRPC request","service.id":"s4","service.name":"fleetlyd","service.version":"v0.3.0-t20s4","method":"/fleetly.server.v1.DeploymentsService/GetDeployment"}
{"level":"info","ts":"2026-09-27T13:15:51.045Z","msg":"gRPC request completed","service.id":"s4","service.name":"fleetlyd","service.version":"v0.3.0-t20s4","method":"/fleetly.server.v1.DeploymentsService/GetDeployment","duration":0.00034222}
{"level":"info","ts":"2026-09-27T13:15:52.045Z","msg":"gRPC request","service.id":"s4","service.name":"fleetlyd","service.version":"v0.3.0-t20s4","method":"/fleetly.server.v1.DeploymentsService/GetDeployment"}
{"level":"info","ts":"2026-09-27T13:15:52.046Z","msg":"gRPC request completed","service.version":"v0.3.0-t20s4","method":"/fleetly.server.v1.DeploymentsService/GetDeployment","duration":0.000333206,"service.id":"s4","service.name":"fleetlyd"}
{"level":"info","ts":"2026-09-27T13:15:53.045Z","msg":"gRPC request","service.id":"s4","service.name":"fleetlyd","service.version":"v0.3.0-t20s4","method":"/fleetly.server.v1.DeploymentsService/GetDeployment"}
{"level":"info","ts":"2026-09-27T13:15:53.046Z","msg":"gRPC request completed","service.id":"s4","service.name":"fleetlyd","service.version":"v0.3.0-t20s4","method":"/fleetly.server.v1.DeploymentsService/GetDeployment","duration":0.000323399}
{"level":"info","ts":"2026-09-27T13:15:53.046Z","msg":"gRPC request","service.id":"s4","service.name":"fleetlyd","service.version":"v0.3.0-t20s4","method":"/fleetly.server.v1.AppsService/GetApp"}
{"level":"info","ts":"2026-09-27T13:15:53.047Z","msg":"gRPC request completed","service.id":"s4","service.name":"fleetlyd","service.version":"v0.3.0-t20s4","method":"/fleetly.server.v1.AppsService/GetApp","duration":0.000474465}
{"level":"info","ts":"2026-09-27T13:15:55.754Z","msg":"gRPC request","method":"/fleetly.server.v1.AppsService/GetApp","service.id":"s4","service.name":"fleetlyd","service.version":"v0.3.0-t20s4"}
{"level":"info","ts":"2026-09-27T13:15:55.755Z","msg":"gRPC request completed","service.id":"s4","service.name":"fleetlyd","service.version":"v0.3.0-t20s4","method":"/fleetly.server.v1.AppsService/GetApp","duration":0.000513378}
{"level":"info","ts":"2026-09-27T13:15:55.755Z","msg":"gRPC request","service.version":"v0.3.0-t20s4","method":"/fleetly.server.v1.DeploymentsService/ListDeployments","service.id":"s4","service.name":"fleetlyd"}
{"level":"info","ts":"2026-09-27T13:15:55.756Z","msg":"gRPC request completed","service.name":"fleetlyd","service.version":"v0.3.0-t20s4","method":"/fleetly.server.v1.DeploymentsService/ListDeployments","duration":0.000301194,"service.id":"s4"}
{"level":"info","ts":"2026-09-27T13:15:55.794Z","msg":"gRPC stream request","service.id":"s4","service.name":"fleetlyd","service.version":"v0.3.0-t20s4","method":"/fleetly.server.v1.EventsService/WatchEvents"}
{"level":"info","ts":"2026-09-27T13:15:58.787Z","msg":"gRPC stream request completed","service.id":"s4","service.name":"fleetlyd","service.version":"v0.3.0-t20s4","method":"/fleetly.server.v1.EventsService/WatchEvents","duration":2.993044693}
