=== S4.0 depends_on validate (current stance) ===
validate-rc=1
=== S4.1 ord1: dependency chain (parallel create + self-heal) ===
ord1 deploy-rc=0 rc-wall-ms=27
ord1 deployment: {
  "app": "ord1",
  "app_state": "running",
  "deployments": [
    {
      "id": "01M3HG11NQAK8Z7C2YEV45HRHY",
      "app": "ord1",
      "kind": "deploy",
      "status": "succeeded",
      "revision_id": "01M3HG1V3S5Y548EFENDBKMJCZ",
      "first_healthy_at": "2026-09-27T13:14:37Z",
      "created_at": "2026-09-27T13:14:17Z",
      "updated_at": "2026-09-27T13:14:43Z"
    }
  ]
}
ord1 service ps base:
ord1 service ps mid:
ord1 service ps leaf:
=== S4.2 ord2: permanently failing service (restart loop) ===
ord2 deploy-rc=1 rc-wall-ms=66
ord2 deployment: {
  "app": "ord2",
  "app_state": "degraded",
  "deployments": [
    {
      "id": "01M3HG1Z9N82Z0PHS05Y90PJAH",
      "app": "ord2",
      "kind": "deploy",
      "status": "failed",
      "first_healthy_at": "2026-09-27T13:15:46Z",
      "verdict": "unstable",
      "error_code": "E_OBSERVE_CRASH_LOOP",
      "created_at": "2026-09-27T13:14:47Z",
      "updated_at": "2026-09-27T13:15:52Z"
    }
  ]
}
ord2 service ls:
ord2 bad service ps (restart loop):
=== S4.3 event digest (deployment.*) ===
INNER_DONE
